Microsoft Windows [Version 10.0.26100.4652]
(c) Microsoft Corporation. All rights reserved.

C:\Windows\System32>wsl -help
Invalid command line argument: -help
Please use 'wsl.exe --help' to get a list of supported arguments.

C:\Windows\System32>wsl --help
Copyright (c) Microsoft Corporation. All rights reserved.
For privacy information about this product please visit https://aka.ms/privacy.

Usage: wsl.exe [Argument] [Options...] [CommandLine]

Arguments for running Linux binaries:

    If no command line is provided, wsl.exe launches the default shell.

    --exec, -e <CommandLine>
        Execute the specified command without using the default Linux shell.

    --shell-type <standard|login|none>
        Execute the specified command with the provided shell type.

    --
        Pass the remaining command line as-is.

Options:
    --cd <Directory>
        Sets the specified directory as the current working directory.
        If ~ is used the Linux user's home path will be used. If the path begins
        with a / character, it will be interpreted as an absolute Linux path.
        Otherwise, the value must be an absolute Windows path.

    --distribution, -d <DistroName>
        Run the specified distribution.

    --distribution-id <DistroGuid>
        Run the specified distribution ID.

    --user, -u <UserName>
        Run as the specified user.

    --system
        Launches a shell for the system distribution.

Arguments for managing Windows Subsystem for Linux:

    --help
        Display usage information.

    --debug-shell
        Open a WSL2 debug shell for diagnostics purposes.

    --install [Distro] [Options...]
        Install a Windows Subsystem for Linux distribution.
        For a list of valid distributions, use 'wsl.exe --list --online'.

        Options:
            --enable-wsl1
                Enable WSL1 support.

            --fixed-vhd
                Create a fixed-size disk to store the distribution.

            --from-file <Path>
                Install a distribution from a local file.

            --legacy
                Use the legacy distribution manifest.

            --location <Location>
                Set the install path for the distribution.

            --name <Name>
                Set the name of the distribution.

            --no-distribution
                Only install the required optional components, does not install a distribution.

            --no-launch, -n
                Do not launch the distribution after install.

            --version <Version>
                Specifies the version to use for the new distribution.

            --vhd-size <MemoryString>
                Specifies the size of the disk to store the distribution.

            --web-download
                Download the distribution from the internet instead of the Microsoft Store.

    --manage <Distro> <Options...>
        Changes distro specific options.

        Options:
            --move <Location>
                Move the distribution to a new location.

            --set-sparse, -s <true|false>
                Set the vhdx of distro to be sparse, allowing disk space to be automatically reclaimed.

            --set-default-user <Username>
                Set the default user of the distribution.

            --resize <MemoryString>
                Resize the disk of the distribution to the specified size.

    --mount <Disk>
        Attaches and mounts a physical or virtual disk in all WSL 2 distributions.

        Options:
            --vhd
                Specifies that <Disk> refers to a virtual hard disk.

            --bare
                Attach the disk to WSL2, but don't mount it.

            --name <Name>
                Mount the disk using a custom name for the mountpoint.

            --type <Type>
                Filesystem to use when mounting a disk, if not specified defaults to ext4.

            --options <Options>
                Additional mount options.

            --partition <Index>
                Index of the partition to mount, if not specified defaults to the whole disk.

    --set-default-version <Version>
        Changes the default install version for new distributions.

    --shutdown
        Immediately terminates all running distributions and the WSL 2
        lightweight utility virtual machine.

    --status
        Show the status of Windows Subsystem for Linux.

    --unmount [Disk]
        Unmounts and detaches a disk from all WSL2 distributions.
        Unmounts and detaches all disks if called without argument.

    --uninstall
        Uninstalls the Windows Subsystem for Linux package from this machine.

    --update
        Update the Windows Subsystem for Linux package.

        Options:
            --pre-release
                Download a pre-release version if available.

    --version, -v
        Display version information.

Arguments for managing distributions in Windows Subsystem for Linux:

    --export <Distro> <FileName> [Options]
        Exports the distribution to a tar file.
        The filename can be - for stdout.

        Options:
            --format <Format>
                Specifies the export format. Supported values: tar, tar.gz, tar.xz, vhd.

    --import <Distro> <InstallLocation> <FileName> [Options]
        Imports the specified tar file as a new distribution.
        The filename can be - for stdin.

        Options:
            --version <Version>
                Specifies the version to use for the new distribution.

            --vhd
                Specifies that the provided file is a .vhdx file, not a tar file.
                This operation makes a copy of the .vhdx file at the specified install location.

    --import-in-place <Distro> <FileName>
        Imports the specified .vhdx file as a new distribution.
        This virtual hard disk must be formatted with the ext4 filesystem type.

    --list, -l [Options]
        Lists distributions.

        Options:
            --all
                List all distributions, including distributions that are
                currently being installed or uninstalled.

            --running
                List only distributions that are currently running.

            --quiet, -q
                Only show distribution names.

            --verbose, -v
                Show detailed information about all distributions.

            --online, -o
                Displays a list of available distributions for install with 'wsl.exe --install'.

    --set-default, -s <Distro>
        Sets the distribution as the default.

    --set-version <Distro> <Version>
        Changes the version of the specified distribution.

    --terminate, -t <Distro>
        Terminates the specified distribution.

    --unregister <Distro>
        Unregisters the distribution and deletes the root filesystem.

C:\Windows\System32>wsl --list --online
The following is a list of valid distributions that can be installed.
Install using 'wsl.exe --install <Distro>'.

NAME                            FRIENDLY NAME
AlmaLinux-8                     AlmaLinux OS 8
AlmaLinux-9                     AlmaLinux OS 9
AlmaLinux-Kitten-10             AlmaLinux OS Kitten 10
AlmaLinux-10                    AlmaLinux OS 10
Debian                          Debian GNU/Linux
FedoraLinux-42                  Fedora Linux 42
SUSE-Linux-Enterprise-15-SP6    SUSE Linux Enterprise 15 SP6
SUSE-Linux-Enterprise-15-SP7    SUSE Linux Enterprise 15 SP7
Ubuntu                          Ubuntu
Ubuntu-24.04                    Ubuntu 24.04 LTS
archlinux                       Arch Linux
kali-linux                      Kali Linux Rolling
openSUSE-Tumbleweed             openSUSE Tumbleweed
openSUSE-Leap-15.6              openSUSE Leap 15.6
Ubuntu-18.04                    Ubuntu 18.04 LTS
Ubuntu-20.04                    Ubuntu 20.04 LTS
Ubuntu-22.04                    Ubuntu 22.04 LTS
OracleLinux_7_9                 Oracle Linux 7.9
OracleLinux_8_10                Oracle Linux 8.10
OracleLinux_9_5                 Oracle Linux 9.5

C:\Windows\System32>wsl --install -d Ubuntu-22.04
wsl: Using legacy distribution registration. Consider using a tar based distribution instead.
Downloading: Ubuntu 22.04 LTS
Ubuntu 22.04 LTS has been downloaded.
Distribution successfully installed. It can be launched via 'wsl.exe -d Ubuntu 22.04 LTS'
Launching Ubuntu 22.04 LTS...
Installing, this may take a few minutes...
Please create a default UNIX user account. The username does not need to match your Windows username.
For more information visit: https://aka.ms/wslusers
Enter new UNIX username: nahid
New password:nahidpw
Retype new password:nahidpw
passwd: password updated successfully
Installation successful!
To run a command as administrator (user "root"), use "sudo <command>".
See "man sudo_root" for details.

Welcome to Ubuntu 22.04.5 LTS (GNU/Linux 6.6.87.2-microsoft-standard-WSL2 x86_64)

 * Documentation:  https://help.ubuntu.com
 * Management:     https://landscape.canonical.com
 * Support:        https://ubuntu.com/pro

 System information as of Sat Jul 19 10:09:36 EDT 2025

  System load:  0.08                Processes:             78
  Usage of /:   0.1% of 1006.85GB   Users logged in:       0
  Memory usage: 3%                  IPv4 address for eth0: 172.20.232.68
  Swap usage:   0%


This message is shown once a day. To disable it please create the
/home/nahid/.hushlogin file.
nahid@Nice2behere:~$ pwd
/home/nahid
nahid@Nice2behere:~$ ls
nahid@Nice2behere:~$ mkdir petalinux
nahid@Nice2behere:~$ cd petalinux/
nahid@Nice2behere:~/petalinux$ ls
petalinux-v2024.2-11062026-installer.run  petalinux-v2024.2-11062026-installer.run:Zone.Identifier
nahid@Nice2behere:~/petalinux$ ls -l
total 3077756
-rw-r--r-- 1 nahid nahid 3151611514 Mar 14 07:04 petalinux-v2024.2-11062026-installer.run
-rw-r--r-- 1 nahid nahid        272 Mar 14 07:04 petalinux-v2024.2-11062026-installer.run:Zone.Identifier
nahid@Nice2behere:~/petalinux$ ls
petalinux-v2024.2-11062026-installer.run                  plnx-env-setup.sh
petalinux-v2024.2-11062026-installer.run:Zone.Identifier  plnx-env-setup.sh:Zone.Identifier
nahid@Nice2behere:~/petalinux$ ls -l
total 3077768
-rw-r--r-- 1 nahid nahid 3151611514 Mar 14 07:04 petalinux-v2024.2-11062026-installer.run
-rw-r--r-- 1 nahid nahid        272 Mar 14 07:04 petalinux-v2024.2-11062026-installer.run:Zone.Identifier
-rw-r--r-- 1 nahid nahid       6097 Apr 11 15:06 plnx-env-setup.sh
-rw-r--r-- 1 nahid nahid         68 Apr 11 15:06 plnx-env-setup.sh:Zone.Identifier
nahid@Nice2behere:~/petalinux$ chmod +x plnx-env-setup.sh
nahid@Nice2behere:~/petalinux$ ls -l
total 3077768
-rw-r--r-- 1 nahid nahid 3151611514 Mar 14 07:04 petalinux-v2024.2-11062026-installer.run
-rw-r--r-- 1 nahid nahid        272 Mar 14 07:04 petalinux-v2024.2-11062026-installer.run:Zone.Identifier
-rwxr-xr-x 1 nahid nahid       6097 Apr 11 15:06 plnx-env-setup.sh
-rw-r--r-- 1 nahid nahid         68 Apr 11 15:06 plnx-env-setup.sh:Zone.Identifier
nahid@Nice2behere:~/petalinux$ chmod +x petalinux-v2024.2-11062026-installer.run
nahid@Nice2behere:~/petalinux$ ls -l
total 3077768
-rwxr-xr-x 1 nahid nahid 3151611514 Mar 14 07:04 petalinux-v2024.2-11062026-installer.run
-rw-r--r-- 1 nahid nahid        272 Mar 14 07:04 petalinux-v2024.2-11062026-installer.run:Zone.Identifier
-rwxr-xr-x 1 nahid nahid       6097 Apr 11 15:06 plnx-env-setup.sh
-rw-r--r-- 1 nahid nahid         68 Apr 11 15:06 plnx-env-setup.sh:Zone.Identifier
nahid@Nice2behere:~/petalinux$ p
Display all 244 possibilities? (y or n)
nahid@Nice2behere:~/petalinux$ sudo dpkg-reconfigure dash
[sudo] password for nahid:
Removing 'diversion of /bin/sh to /bin/sh.distrib by dash'
Adding 'diversion of /bin/sh to /bin/sh.distrib by bash'
Removing 'diversion of /usr/share/man/man1/sh.1.gz to /usr/share/man/man1/sh.distrib.1.gz by dash'
Adding 'diversion of /usr/share/man/man1/sh.1.gz to /usr/share/man/man1/sh.distrib.1.gz by bash'
nahid@Nice2behere:~/petalinux$ pl
pl2pm                      plasrv.exe                 playtomenu.dll             ploptin.dll                plutonfw_AuthenticAMD.dll  plymouthd
pla.dll                    playlistfolder.dll         pldd                       plutonapi.dll              plymouth
nahid@Nice2behere:~/petalinux$ pl
pl2pm                      plasrv.exe                 playtomenu.dll             ploptin.dll                plutonfw_AuthenticAMD.dll  plymouthd
pla.dll                    playlistfolder.dll         pldd                       plutonapi.dll              plymouth
nahid@Nice2behere:~/petalinux$ sudo ./plnx-env-setup.sh
cat: /etc/centos-release: No such file or directory
***************************************************************
PetaLinux Environment Setup Tool
Running on Ubuntu 22.04.5 LTS (6.6.87.2-microsoft-standard-WSL2)
***************************************************************

NOTE: Check for superuser...SUCCESS! (from nahid)
NOTE: Checking for DASH shell as default (Ubuntu only)...NOT FOUND!
NOTE: Check for x86 package access..../plnx-env-setup.sh: line 95: [: ==: unary operator expected
NOT FOUND! Now adding i386 foreign archiecture to dpkg
dpkg: error: unknown option --add-architexture

Type dpkg --help for help about installing and deinstalling packages [*];
Use 'apt' or 'aptitude' for user-friendly package management;
Type dpkg -Dhelp for a list of dpkg debug flag values;
Type dpkg --force-help for a list of forcing options;
Type dpkg-deb --help for help about manipulating *.deb files;

Options marked [*] produce a lot of output - pipe it through 'less' or 'more' !
NOTE: Updating the package lists...
Hit:1 http://archive.ubuntu.com/ubuntu jammy InRelease
Get:2 http://security.ubuntu.com/ubuntu jammy-security InRelease [129 kB]
Get:3 http://archive.ubuntu.com/ubuntu jammy-updates InRelease [128 kB]
Get:4 http://archive.ubuntu.com/ubuntu jammy-backports InRelease [127 kB]
Get:5 http://archive.ubuntu.com/ubuntu jammy/universe amd64 Packages [14.1 MB]
Get:6 http://security.ubuntu.com/ubuntu jammy-security/main amd64 Packages [2510 kB]
Get:7 http://security.ubuntu.com/ubuntu jammy-security/main Translation-en [374 kB]
Get:8 http://security.ubuntu.com/ubuntu jammy-security/main amd64 c-n-f Metadata [13.6 kB]
Get:9 http://security.ubuntu.com/ubuntu jammy-security/restricted amd64 Packages [3877 kB]
Get:10 http://archive.ubuntu.com/ubuntu jammy/universe Translation-en [5652 kB]
Get:11 http://security.ubuntu.com/ubuntu jammy-security/restricted Translation-en [699 kB]
Get:12 http://security.ubuntu.com/ubuntu jammy-security/restricted amd64 c-n-f Metadata [624 B]
Get:13 http://security.ubuntu.com/ubuntu jammy-security/universe amd64 Packages [991 kB]
Get:14 http://archive.ubuntu.com/ubuntu jammy/universe amd64 c-n-f Metadata [286 kB]
Get:15 http://archive.ubuntu.com/ubuntu jammy/multiverse amd64 Packages [217 kB]
Get:16 http://archive.ubuntu.com/ubuntu jammy/multiverse Translation-en [112 kB]
Get:17 http://archive.ubuntu.com/ubuntu jammy/multiverse amd64 c-n-f Metadata [8372 B]
Get:18 http://archive.ubuntu.com/ubuntu jammy-updates/main amd64 Packages [2757 kB]
Get:19 http://security.ubuntu.com/ubuntu jammy-security/universe Translation-en [215 kB]
Get:20 http://security.ubuntu.com/ubuntu jammy-security/universe amd64 c-n-f Metadata [21.7 kB]
Get:21 http://security.ubuntu.com/ubuntu jammy-security/multiverse amd64 Packages [40.3 kB]
Get:22 http://security.ubuntu.com/ubuntu jammy-security/multiverse Translation-en [8908 B]
Get:23 http://security.ubuntu.com/ubuntu jammy-security/multiverse amd64 c-n-f Metadata [368 B]
Get:24 http://archive.ubuntu.com/ubuntu jammy-updates/main Translation-en [437 kB]
Get:25 http://archive.ubuntu.com/ubuntu jammy-updates/main amd64 c-n-f Metadata [18.5 kB]
Get:26 http://archive.ubuntu.com/ubuntu jammy-updates/restricted amd64 Packages [4038 kB]
Get:27 http://archive.ubuntu.com/ubuntu jammy-updates/restricted Translation-en [729 kB]
Get:28 http://archive.ubuntu.com/ubuntu jammy-updates/restricted amd64 c-n-f Metadata [676 B]
Get:29 http://archive.ubuntu.com/ubuntu jammy-updates/universe amd64 Packages [1224 kB]
Get:30 http://archive.ubuntu.com/ubuntu jammy-updates/universe Translation-en [302 kB]
Get:31 http://archive.ubuntu.com/ubuntu jammy-updates/universe amd64 c-n-f Metadata [28.7 kB]
Get:32 http://archive.ubuntu.com/ubuntu jammy-updates/multiverse amd64 Packages [59.5 kB]
Get:33 http://archive.ubuntu.com/ubuntu jammy-updates/multiverse Translation-en [14.2 kB]
Get:34 http://archive.ubuntu.com/ubuntu jammy-updates/multiverse amd64 c-n-f Metadata [592 B]
Get:35 http://archive.ubuntu.com/ubuntu jammy-backports/main amd64 Packages [68.8 kB]
Get:36 http://archive.ubuntu.com/ubuntu jammy-backports/main Translation-en [11.4 kB]
Get:37 http://archive.ubuntu.com/ubuntu jammy-backports/main amd64 c-n-f Metadata [392 B]
Get:38 http://archive.ubuntu.com/ubuntu jammy-backports/restricted amd64 c-n-f Metadata [116 B]
Get:39 http://archive.ubuntu.com/ubuntu jammy-backports/universe amd64 Packages [30.0 kB]
Get:40 http://archive.ubuntu.com/ubuntu jammy-backports/universe Translation-en [16.5 kB]
Get:41 http://archive.ubuntu.com/ubuntu jammy-backports/universe amd64 c-n-f Metadata [672 B]
Get:42 http://archive.ubuntu.com/ubuntu jammy-backports/multiverse amd64 c-n-f Metadata [116 B]
Fetched 39.2 MB in 26s (1530 kB/s)
Reading package lists... Done
Building dependency tree... Done
Reading state information... Done
105 packages can be upgraded. Run 'apt list --upgradable' to see them.
######
NOTE: Processing package: iproute2
NOTE: Checking to see if package is already installed...
WARNING: apt does not have a stable CLI interface. Use with caution in scripts.

INSTALLED! Skipping.
Package installation complete for package iproute2
######

######
NOTE: Processing package: gawk
NOTE: Checking to see if package is already installed...
WARNING: apt does not have a stable CLI interface. Use with caution in scripts.

INSTALLED! Skipping.
Package installation complete for package gawk
######

######
NOTE: Processing package: python3
NOTE: Checking to see if package is already installed...
WARNING: apt does not have a stable CLI interface. Use with caution in scripts.

INSTALLED! Skipping.
Package installation complete for package python3
######

######
NOTE: Processing package: python
NOTE: Checking to see if package is already installed...
WARNING: apt does not have a stable CLI interface. Use with caution in scripts.

NOT INSTALLED!
Starting installation of package python
Reading package lists... Done
Building dependency tree... Done
Reading state information... Done
Package python is not available, but is referred to by another package.
This may mean that the package is missing, has been obsoleted, or
is only available from another source
However the following packages replace it:
  2to3 python2-minimal python2 dh-python python-is-python3

E: Package 'python' has no installation candidate
Package installation complete for package python
######

######
NOTE: Processing package: build-essential
NOTE: Checking to see if package is already installed...
WARNING: apt does not have a stable CLI interface. Use with caution in scripts.

NOT INSTALLED!
Starting installation of package build-essential
Reading package lists... Done
Building dependency tree... Done
Reading state information... Done
The following additional packages will be installed:
  bzip2 cpp cpp-11 dpkg-dev fakeroot g++ g++-11 gcc gcc-11 gcc-11-base libalgorithm-diff-perl libalgorithm-diff-xs-perl libalgorithm-merge-perl libasan6 libatomic1 libc-dev-bin
  libc-devtools libc6 libc6-dev libcc1-0 libcrypt-dev libdpkg-perl libfakeroot libfile-fcntllock-perl libgcc-11-dev libgd3 libgomp1 libisl23 libitm1 liblsan0 libmpc3 libnsl-dev
  libquadmath0 libstdc++-11-dev libtirpc-dev libtsan0 libubsan1 libxpm4 linux-libc-dev lto-disabled-list make manpages-dev rpcsvc-proto
Suggested packages:
  bzip2-doc cpp-doc gcc-11-locales debian-keyring g++-multilib g++-11-multilib gcc-11-doc gcc-multilib autoconf automake libtool flex bison gdb gcc-doc gcc-11-multilib glibc-doc bzr
  libgd-tools libstdc++-11-doc make-doc
Recommended packages:
  libnss-nis libnss-nisplus
The following NEW packages will be installed:
  build-essential bzip2 cpp cpp-11 dpkg-dev fakeroot g++ g++-11 gcc gcc-11 gcc-11-base libalgorithm-diff-perl libalgorithm-diff-xs-perl libalgorithm-merge-perl libasan6 libatomic1
  libc-dev-bin libc-devtools libc6-dev libcc1-0 libcrypt-dev libdpkg-perl libfakeroot libfile-fcntllock-perl libgcc-11-dev libgd3 libgomp1 libisl23 libitm1 liblsan0 libmpc3 libnsl-dev
  libquadmath0 libstdc++-11-dev libtirpc-dev libtsan0 libubsan1 libxpm4 linux-libc-dev lto-disabled-list make manpages-dev rpcsvc-proto
The following packages will be upgraded:
  libc6
1 upgraded, 43 newly installed, 0 to remove and 104 not upgraded.
Need to get 65.2 MB of archives.
After this operation, 202 MB of additional disk space will be used.
Get:1 http://archive.ubuntu.com/ubuntu jammy-updates/main amd64 libc6 amd64 2.35-0ubuntu3.10 [3235 kB]
Get:2 http://archive.ubuntu.com/ubuntu jammy-updates/main amd64 libc-dev-bin amd64 2.35-0ubuntu3.10 [20.3 kB]
Get:3 http://archive.ubuntu.com/ubuntu jammy-updates/main amd64 linux-libc-dev amd64 5.15.0-144.157 [1318 kB]
Get:4 http://archive.ubuntu.com/ubuntu jammy/main amd64 libcrypt-dev amd64 1:4.4.27-1 [112 kB]
Get:5 http://archive.ubuntu.com/ubuntu jammy/main amd64 rpcsvc-proto amd64 1.4.2-0ubuntu6 [68.5 kB]
Get:6 http://archive.ubuntu.com/ubuntu jammy-updates/main amd64 libtirpc-dev amd64 1.3.2-2ubuntu0.1 [192 kB]
Get:7 http://archive.ubuntu.com/ubuntu jammy/main amd64 libnsl-dev amd64 1.3.0-2build2 [71.3 kB]
Get:8 http://archive.ubuntu.com/ubuntu jammy-updates/main amd64 libc6-dev amd64 2.35-0ubuntu3.10 [2100 kB]
Get:9 http://archive.ubuntu.com/ubuntu jammy-updates/main amd64 gcc-11-base amd64 11.4.0-1ubuntu1~22.04 [20.2 kB]
Get:10 http://archive.ubuntu.com/ubuntu jammy/main amd64 libisl23 amd64 0.24-2build1 [727 kB]
Get:11 http://archive.ubuntu.com/ubuntu jammy/main amd64 libmpc3 amd64 1.2.1-2build1 [46.9 kB]
Get:12 http://archive.ubuntu.com/ubuntu jammy-updates/main amd64 cpp-11 amd64 11.4.0-1ubuntu1~22.04 [10.0 MB]
Get:13 http://archive.ubuntu.com/ubuntu jammy/main amd64 cpp amd64 4:11.2.0-1ubuntu1 [27.7 kB]
Get:14 http://archive.ubuntu.com/ubuntu jammy-updates/main amd64 libcc1-0 amd64 12.3.0-1ubuntu1~22.04 [48.3 kB]
Get:15 http://archive.ubuntu.com/ubuntu jammy-updates/main amd64 libgomp1 amd64 12.3.0-1ubuntu1~22.04 [126 kB]
Get:16 http://archive.ubuntu.com/ubuntu jammy-updates/main amd64 libitm1 amd64 12.3.0-1ubuntu1~22.04 [30.2 kB]
Get:17 http://archive.ubuntu.com/ubuntu jammy-updates/main amd64 libatomic1 amd64 12.3.0-1ubuntu1~22.04 [10.4 kB]
Get:18 http://archive.ubuntu.com/ubuntu jammy-updates/main amd64 libasan6 amd64 11.4.0-1ubuntu1~22.04 [2282 kB]
Get:19 http://archive.ubuntu.com/ubuntu jammy-updates/main amd64 liblsan0 amd64 12.3.0-1ubuntu1~22.04 [1069 kB]
Get:20 http://archive.ubuntu.com/ubuntu jammy-updates/main amd64 libtsan0 amd64 11.4.0-1ubuntu1~22.04 [2260 kB]
Get:21 http://archive.ubuntu.com/ubuntu jammy-updates/main amd64 libubsan1 amd64 12.3.0-1ubuntu1~22.04 [976 kB]
Get:22 http://archive.ubuntu.com/ubuntu jammy-updates/main amd64 libquadmath0 amd64 12.3.0-1ubuntu1~22.04 [154 kB]
Get:23 http://archive.ubuntu.com/ubuntu jammy-updates/main amd64 libgcc-11-dev amd64 11.4.0-1ubuntu1~22.04 [2517 kB]
Get:24 http://archive.ubuntu.com/ubuntu jammy-updates/main amd64 gcc-11 amd64 11.4.0-1ubuntu1~22.04 [20.1 MB]
Get:25 http://archive.ubuntu.com/ubuntu jammy/main amd64 gcc amd64 4:11.2.0-1ubuntu1 [5112 B]
Get:26 http://archive.ubuntu.com/ubuntu jammy-updates/main amd64 libstdc++-11-dev amd64 11.4.0-1ubuntu1~22.04 [2101 kB]
Get:27 http://archive.ubuntu.com/ubuntu jammy-updates/main amd64 g++-11 amd64 11.4.0-1ubuntu1~22.04 [11.4 MB]
Get:28 http://archive.ubuntu.com/ubuntu jammy/main amd64 g++ amd64 4:11.2.0-1ubuntu1 [1412 B]
Get:29 http://archive.ubuntu.com/ubuntu jammy/main amd64 make amd64 4.3-4.1build1 [180 kB]
Get:30 http://archive.ubuntu.com/ubuntu jammy-updates/main amd64 libdpkg-perl all 1.21.1ubuntu2.3 [237 kB]
Get:31 http://archive.ubuntu.com/ubuntu jammy/main amd64 bzip2 amd64 1.0.8-5build1 [34.8 kB]
Get:32 http://archive.ubuntu.com/ubuntu jammy/main amd64 lto-disabled-list all 24 [12.5 kB]
Get:33 http://archive.ubuntu.com/ubuntu jammy-updates/main amd64 dpkg-dev all 1.21.1ubuntu2.3 [922 kB]
Get:34 http://archive.ubuntu.com/ubuntu jammy/main amd64 build-essential amd64 12.9ubuntu3 [4744 B]
Get:35 http://archive.ubuntu.com/ubuntu jammy/main amd64 libfakeroot amd64 1.28-1ubuntu1 [31.5 kB]
Get:36 http://archive.ubuntu.com/ubuntu jammy/main amd64 fakeroot amd64 1.28-1ubuntu1 [60.4 kB]
Get:37 http://archive.ubuntu.com/ubuntu jammy/main amd64 libalgorithm-diff-perl all 1.201-1 [41.8 kB]
Get:38 http://archive.ubuntu.com/ubuntu jammy/main amd64 libalgorithm-diff-xs-perl amd64 0.04-6build3 [11.9 kB]
Get:39 http://archive.ubuntu.com/ubuntu jammy/main amd64 libalgorithm-merge-perl all 0.08-3 [12.0 kB]
Get:40 http://archive.ubuntu.com/ubuntu jammy-updates/main amd64 libxpm4 amd64 1:3.5.12-1ubuntu0.22.04.2 [36.7 kB]
Get:41 http://archive.ubuntu.com/ubuntu jammy-updates/main amd64 libgd3 amd64 2.3.0-2ubuntu2.3 [129 kB]
Get:42 http://archive.ubuntu.com/ubuntu jammy-updates/main amd64 libc-devtools amd64 2.35-0ubuntu3.10 [29.0 kB]
Get:43 http://archive.ubuntu.com/ubuntu jammy/main amd64 libfile-fcntllock-perl amd64 0.22-3build7 [33.9 kB]
Get:44 http://archive.ubuntu.com/ubuntu jammy/main amd64 manpages-dev all 5.10-1ubuntu1 [2309 kB]
Fetched 65.2 MB in 41s (1588 kB/s)
Extracting templates from packages: 100%
Preconfiguring packages ...
(Reading database ... 42578 files and directories currently installed.)
Preparing to unpack .../libc6_2.35-0ubuntu3.10_amd64.deb ...
Unpacking libc6:amd64 (2.35-0ubuntu3.10) over (2.35-0ubuntu3.8) ...
Setting up libc6:amd64 (2.35-0ubuntu3.10) ...
Selecting previously unselected package libc-dev-bin.
(Reading database ... 42578 files and directories currently installed.)
Preparing to unpack .../00-libc-dev-bin_2.35-0ubuntu3.10_amd64.deb ...
Unpacking libc-dev-bin (2.35-0ubuntu3.10) ...
Selecting previously unselected package linux-libc-dev:amd64.
Preparing to unpack .../01-linux-libc-dev_5.15.0-144.157_amd64.deb ...
Unpacking linux-libc-dev:amd64 (5.15.0-144.157) ...
Selecting previously unselected package libcrypt-dev:amd64.
Preparing to unpack .../02-libcrypt-dev_1%3a4.4.27-1_amd64.deb ...
Unpacking libcrypt-dev:amd64 (1:4.4.27-1) ...
Selecting previously unselected package rpcsvc-proto.
Preparing to unpack .../03-rpcsvc-proto_1.4.2-0ubuntu6_amd64.deb ...
Unpacking rpcsvc-proto (1.4.2-0ubuntu6) ...
Selecting previously unselected package libtirpc-dev:amd64.
Preparing to unpack .../04-libtirpc-dev_1.3.2-2ubuntu0.1_amd64.deb ...
Unpacking libtirpc-dev:amd64 (1.3.2-2ubuntu0.1) ...
Selecting previously unselected package libnsl-dev:amd64.
Preparing to unpack .../05-libnsl-dev_1.3.0-2build2_amd64.deb ...
Unpacking libnsl-dev:amd64 (1.3.0-2build2) ...
Selecting previously unselected package libc6-dev:amd64.
Preparing to unpack .../06-libc6-dev_2.35-0ubuntu3.10_amd64.deb ...
Unpacking libc6-dev:amd64 (2.35-0ubuntu3.10) ...
Selecting previously unselected package gcc-11-base:amd64.
Preparing to unpack .../07-gcc-11-base_11.4.0-1ubuntu1~22.04_amd64.deb ...
Unpacking gcc-11-base:amd64 (11.4.0-1ubuntu1~22.04) ...
Selecting previously unselected package libisl23:amd64.
Preparing to unpack .../08-libisl23_0.24-2build1_amd64.deb ...
Unpacking libisl23:amd64 (0.24-2build1) ...
Selecting previously unselected package libmpc3:amd64.
Preparing to unpack .../09-libmpc3_1.2.1-2build1_amd64.deb ...
Unpacking libmpc3:amd64 (1.2.1-2build1) ...
Selecting previously unselected package cpp-11.
Preparing to unpack .../10-cpp-11_11.4.0-1ubuntu1~22.04_amd64.deb ...
Unpacking cpp-11 (11.4.0-1ubuntu1~22.04) ...
Selecting previously unselected package cpp.
Preparing to unpack .../11-cpp_4%3a11.2.0-1ubuntu1_amd64.deb ...
Unpacking cpp (4:11.2.0-1ubuntu1) ...
Selecting previously unselected package libcc1-0:amd64.
Preparing to unpack .../12-libcc1-0_12.3.0-1ubuntu1~22.04_amd64.deb ...
Unpacking libcc1-0:amd64 (12.3.0-1ubuntu1~22.04) ...
Selecting previously unselected package libgomp1:amd64.
Preparing to unpack .../13-libgomp1_12.3.0-1ubuntu1~22.04_amd64.deb ...
Unpacking libgomp1:amd64 (12.3.0-1ubuntu1~22.04) ...
Selecting previously unselected package libitm1:amd64.
Preparing to unpack .../14-libitm1_12.3.0-1ubuntu1~22.04_amd64.deb ...
Unpacking libitm1:amd64 (12.3.0-1ubuntu1~22.04) ...
Selecting previously unselected package libatomic1:amd64.
Preparing to unpack .../15-libatomic1_12.3.0-1ubuntu1~22.04_amd64.deb ...
Unpacking libatomic1:amd64 (12.3.0-1ubuntu1~22.04) ...
Selecting previously unselected package libasan6:amd64.
Preparing to unpack .../16-libasan6_11.4.0-1ubuntu1~22.04_amd64.deb ...
Unpacking libasan6:amd64 (11.4.0-1ubuntu1~22.04) ...
Selecting previously unselected package liblsan0:amd64.
Preparing to unpack .../17-liblsan0_12.3.0-1ubuntu1~22.04_amd64.deb ...
Unpacking liblsan0:amd64 (12.3.0-1ubuntu1~22.04) ...
Selecting previously unselected package libtsan0:amd64.
Preparing to unpack .../18-libtsan0_11.4.0-1ubuntu1~22.04_amd64.deb ...
Unpacking libtsan0:amd64 (11.4.0-1ubuntu1~22.04) ...
Selecting previously unselected package libubsan1:amd64.
Preparing to unpack .../19-libubsan1_12.3.0-1ubuntu1~22.04_amd64.deb ...
Unpacking libubsan1:amd64 (12.3.0-1ubuntu1~22.04) ...
Selecting previously unselected package libquadmath0:amd64.
Preparing to unpack .../20-libquadmath0_12.3.0-1ubuntu1~22.04_amd64.deb ...
Unpacking libquadmath0:amd64 (12.3.0-1ubuntu1~22.04) ...
Selecting previously unselected package libgcc-11-dev:amd64.
Preparing to unpack .../21-libgcc-11-dev_11.4.0-1ubuntu1~22.04_amd64.deb ...
Unpacking libgcc-11-dev:amd64 (11.4.0-1ubuntu1~22.04) ...
Selecting previously unselected package gcc-11.
Preparing to unpack .../22-gcc-11_11.4.0-1ubuntu1~22.04_amd64.deb ...
Unpacking gcc-11 (11.4.0-1ubuntu1~22.04) ...
Selecting previously unselected package gcc.
Preparing to unpack .../23-gcc_4%3a11.2.0-1ubuntu1_amd64.deb ...
Unpacking gcc (4:11.2.0-1ubuntu1) ...
Selecting previously unselected package libstdc++-11-dev:amd64.
Preparing to unpack .../24-libstdc++-11-dev_11.4.0-1ubuntu1~22.04_amd64.deb ...
Unpacking libstdc++-11-dev:amd64 (11.4.0-1ubuntu1~22.04) ...
Selecting previously unselected package g++-11.
Preparing to unpack .../25-g++-11_11.4.0-1ubuntu1~22.04_amd64.deb ...
Unpacking g++-11 (11.4.0-1ubuntu1~22.04) ...
Selecting previously unselected package g++.
Preparing to unpack .../26-g++_4%3a11.2.0-1ubuntu1_amd64.deb ...
Unpacking g++ (4:11.2.0-1ubuntu1) ...
Selecting previously unselected package make.
Preparing to unpack .../27-make_4.3-4.1build1_amd64.deb ...
Unpacking make (4.3-4.1build1) ...
Selecting previously unselected package libdpkg-perl.
Preparing to unpack .../28-libdpkg-perl_1.21.1ubuntu2.3_all.deb ...
Unpacking libdpkg-perl (1.21.1ubuntu2.3) ...
Selecting previously unselected package bzip2.
Preparing to unpack .../29-bzip2_1.0.8-5build1_amd64.deb ...
Unpacking bzip2 (1.0.8-5build1) ...
Selecting previously unselected package lto-disabled-list.
Preparing to unpack .../30-lto-disabled-list_24_all.deb ...
Unpacking lto-disabled-list (24) ...
Selecting previously unselected package dpkg-dev.
Preparing to unpack .../31-dpkg-dev_1.21.1ubuntu2.3_all.deb ...
Unpacking dpkg-dev (1.21.1ubuntu2.3) ...
Selecting previously unselected package build-essential.
Preparing to unpack .../32-build-essential_12.9ubuntu3_amd64.deb ...
Unpacking build-essential (12.9ubuntu3) ...
Selecting previously unselected package libfakeroot:amd64.
Preparing to unpack .../33-libfakeroot_1.28-1ubuntu1_amd64.deb ...
Unpacking libfakeroot:amd64 (1.28-1ubuntu1) ...
Selecting previously unselected package fakeroot.
Preparing to unpack .../34-fakeroot_1.28-1ubuntu1_amd64.deb ...
Unpacking fakeroot (1.28-1ubuntu1) ...
Selecting previously unselected package libalgorithm-diff-perl.
Preparing to unpack .../35-libalgorithm-diff-perl_1.201-1_all.deb ...
Unpacking libalgorithm-diff-perl (1.201-1) ...
Selecting previously unselected package libalgorithm-diff-xs-perl.
Preparing to unpack .../36-libalgorithm-diff-xs-perl_0.04-6build3_amd64.deb ...
Unpacking libalgorithm-diff-xs-perl (0.04-6build3) ...
Selecting previously unselected package libalgorithm-merge-perl.
Preparing to unpack .../37-libalgorithm-merge-perl_0.08-3_all.deb ...
Unpacking libalgorithm-merge-perl (0.08-3) ...
Selecting previously unselected package libxpm4:amd64.
Preparing to unpack .../38-libxpm4_1%3a3.5.12-1ubuntu0.22.04.2_amd64.deb ...
Unpacking libxpm4:amd64 (1:3.5.12-1ubuntu0.22.04.2) ...
Selecting previously unselected package libgd3:amd64.
Preparing to unpack .../39-libgd3_2.3.0-2ubuntu2.3_amd64.deb ...
Unpacking libgd3:amd64 (2.3.0-2ubuntu2.3) ...
Selecting previously unselected package libc-devtools.
Preparing to unpack .../40-libc-devtools_2.35-0ubuntu3.10_amd64.deb ...
Unpacking libc-devtools (2.35-0ubuntu3.10) ...
Selecting previously unselected package libfile-fcntllock-perl.
Preparing to unpack .../41-libfile-fcntllock-perl_0.22-3build7_amd64.deb ...
Unpacking libfile-fcntllock-perl (0.22-3build7) ...
Selecting previously unselected package manpages-dev.
Preparing to unpack .../42-manpages-dev_5.10-1ubuntu1_all.deb ...
Unpacking manpages-dev (5.10-1ubuntu1) ...
Setting up gcc-11-base:amd64 (11.4.0-1ubuntu1~22.04) ...
Setting up manpages-dev (5.10-1ubuntu1) ...
Setting up lto-disabled-list (24) ...
Setting up libxpm4:amd64 (1:3.5.12-1ubuntu0.22.04.2) ...
Setting up libfile-fcntllock-perl (0.22-3build7) ...
Setting up libalgorithm-diff-perl (1.201-1) ...
Setting up linux-libc-dev:amd64 (5.15.0-144.157) ...
Setting up libgomp1:amd64 (12.3.0-1ubuntu1~22.04) ...
Setting up bzip2 (1.0.8-5build1) ...
Setting up libfakeroot:amd64 (1.28-1ubuntu1) ...
Setting up libasan6:amd64 (11.4.0-1ubuntu1~22.04) ...
Setting up fakeroot (1.28-1ubuntu1) ...
update-alternatives: using /usr/bin/fakeroot-sysv to provide /usr/bin/fakeroot (fakeroot) in auto mode
Setting up libtirpc-dev:amd64 (1.3.2-2ubuntu0.1) ...
Setting up rpcsvc-proto (1.4.2-0ubuntu6) ...
Setting up make (4.3-4.1build1) ...
Setting up libquadmath0:amd64 (12.3.0-1ubuntu1~22.04) ...
Setting up libgd3:amd64 (2.3.0-2ubuntu2.3) ...
Setting up libmpc3:amd64 (1.2.1-2build1) ...
Setting up libatomic1:amd64 (12.3.0-1ubuntu1~22.04) ...
Setting up libdpkg-perl (1.21.1ubuntu2.3) ...
Setting up libubsan1:amd64 (12.3.0-1ubuntu1~22.04) ...
Setting up libnsl-dev:amd64 (1.3.0-2build2) ...
Setting up libcrypt-dev:amd64 (1:4.4.27-1) ...
Setting up libisl23:amd64 (0.24-2build1) ...
Setting up libc-dev-bin (2.35-0ubuntu3.10) ...
Setting up libalgorithm-diff-xs-perl (0.04-6build3) ...
Setting up libcc1-0:amd64 (12.3.0-1ubuntu1~22.04) ...
Setting up liblsan0:amd64 (12.3.0-1ubuntu1~22.04) ...
Setting up libitm1:amd64 (12.3.0-1ubuntu1~22.04) ...
Setting up libc-devtools (2.35-0ubuntu3.10) ...
Setting up libalgorithm-merge-perl (0.08-3) ...
Setting up libtsan0:amd64 (11.4.0-1ubuntu1~22.04) ...
Setting up cpp-11 (11.4.0-1ubuntu1~22.04) ...
Setting up dpkg-dev (1.21.1ubuntu2.3) ...
Setting up libgcc-11-dev:amd64 (11.4.0-1ubuntu1~22.04) ...
Setting up gcc-11 (11.4.0-1ubuntu1~22.04) ...
Setting up cpp (4:11.2.0-1ubuntu1) ...
Setting up libc6-dev:amd64 (2.35-0ubuntu3.10) ...
Setting up gcc (4:11.2.0-1ubuntu1) ...
Setting up libstdc++-11-dev:amd64 (11.4.0-1ubuntu1~22.04) ...
Setting up g++-11 (11.4.0-1ubuntu1~22.04) ...
Setting up g++ (4:11.2.0-1ubuntu1) ...
update-alternatives: using /usr/bin/g++ to provide /usr/bin/c++ (c++) in auto mode
Setting up build-essential (12.9ubuntu3) ...
Processing triggers for man-db (2.10.2-1) ...
Processing triggers for libc-bin (2.35-0ubuntu3.8) ...
Package installation complete for package build-essential
######

######
NOTE: Processing package: gcc
NOTE: Checking to see if package is already installed...
WARNING: apt does not have a stable CLI interface. Use with caution in scripts.

INSTALLED! Skipping.
Package installation complete for package gcc
######

######
NOTE: Processing package: git
NOTE: Checking to see if package is already installed...
WARNING: apt does not have a stable CLI interface. Use with caution in scripts.

NOT INSTALLED!
Starting installation of package git
Reading package lists... Done
Building dependency tree... Done
Reading state information... Done
Suggested packages:
  git-daemon-run | git-daemon-sysvinit git-doc git-email git-gui gitk gitweb git-cvs git-mediawiki git-svn
The following packages will be upgraded:
  git
1 upgraded, 0 newly installed, 0 to remove and 103 not upgraded.
Need to get 3166 kB of archives.
After this operation, 0 B of additional disk space will be used.
Get:1 http://archive.ubuntu.com/ubuntu jammy-updates/main amd64 git amd64 1:2.34.1-1ubuntu1.15 [3166 kB]
Fetched 3166 kB in 11s (296 kB/s)
(Reading database ... 48169 files and directories currently installed.)
Preparing to unpack .../git_1%3a2.34.1-1ubuntu1.15_amd64.deb ...
Unpacking git (1:2.34.1-1ubuntu1.15) over (1:2.34.1-1ubuntu1.11) ...
Setting up git (1:2.34.1-1ubuntu1.15) ...
Package installation complete for package git
######

######
NOTE: Processing package: make
NOTE: Checking to see if package is already installed...
WARNING: apt does not have a stable CLI interface. Use with caution in scripts.

INSTALLED! Skipping.
Package installation complete for package make
######

######
NOTE: Processing package: net-tools
NOTE: Checking to see if package is already installed...
WARNING: apt does not have a stable CLI interface. Use with caution in scripts.

NOT INSTALLED!
Starting installation of package net-tools
Reading package lists... Done
Building dependency tree... Done
Reading state information... Done
The following NEW packages will be installed:
  net-tools
0 upgraded, 1 newly installed, 0 to remove and 103 not upgraded.
Need to get 204 kB of archives.
After this operation, 819 kB of additional disk space will be used.
Get:1 http://archive.ubuntu.com/ubuntu jammy-updates/main amd64 net-tools amd64 1.60+git20181103.0eebece-1ubuntu5.4 [204 kB]
Fetched 204 kB in 0s (475 kB/s)
Selecting previously unselected package net-tools.
(Reading database ... 48169 files and directories currently installed.)
Preparing to unpack .../net-tools_1.60+git20181103.0eebece-1ubuntu5.4_amd64.deb ...
Unpacking net-tools (1.60+git20181103.0eebece-1ubuntu5.4) ...
Setting up net-tools (1.60+git20181103.0eebece-1ubuntu5.4) ...
Processing triggers for man-db (2.10.2-1) ...
Package installation complete for package net-tools
######

######
NOTE: Processing package: libncurses5-dev
NOTE: Checking to see if package is already installed...
WARNING: apt does not have a stable CLI interface. Use with caution in scripts.

NOT INSTALLED!
Starting installation of package libncurses5-dev
Reading package lists... Done
Building dependency tree... Done
Reading state information... Done
The following additional packages will be installed:
  libncurses-dev
Suggested packages:
  ncurses-doc
The following NEW packages will be installed:
  libncurses-dev libncurses5-dev
0 upgraded, 2 newly installed, 0 to remove and 103 not upgraded.
Need to get 381 kB of archives.
After this operation, 2414 kB of additional disk space will be used.
Get:1 http://archive.ubuntu.com/ubuntu jammy-updates/main amd64 libncurses-dev amd64 6.3-2ubuntu0.1 [381 kB]
Get:2 http://archive.ubuntu.com/ubuntu jammy-updates/main amd64 libncurses5-dev amd64 6.3-2ubuntu0.1 [790 B]
Fetched 381 kB in 2s (211 kB/s)
Selecting previously unselected package libncurses-dev:amd64.
(Reading database ... 48218 files and directories currently installed.)
Preparing to unpack .../libncurses-dev_6.3-2ubuntu0.1_amd64.deb ...
Unpacking libncurses-dev:amd64 (6.3-2ubuntu0.1) ...
Selecting previously unselected package libncurses5-dev:amd64.
Preparing to unpack .../libncurses5-dev_6.3-2ubuntu0.1_amd64.deb ...
Unpacking libncurses5-dev:amd64 (6.3-2ubuntu0.1) ...
Setting up libncurses-dev:amd64 (6.3-2ubuntu0.1) ...
Setting up libncurses5-dev:amd64 (6.3-2ubuntu0.1) ...
Processing triggers for man-db (2.10.2-1) ...
Package installation complete for package libncurses5-dev
######

######
NOTE: Processing package: tftpd
NOTE: Checking to see if package is already installed...
WARNING: apt does not have a stable CLI interface. Use with caution in scripts.

NOT INSTALLED!
Starting installation of package tftpd
Reading package lists... Done
Building dependency tree... Done
Reading state information... Done
The following additional packages will be installed:
  libwrap0 update-inetd xinetd
The following NEW packages will be installed:
  libwrap0 tftpd update-inetd xinetd
0 upgraded, 4 newly installed, 0 to remove and 103 not upgraded.
Need to get 195 kB of archives.
After this operation, 555 kB of additional disk space will be used.
Get:1 http://archive.ubuntu.com/ubuntu jammy/main amd64 libwrap0 amd64 7.6.q-31build2 [47.9 kB]
Get:2 http://archive.ubuntu.com/ubuntu jammy/universe amd64 xinetd amd64 1:2.3.15.3-1 [108 kB]
Get:3 http://archive.ubuntu.com/ubuntu jammy/universe amd64 tftpd amd64 0.17-23ubuntu1 [14.6 kB]
Get:4 http://archive.ubuntu.com/ubuntu jammy/main amd64 update-inetd all 4.51 [24.9 kB]
Fetched 195 kB in 1s (218 kB/s)
Preconfiguring packages ...
Selecting previously unselected package libwrap0:amd64.
(Reading database ... 48308 files and directories currently installed.)
Preparing to unpack .../libwrap0_7.6.q-31build2_amd64.deb ...
Unpacking libwrap0:amd64 (7.6.q-31build2) ...
Selecting previously unselected package xinetd.
Preparing to unpack .../xinetd_1%3a2.3.15.3-1_amd64.deb ...
Unpacking xinetd (1:2.3.15.3-1) ...
Selecting previously unselected package tftpd.
Preparing to unpack .../tftpd_0.17-23ubuntu1_amd64.deb ...
Unpacking tftpd (0.17-23ubuntu1) ...
Selecting previously unselected package update-inetd.
Preparing to unpack .../update-inetd_4.51_all.deb ...
Unpacking update-inetd (4.51) ...
Setting up update-inetd (4.51) ...
Setting up libwrap0:amd64 (7.6.q-31build2) ...
Setting up xinetd (1:2.3.15.3-1) ...
Setting up tftpd (0.17-23ubuntu1) ...
Note: xinetd currently is not fully supported by update-inetd.
Please consult /usr/share/doc/xinetd/README.Debian and itox(8).
update-inetd: warning: cannot add service, /etc/inetd.conf does not exist
Processing triggers for libc-bin (2.35-0ubuntu3.8) ...
Processing triggers for man-db (2.10.2-1) ...
Package installation complete for package tftpd
######

######
NOTE: Processing package: zlib1g-dev
NOTE: Checking to see if package is already installed...
WARNING: apt does not have a stable CLI interface. Use with caution in scripts.

NOT INSTALLED!
Starting installation of package zlib1g-dev
Reading package lists... Done
Building dependency tree... Done
Reading state information... Done
The following NEW packages will be installed:
  zlib1g-dev
0 upgraded, 1 newly installed, 0 to remove and 103 not upgraded.
Need to get 164 kB of archives.
After this operation, 606 kB of additional disk space will be used.
Get:1 http://archive.ubuntu.com/ubuntu jammy-updates/main amd64 zlib1g-dev amd64 1:1.2.11.dfsg-2ubuntu9.2 [164 kB]
Fetched 164 kB in 1s (134 kB/s)
Selecting previously unselected package zlib1g-dev:amd64.
(Reading database ... 48372 files and directories currently installed.)
Preparing to unpack .../zlib1g-dev_1%3a1.2.11.dfsg-2ubuntu9.2_amd64.deb ...
Unpacking zlib1g-dev:amd64 (1:1.2.11.dfsg-2ubuntu9.2) ...
Setting up zlib1g-dev:amd64 (1:1.2.11.dfsg-2ubuntu9.2) ...
Processing triggers for man-db (2.10.2-1) ...
Package installation complete for package zlib1g-dev
######

######
NOTE: Processing package: libssl-dev
NOTE: Checking to see if package is already installed...
WARNING: apt does not have a stable CLI interface. Use with caution in scripts.

NOT INSTALLED!
Starting installation of package libssl-dev
Reading package lists... Done
Building dependency tree... Done
Reading state information... Done
The following additional packages will be installed:
  libssl3
Suggested packages:
  libssl-doc
The following NEW packages will be installed:
  libssl-dev
The following packages will be upgraded:
  libssl3
1 upgraded, 1 newly installed, 0 to remove and 102 not upgraded.
Need to get 4281 kB of archives.
After this operation, 12.4 MB of additional disk space will be used.
Get:1 http://archive.ubuntu.com/ubuntu jammy-updates/main amd64 libssl3 amd64 3.0.2-0ubuntu1.19 [1905 kB]
Get:2 http://archive.ubuntu.com/ubuntu jammy-updates/main amd64 libssl-dev amd64 3.0.2-0ubuntu1.19 [2376 kB]
Fetched 4281 kB in 15s (284 kB/s)
Preconfiguring packages ...
(Reading database ... 48401 files and directories currently installed.)
Preparing to unpack .../libssl3_3.0.2-0ubuntu1.19_amd64.deb ...
Unpacking libssl3:amd64 (3.0.2-0ubuntu1.19) over (3.0.2-0ubuntu1.18) ...
Setting up libssl3:amd64 (3.0.2-0ubuntu1.19) ...
Selecting previously unselected package libssl-dev:amd64.
(Reading database ... 48401 files and directories currently installed.)
Preparing to unpack .../libssl-dev_3.0.2-0ubuntu1.19_amd64.deb ...
Unpacking libssl-dev:amd64 (3.0.2-0ubuntu1.19) ...
Setting up libssl-dev:amd64 (3.0.2-0ubuntu1.19) ...
Processing triggers for libc-bin (2.35-0ubuntu3.8) ...
Package installation complete for package libssl-dev
######

######
NOTE: Processing package: flex
NOTE: Checking to see if package is already installed...
WARNING: apt does not have a stable CLI interface. Use with caution in scripts.

NOT INSTALLED!
Starting installation of package flex
Reading package lists... Done
Building dependency tree... Done
Reading state information... Done
The following additional packages will be installed:
  libfl-dev libfl2 m4
Suggested packages:
  bison flex-doc m4-doc
The following NEW packages will be installed:
  flex libfl-dev libfl2 m4
0 upgraded, 4 newly installed, 0 to remove and 102 not upgraded.
Need to get 522 kB of archives.
After this operation, 1502 kB of additional disk space will be used.
Get:1 http://archive.ubuntu.com/ubuntu jammy/main amd64 m4 amd64 1.4.18-5ubuntu2 [199 kB]
Get:2 http://archive.ubuntu.com/ubuntu jammy/main amd64 flex amd64 2.6.4-8build2 [307 kB]
Get:3 http://archive.ubuntu.com/ubuntu jammy/main amd64 libfl2 amd64 2.6.4-8build2 [10.7 kB]
Get:4 http://archive.ubuntu.com/ubuntu jammy/main amd64 libfl-dev amd64 2.6.4-8build2 [6236 B]
Fetched 522 kB in 2s (302 kB/s)
Selecting previously unselected package m4.
(Reading database ... 48549 files and directories currently installed.)
Preparing to unpack .../m4_1.4.18-5ubuntu2_amd64.deb ...
Unpacking m4 (1.4.18-5ubuntu2) ...
Selecting previously unselected package flex.
Preparing to unpack .../flex_2.6.4-8build2_amd64.deb ...
Unpacking flex (2.6.4-8build2) ...
Selecting previously unselected package libfl2:amd64.
Preparing to unpack .../libfl2_2.6.4-8build2_amd64.deb ...
Unpacking libfl2:amd64 (2.6.4-8build2) ...
Selecting previously unselected package libfl-dev:amd64.
Preparing to unpack .../libfl-dev_2.6.4-8build2_amd64.deb ...
Unpacking libfl-dev:amd64 (2.6.4-8build2) ...
Setting up m4 (1.4.18-5ubuntu2) ...
Setting up libfl2:amd64 (2.6.4-8build2) ...
Setting up flex (2.6.4-8build2) ...
Setting up libfl-dev:amd64 (2.6.4-8build2) ...
Processing triggers for libc-bin (2.35-0ubuntu3.8) ...
Processing triggers for man-db (2.10.2-1) ...
Processing triggers for install-info (6.8-4build1) ...
Package installation complete for package flex
######

######
NOTE: Processing package: bison
NOTE: Checking to see if package is already installed...
WARNING: apt does not have a stable CLI interface. Use with caution in scripts.

NOT INSTALLED!
Starting installation of package bison
Reading package lists... Done
Building dependency tree... Done
Reading state information... Done
Suggested packages:
  bison-doc
The following NEW packages will be installed:
  bison
0 upgraded, 1 newly installed, 0 to remove and 102 not upgraded.
Need to get 748 kB of archives.
After this operation, 2519 kB of additional disk space will be used.
Get:1 http://archive.ubuntu.com/ubuntu jammy/main amd64 bison amd64 2:3.8.2+dfsg-1build1 [748 kB]
Fetched 748 kB in 1s (790 kB/s)
Selecting previously unselected package bison.
(Reading database ... 48699 files and directories currently installed.)
Preparing to unpack .../bison_2%3a3.8.2+dfsg-1build1_amd64.deb ...
Unpacking bison (2:3.8.2+dfsg-1build1) ...
Setting up bison (2:3.8.2+dfsg-1build1) ...
update-alternatives: using /usr/bin/bison.yacc to provide /usr/bin/yacc (yacc) in auto mode
Processing triggers for man-db (2.10.2-1) ...
Package installation complete for package bison
######

######
NOTE: Processing package: libselinux1
NOTE: Checking to see if package is already installed...
WARNING: apt does not have a stable CLI interface. Use with caution in scripts.

INSTALLED! Skipping.
Package installation complete for package libselinux1
######

######
NOTE: Processing package: gnupg
NOTE: Checking to see if package is already installed...
WARNING: apt does not have a stable CLI interface. Use with caution in scripts.

NOT INSTALLED!
Starting installation of package gnupg
Reading package lists... Done
Building dependency tree... Done
Reading state information... Done
The following additional packages will be installed:
  dirmngr gnupg-l10n gnupg-utils gpg gpg-agent gpg-wks-client gpg-wks-server gpgconf gpgsm gpgv
Suggested packages:
  dbus-user-session pinentry-gnome3 tor parcimonie xloadimage scdaemon
The following packages will be upgraded:
  dirmngr gnupg gnupg-l10n gnupg-utils gpg gpg-agent gpg-wks-client gpg-wks-server gpgconf gpgsm gpgv
11 upgraded, 0 newly installed, 0 to remove and 91 not upgraded.
Need to get 2248 kB of archives.
After this operation, 0 B of additional disk space will be used.
Get:1 http://archive.ubuntu.com/ubuntu jammy-updates/main amd64 gpg-wks-client amd64 2.2.27-3ubuntu2.4 [62.7 kB]
Get:2 http://archive.ubuntu.com/ubuntu jammy-updates/main amd64 dirmngr amd64 2.2.27-3ubuntu2.4 [293 kB]
Get:3 http://archive.ubuntu.com/ubuntu jammy-updates/main amd64 gnupg-utils amd64 2.2.27-3ubuntu2.4 [309 kB]
Get:4 http://archive.ubuntu.com/ubuntu jammy-updates/main amd64 gpg-wks-server amd64 2.2.27-3ubuntu2.4 [57.5 kB]
Get:5 http://archive.ubuntu.com/ubuntu jammy-updates/main amd64 gpg-agent amd64 2.2.27-3ubuntu2.4 [209 kB]
Get:6 http://archive.ubuntu.com/ubuntu jammy-updates/main amd64 gpg amd64 2.2.27-3ubuntu2.4 [518 kB]
Get:7 http://archive.ubuntu.com/ubuntu jammy-updates/main amd64 gpgconf amd64 2.2.27-3ubuntu2.4 [94.5 kB]
Get:8 http://archive.ubuntu.com/ubuntu jammy-updates/main amd64 gnupg-l10n all 2.2.27-3ubuntu2.4 [54.7 kB]
Get:9 http://archive.ubuntu.com/ubuntu jammy-updates/main amd64 gnupg all 2.2.27-3ubuntu2.4 [315 kB]
Get:10 http://archive.ubuntu.com/ubuntu jammy-updates/main amd64 gpgsm amd64 2.2.27-3ubuntu2.4 [197 kB]
Get:11 http://archive.ubuntu.com/ubuntu jammy-updates/main amd64 gpgv amd64 2.2.27-3ubuntu2.4 [137 kB]
Fetched 2248 kB in 3s (771 kB/s)
(Reading database ... 48816 files and directories currently installed.)
Preparing to unpack .../00-gpg-wks-client_2.2.27-3ubuntu2.4_amd64.deb ...
Unpacking gpg-wks-client (2.2.27-3ubuntu2.4) over (2.2.27-3ubuntu2.1) ...
Preparing to unpack .../01-dirmngr_2.2.27-3ubuntu2.4_amd64.deb ...
Unpacking dirmngr (2.2.27-3ubuntu2.4) over (2.2.27-3ubuntu2.1) ...
Preparing to unpack .../02-gnupg-utils_2.2.27-3ubuntu2.4_amd64.deb ...
Unpacking gnupg-utils (2.2.27-3ubuntu2.4) over (2.2.27-3ubuntu2.1) ...
Preparing to unpack .../03-gpg-wks-server_2.2.27-3ubuntu2.4_amd64.deb ...
Unpacking gpg-wks-server (2.2.27-3ubuntu2.4) over (2.2.27-3ubuntu2.1) ...
Preparing to unpack .../04-gpg-agent_2.2.27-3ubuntu2.4_amd64.deb ...
Unpacking gpg-agent (2.2.27-3ubuntu2.4) over (2.2.27-3ubuntu2.1) ...
Preparing to unpack .../05-gpg_2.2.27-3ubuntu2.4_amd64.deb ...
Unpacking gpg (2.2.27-3ubuntu2.4) over (2.2.27-3ubuntu2.1) ...
Preparing to unpack .../06-gpgconf_2.2.27-3ubuntu2.4_amd64.deb ...
Unpacking gpgconf (2.2.27-3ubuntu2.4) over (2.2.27-3ubuntu2.1) ...
Preparing to unpack .../07-gnupg-l10n_2.2.27-3ubuntu2.4_all.deb ...
Unpacking gnupg-l10n (2.2.27-3ubuntu2.4) over (2.2.27-3ubuntu2.1) ...
Preparing to unpack .../08-gnupg_2.2.27-3ubuntu2.4_all.deb ...
Unpacking gnupg (2.2.27-3ubuntu2.4) over (2.2.27-3ubuntu2.1) ...
Preparing to unpack .../09-gpgsm_2.2.27-3ubuntu2.4_amd64.deb ...
Unpacking gpgsm (2.2.27-3ubuntu2.4) over (2.2.27-3ubuntu2.1) ...
Preparing to unpack .../10-gpgv_2.2.27-3ubuntu2.4_amd64.deb ...
Unpacking gpgv (2.2.27-3ubuntu2.4) over (2.2.27-3ubuntu2.1) ...
Setting up gpgv (2.2.27-3ubuntu2.4) ...
Setting up gnupg-l10n (2.2.27-3ubuntu2.4) ...
Setting up gpgconf (2.2.27-3ubuntu2.4) ...
Setting up gpg (2.2.27-3ubuntu2.4) ...
Setting up gnupg-utils (2.2.27-3ubuntu2.4) ...
Setting up gpg-agent (2.2.27-3ubuntu2.4) ...
Setting up gpgsm (2.2.27-3ubuntu2.4) ...
Setting up dirmngr (2.2.27-3ubuntu2.4) ...
Setting up gpg-wks-server (2.2.27-3ubuntu2.4) ...
Setting up gpg-wks-client (2.2.27-3ubuntu2.4) ...
Setting up gnupg (2.2.27-3ubuntu2.4) ...
Processing triggers for man-db (2.10.2-1) ...
Processing triggers for install-info (6.8-4build1) ...
Package installation complete for package gnupg
######

######
NOTE: Processing package: wget
NOTE: Checking to see if package is already installed...
WARNING: apt does not have a stable CLI interface. Use with caution in scripts.

INSTALLED! Skipping.
Package installation complete for package wget
######

######
NOTE: Processing package: git-core
NOTE: Checking to see if package is already installed...
WARNING: apt does not have a stable CLI interface. Use with caution in scripts.

NOT INSTALLED!
Starting installation of package git-core
Reading package lists... Done
Building dependency tree... Done
Reading state information... Done
Note, selecting 'git' instead of 'git-core'
git is already the newest version (1:2.34.1-1ubuntu1.15).
git set to manually installed.
0 upgraded, 0 newly installed, 0 to remove and 91 not upgraded.
Package installation complete for package git-core
######

######
NOTE: Processing package: diffstat
NOTE: Checking to see if package is already installed...
WARNING: apt does not have a stable CLI interface. Use with caution in scripts.

NOT INSTALLED!
Starting installation of package diffstat
Reading package lists... Done
Building dependency tree... Done
Reading state information... Done
The following NEW packages will be installed:
  diffstat
0 upgraded, 1 newly installed, 0 to remove and 91 not upgraded.
Need to get 29.2 kB of archives.
After this operation, 76.8 kB of additional disk space will be used.
Get:1 http://archive.ubuntu.com/ubuntu jammy/main amd64 diffstat amd64 1.64-1build2 [29.2 kB]
Fetched 29.2 kB in 0s (211 kB/s)
Selecting previously unselected package diffstat.
(Reading database ... 48816 files and directories currently installed.)
Preparing to unpack .../diffstat_1.64-1build2_amd64.deb ...
Unpacking diffstat (1.64-1build2) ...
Setting up diffstat (1.64-1build2) ...
Processing triggers for man-db (2.10.2-1) ...
Package installation complete for package diffstat
######

######
NOTE: Processing package: chrpath
NOTE: Checking to see if package is already installed...
WARNING: apt does not have a stable CLI interface. Use with caution in scripts.

NOT INSTALLED!
Starting installation of package chrpath
Reading package lists... Done
Building dependency tree... Done
Reading state information... Done
The following NEW packages will be installed:
  chrpath
0 upgraded, 1 newly installed, 0 to remove and 91 not upgraded.
Need to get 13.2 kB of archives.
After this operation, 37.9 kB of additional disk space will be used.
Get:1 http://archive.ubuntu.com/ubuntu jammy/universe amd64 chrpath amd64 0.16-2 [13.2 kB]
Fetched 13.2 kB in 0s (49.9 kB/s)
Selecting previously unselected package chrpath.
(Reading database ... 48822 files and directories currently installed.)
Preparing to unpack .../chrpath_0.16-2_amd64.deb ...
Unpacking chrpath (0.16-2) ...
Setting up chrpath (0.16-2) ...
Processing triggers for man-db (2.10.2-1) ...
Package installation complete for package chrpath
######

######
NOTE: Processing package: socat
NOTE: Checking to see if package is already installed...
WARNING: apt does not have a stable CLI interface. Use with caution in scripts.

NOT INSTALLED!
Starting installation of package socat
Reading package lists... Done
Building dependency tree... Done
Reading state information... Done
The following NEW packages will be installed:
  socat
0 upgraded, 1 newly installed, 0 to remove and 91 not upgraded.
Need to get 349 kB of archives.
After this operation, 1381 kB of additional disk space will be used.
Get:1 http://archive.ubuntu.com/ubuntu jammy/main amd64 socat amd64 1.7.4.1-3ubuntu4 [349 kB]
Fetched 349 kB in 2s (227 kB/s)
Selecting previously unselected package socat.
(Reading database ... 48830 files and directories currently installed.)
Preparing to unpack .../socat_1.7.4.1-3ubuntu4_amd64.deb ...
Unpacking socat (1.7.4.1-3ubuntu4) ...
Setting up socat (1.7.4.1-3ubuntu4) ...
Processing triggers for man-db (2.10.2-1) ...
Package installation complete for package socat
######

######
NOTE: Processing package: xterm
NOTE: Checking to see if package is already installed...
WARNING: apt does not have a stable CLI interface. Use with caution in scripts.

NOT INSTALLED!
Starting installation of package xterm
Reading package lists... Done
Building dependency tree... Done
Reading state information... Done
The following additional packages will be installed:
  libfontenc1 libice6 libsm6 libxaw7 libxcb-shape0 libxft2 libxkbfile1 libxmu6 libxt6 libxv1 libxxf86dga1 x11-utils xbitmaps
Suggested packages:
  mesa-utils xfonts-cyrillic
The following NEW packages will be installed:
  libfontenc1 libice6 libsm6 libxaw7 libxcb-shape0 libxft2 libxkbfile1 libxmu6 libxt6 libxv1 libxxf86dga1 x11-utils xbitmaps xterm
0 upgraded, 14 newly installed, 0 to remove and 91 not upgraded.
Need to get 1721 kB of archives.
After this operation, 5190 kB of additional disk space will be used.
Get:1 http://archive.ubuntu.com/ubuntu jammy/main amd64 libfontenc1 amd64 1:1.1.4-1build3 [14.7 kB]
Get:2 http://archive.ubuntu.com/ubuntu jammy/main amd64 libice6 amd64 2:1.0.10-1build2 [42.6 kB]
Get:3 http://archive.ubuntu.com/ubuntu jammy/main amd64 libsm6 amd64 2:1.2.3-1build2 [16.7 kB]
Get:4 http://archive.ubuntu.com/ubuntu jammy/main amd64 libxt6 amd64 1:1.2.1-1 [177 kB]
Get:5 http://archive.ubuntu.com/ubuntu jammy/main amd64 libxmu6 amd64 2:1.1.3-3 [49.6 kB]
Get:6 http://archive.ubuntu.com/ubuntu jammy/main amd64 libxaw7 amd64 2:1.0.14-1 [191 kB]
Get:7 http://archive.ubuntu.com/ubuntu jammy/main amd64 libxcb-shape0 amd64 1.14-3ubuntu3 [6158 B]
Get:8 http://archive.ubuntu.com/ubuntu jammy/main amd64 libxft2 amd64 2.3.4-1 [41.8 kB]
Get:9 http://archive.ubuntu.com/ubuntu jammy/main amd64 libxkbfile1 amd64 1:1.1.0-1build3 [71.8 kB]
Get:10 http://archive.ubuntu.com/ubuntu jammy/main amd64 libxv1 amd64 2:1.0.11-1build2 [11.2 kB]
Get:11 http://archive.ubuntu.com/ubuntu jammy/main amd64 libxxf86dga1 amd64 2:1.1.5-0ubuntu3 [12.6 kB]
Get:12 http://archive.ubuntu.com/ubuntu jammy/main amd64 x11-utils amd64 7.7+5build2 [206 kB]
Get:13 http://archive.ubuntu.com/ubuntu jammy/main amd64 xbitmaps all 1.1.1-2.1ubuntu1 [23.4 kB]
Get:14 http://archive.ubuntu.com/ubuntu jammy/universe amd64 xterm amd64 372-1ubuntu1 [857 kB]
Fetched 1721 kB in 2s (770 kB/s)
Selecting previously unselected package libfontenc1:amd64.
(Reading database ... 48870 files and directories currently installed.)
Preparing to unpack .../00-libfontenc1_1%3a1.1.4-1build3_amd64.deb ...
Unpacking libfontenc1:amd64 (1:1.1.4-1build3) ...
Selecting previously unselected package libice6:amd64.
Preparing to unpack .../01-libice6_2%3a1.0.10-1build2_amd64.deb ...
Unpacking libice6:amd64 (2:1.0.10-1build2) ...
Selecting previously unselected package libsm6:amd64.
Preparing to unpack .../02-libsm6_2%3a1.2.3-1build2_amd64.deb ...
Unpacking libsm6:amd64 (2:1.2.3-1build2) ...
Selecting previously unselected package libxt6:amd64.
Preparing to unpack .../03-libxt6_1%3a1.2.1-1_amd64.deb ...
Unpacking libxt6:amd64 (1:1.2.1-1) ...
Selecting previously unselected package libxmu6:amd64.
Preparing to unpack .../04-libxmu6_2%3a1.1.3-3_amd64.deb ...
Unpacking libxmu6:amd64 (2:1.1.3-3) ...
Selecting previously unselected package libxaw7:amd64.
Preparing to unpack .../05-libxaw7_2%3a1.0.14-1_amd64.deb ...
Unpacking libxaw7:amd64 (2:1.0.14-1) ...
Selecting previously unselected package libxcb-shape0:amd64.
Preparing to unpack .../06-libxcb-shape0_1.14-3ubuntu3_amd64.deb ...
Unpacking libxcb-shape0:amd64 (1.14-3ubuntu3) ...
Selecting previously unselected package libxft2:amd64.
Preparing to unpack .../07-libxft2_2.3.4-1_amd64.deb ...
Unpacking libxft2:amd64 (2.3.4-1) ...
Selecting previously unselected package libxkbfile1:amd64.
Preparing to unpack .../08-libxkbfile1_1%3a1.1.0-1build3_amd64.deb ...
Unpacking libxkbfile1:amd64 (1:1.1.0-1build3) ...
Selecting previously unselected package libxv1:amd64.
Preparing to unpack .../09-libxv1_2%3a1.0.11-1build2_amd64.deb ...
Unpacking libxv1:amd64 (2:1.0.11-1build2) ...
Selecting previously unselected package libxxf86dga1:amd64.
Preparing to unpack .../10-libxxf86dga1_2%3a1.1.5-0ubuntu3_amd64.deb ...
Unpacking libxxf86dga1:amd64 (2:1.1.5-0ubuntu3) ...
Selecting previously unselected package x11-utils.
Preparing to unpack .../11-x11-utils_7.7+5build2_amd64.deb ...
Unpacking x11-utils (7.7+5build2) ...
Selecting previously unselected package xbitmaps.
Preparing to unpack .../12-xbitmaps_1.1.1-2.1ubuntu1_all.deb ...
Unpacking xbitmaps (1.1.1-2.1ubuntu1) ...
Selecting previously unselected package xterm.
Preparing to unpack .../13-xterm_372-1ubuntu1_amd64.deb ...
Unpacking xterm (372-1ubuntu1) ...
Setting up libice6:amd64 (2:1.0.10-1build2) ...
Setting up libxft2:amd64 (2.3.4-1) ...
Setting up libxcb-shape0:amd64 (1.14-3ubuntu3) ...
Setting up libxxf86dga1:amd64 (2:1.1.5-0ubuntu3) ...
Setting up libfontenc1:amd64 (1:1.1.4-1build3) ...
Setting up libxv1:amd64 (2:1.0.11-1build2) ...
Setting up libxkbfile1:amd64 (1:1.1.0-1build3) ...
Setting up libsm6:amd64 (2:1.2.3-1build2) ...
Setting up xbitmaps (1.1.1-2.1ubuntu1) ...
Setting up libxt6:amd64 (1:1.2.1-1) ...
Setting up libxmu6:amd64 (2:1.1.3-3) ...
Setting up libxaw7:amd64 (2:1.0.14-1) ...
Setting up x11-utils (7.7+5build2) ...
Setting up xterm (372-1ubuntu1) ...
update-alternatives: using /usr/bin/xterm to provide /usr/bin/x-terminal-emulator (x-terminal-emulator) in auto mode
update-alternatives: using /usr/bin/lxterm to provide /usr/bin/x-terminal-emulator (x-terminal-emulator) in auto mode
Processing triggers for libc-bin (2.35-0ubuntu3.8) ...
Processing triggers for man-db (2.10.2-1) ...
Processing triggers for hicolor-icon-theme (0.17-2) ...
Package installation complete for package xterm
######

######
NOTE: Processing package: autoconf
NOTE: Checking to see if package is already installed...
WARNING: apt does not have a stable CLI interface. Use with caution in scripts.

NOT INSTALLED!
Starting installation of package autoconf
Reading package lists... Done
Building dependency tree... Done
Reading state information... Done
The following additional packages will be installed:
  automake autotools-dev
Suggested packages:
  autoconf-archive gnu-standards autoconf-doc libtool gettext
The following NEW packages will be installed:
  autoconf automake autotools-dev
0 upgraded, 3 newly installed, 0 to remove and 91 not upgraded.
Need to get 940 kB of archives.
After this operation, 3837 kB of additional disk space will be used.
Get:1 http://archive.ubuntu.com/ubuntu jammy/main amd64 autoconf all 2.71-2 [338 kB]
Get:2 http://archive.ubuntu.com/ubuntu jammy/main amd64 autotools-dev all 20220109.1 [44.9 kB]
Get:3 http://archive.ubuntu.com/ubuntu jammy/main amd64 automake all 1:1.16.5-1.3 [558 kB]
Fetched 940 kB in 2s (509 kB/s)
Selecting previously unselected package autoconf.
(Reading database ... 49098 files and directories currently installed.)
Preparing to unpack .../autoconf_2.71-2_all.deb ...
Unpacking autoconf (2.71-2) ...
Selecting previously unselected package autotools-dev.
Preparing to unpack .../autotools-dev_20220109.1_all.deb ...
Unpacking autotools-dev (20220109.1) ...
Selecting previously unselected package automake.
Preparing to unpack .../automake_1%3a1.16.5-1.3_all.deb ...
Unpacking automake (1:1.16.5-1.3) ...
Setting up autotools-dev (20220109.1) ...
Setting up autoconf (2.71-2) ...
Setting up automake (1:1.16.5-1.3) ...
update-alternatives: using /usr/bin/automake-1.16 to provide /usr/bin/automake (automake) in auto mode
Processing triggers for install-info (6.8-4build1) ...
Processing triggers for man-db (2.10.2-1) ...
Package installation complete for package autoconf
######

######
NOTE: Processing package: libtool
NOTE: Checking to see if package is already installed...
WARNING: apt does not have a stable CLI interface. Use with caution in scripts.

NOT INSTALLED!
Starting installation of package libtool
Reading package lists... Done
Building dependency tree... Done
Reading state information... Done
The following additional packages will be installed:
  libltdl-dev libltdl7
Suggested packages:
  libtool-doc gfortran | fortran95-compiler gcj-jdk
The following NEW packages will be installed:
  libltdl-dev libltdl7 libtool
0 upgraded, 3 newly installed, 0 to remove and 91 not upgraded.
Need to get 373 kB of archives.
After this operation, 2616 kB of additional disk space will be used.
Get:1 http://archive.ubuntu.com/ubuntu jammy/main amd64 libltdl7 amd64 2.4.6-15build2 [39.6 kB]
Get:2 http://archive.ubuntu.com/ubuntu jammy/main amd64 libltdl-dev amd64 2.4.6-15build2 [169 kB]
Get:3 http://archive.ubuntu.com/ubuntu jammy/main amd64 libtool all 2.4.6-15build2 [164 kB]
Fetched 373 kB in 0s (775 kB/s)
Selecting previously unselected package libltdl7:amd64.
(Reading database ... 49328 files and directories currently installed.)
Preparing to unpack .../libltdl7_2.4.6-15build2_amd64.deb ...
Unpacking libltdl7:amd64 (2.4.6-15build2) ...
Selecting previously unselected package libltdl-dev:amd64.
Preparing to unpack .../libltdl-dev_2.4.6-15build2_amd64.deb ...
Unpacking libltdl-dev:amd64 (2.4.6-15build2) ...
Selecting previously unselected package libtool.
Preparing to unpack .../libtool_2.4.6-15build2_all.deb ...
Unpacking libtool (2.4.6-15build2) ...
Setting up libtool (2.4.6-15build2) ...
Setting up libltdl7:amd64 (2.4.6-15build2) ...
Setting up libltdl-dev:amd64 (2.4.6-15build2) ...
Processing triggers for man-db (2.10.2-1) ...
Processing triggers for libc-bin (2.35-0ubuntu3.8) ...
Package installation complete for package libtool
######

######
NOTE: Processing package: tar
NOTE: Checking to see if package is already installed...
WARNING: apt does not have a stable CLI interface. Use with caution in scripts.

INSTALLED! Skipping.
Package installation complete for package tar
######

######
NOTE: Processing package: unzip
NOTE: Checking to see if package is already installed...
WARNING: apt does not have a stable CLI interface. Use with caution in scripts.

NOT INSTALLED!
Starting installation of package unzip
Reading package lists... Done
Building dependency tree... Done
Reading state information... Done
Suggested packages:
  zip
The following NEW packages will be installed:
  unzip
0 upgraded, 1 newly installed, 0 to remove and 91 not upgraded.
Need to get 175 kB of archives.
After this operation, 386 kB of additional disk space will be used.
Get:1 http://archive.ubuntu.com/ubuntu jammy-updates/main amd64 unzip amd64 6.0-26ubuntu3.2 [175 kB]
Fetched 175 kB in 1s (250 kB/s)
Selecting previously unselected package unzip.
(Reading database ... 49403 files and directories currently installed.)
Preparing to unpack .../unzip_6.0-26ubuntu3.2_amd64.deb ...
Unpacking unzip (6.0-26ubuntu3.2) ...
Setting up unzip (6.0-26ubuntu3.2) ...
Processing triggers for man-db (2.10.2-1) ...
Package installation complete for package unzip
######

######
NOTE: Processing package: texinfo
NOTE: Checking to see if package is already installed...
WARNING: apt does not have a stable CLI interface. Use with caution in scripts.

NOT INSTALLED!
Starting installation of package texinfo
Reading package lists... Done
Building dependency tree... Done
Reading state information... Done
The following additional packages will be installed:
  libauthen-sasl-perl libclone-perl libdata-dump-perl libencode-locale-perl libfile-listing-perl libfont-afm-perl libhtml-form-perl libhtml-format-perl libhtml-parser-perl
  libhtml-tagset-perl libhtml-tree-perl libhttp-cookies-perl libhttp-daemon-perl libhttp-date-perl libhttp-message-perl libhttp-negotiate-perl libio-html-perl libio-socket-ssl-perl
  liblwp-mediatypes-perl liblwp-protocol-https-perl libmailtools-perl libnet-http-perl libnet-smtp-ssl-perl libnet-ssleay-perl libtext-unidecode-perl libtimedate-perl libtry-tiny-perl
  liburi-perl libwww-perl libwww-robotrules-perl libxml-libxml-perl libxml-namespacesupport-perl libxml-parser-perl libxml-sax-base-perl libxml-sax-expat-perl libxml-sax-perl
  perl-openssl-defaults tex-common
Suggested packages:
  libdigest-hmac-perl libgssapi-perl libcrypt-ssleay-perl libsub-name-perl libbusiness-isbn-perl libauthen-ntlm-perl libxml-sax-expatxs-perl debhelper texlive-base texlive-latex-base
  texlive-plain-generic texlive-fonts-recommended
The following NEW packages will be installed:
  libauthen-sasl-perl libclone-perl libdata-dump-perl libencode-locale-perl libfile-listing-perl libfont-afm-perl libhtml-form-perl libhtml-format-perl libhtml-parser-perl
  libhtml-tagset-perl libhtml-tree-perl libhttp-cookies-perl libhttp-daemon-perl libhttp-date-perl libhttp-message-perl libhttp-negotiate-perl libio-html-perl libio-socket-ssl-perl
  liblwp-mediatypes-perl liblwp-protocol-https-perl libmailtools-perl libnet-http-perl libnet-smtp-ssl-perl libnet-ssleay-perl libtext-unidecode-perl libtimedate-perl libtry-tiny-perl
  liburi-perl libwww-perl libwww-robotrules-perl libxml-libxml-perl libxml-namespacesupport-perl libxml-parser-perl libxml-sax-base-perl libxml-sax-expat-perl libxml-sax-perl
  perl-openssl-defaults tex-common texinfo
0 upgraded, 39 newly installed, 0 to remove and 91 not upgraded.
Need to get 3784 kB of archives.
After this operation, 19.6 MB of additional disk space will be used.
Get:1 http://archive.ubuntu.com/ubuntu jammy/universe amd64 tex-common all 6.17 [33.7 kB]
Get:2 http://archive.ubuntu.com/ubuntu jammy/main amd64 libclone-perl amd64 0.45-1build3 [11.0 kB]
Get:3 http://archive.ubuntu.com/ubuntu jammy/main amd64 libdata-dump-perl all 1.25-1 [25.9 kB]
Get:4 http://archive.ubuntu.com/ubuntu jammy/main amd64 libencode-locale-perl all 1.05-1.1 [11.8 kB]
Get:5 http://archive.ubuntu.com/ubuntu jammy/main amd64 libtimedate-perl all 2.3300-2 [34.0 kB]
Get:6 http://archive.ubuntu.com/ubuntu jammy/main amd64 libhttp-date-perl all 6.05-1 [9920 B]
Get:7 http://archive.ubuntu.com/ubuntu jammy/main amd64 libfile-listing-perl all 6.14-1 [11.2 kB]
Get:8 http://archive.ubuntu.com/ubuntu jammy/main amd64 libfont-afm-perl all 1.20-3 [13.6 kB]
Get:9 http://archive.ubuntu.com/ubuntu jammy/main amd64 libhtml-tagset-perl all 3.20-4 [12.5 kB]
Get:10 http://archive.ubuntu.com/ubuntu jammy/main amd64 liburi-perl all 5.10-1 [78.8 kB]
Get:11 http://archive.ubuntu.com/ubuntu jammy/main amd64 libhtml-parser-perl amd64 3.76-1build2 [88.4 kB]
Get:12 http://archive.ubuntu.com/ubuntu jammy/main amd64 libio-html-perl all 1.004-2 [15.4 kB]
Get:13 http://archive.ubuntu.com/ubuntu jammy/main amd64 liblwp-mediatypes-perl all 6.04-1 [19.5 kB]
Get:14 http://archive.ubuntu.com/ubuntu jammy/main amd64 libhttp-message-perl all 6.36-1 [76.8 kB]
Get:15 http://archive.ubuntu.com/ubuntu jammy/main amd64 libhtml-form-perl all 6.07-1 [22.2 kB]
Get:16 http://archive.ubuntu.com/ubuntu jammy/main amd64 libhtml-tree-perl all 5.07-2 [200 kB]
Get:17 http://archive.ubuntu.com/ubuntu jammy/main amd64 libhtml-format-perl all 2.12-1.1 [41.3 kB]
Get:18 http://archive.ubuntu.com/ubuntu jammy/main amd64 libhttp-cookies-perl all 6.10-1 [18.4 kB]
Get:19 http://archive.ubuntu.com/ubuntu jammy-updates/main amd64 libhttp-daemon-perl all 6.13-1ubuntu0.1 [22.9 kB]
Get:20 http://archive.ubuntu.com/ubuntu jammy/main amd64 libhttp-negotiate-perl all 6.01-1 [12.5 kB]
Get:21 http://archive.ubuntu.com/ubuntu jammy/main amd64 perl-openssl-defaults amd64 5build2 [7542 B]
Get:22 http://archive.ubuntu.com/ubuntu jammy/main amd64 libnet-ssleay-perl amd64 1.92-1build2 [327 kB]
Get:23 http://archive.ubuntu.com/ubuntu jammy/main amd64 libio-socket-ssl-perl all 2.074-2 [192 kB]
Get:24 http://archive.ubuntu.com/ubuntu jammy/main amd64 libnet-http-perl all 6.22-1 [23.2 kB]
Get:25 http://archive.ubuntu.com/ubuntu jammy/main amd64 libtry-tiny-perl all 0.31-1 [21.8 kB]
Get:26 http://archive.ubuntu.com/ubuntu jammy/main amd64 libwww-robotrules-perl all 6.02-1 [12.6 kB]
Get:27 http://archive.ubuntu.com/ubuntu jammy/main amd64 libwww-perl all 6.61-1 [141 kB]
Get:28 http://archive.ubuntu.com/ubuntu jammy/main amd64 liblwp-protocol-https-perl all 6.10-1 [10.9 kB]
Get:29 http://archive.ubuntu.com/ubuntu jammy/main amd64 libnet-smtp-ssl-perl all 1.04-1 [5948 B]
Get:30 http://archive.ubuntu.com/ubuntu jammy/main amd64 libmailtools-perl all 2.21-1 [80.7 kB]
Get:31 http://archive.ubuntu.com/ubuntu jammy/universe amd64 libtext-unidecode-perl all 1.30-1 [99.0 kB]
Get:32 http://archive.ubuntu.com/ubuntu jammy/main amd64 libxml-namespacesupport-perl all 1.12-1.1 [13.2 kB]
Get:33 http://archive.ubuntu.com/ubuntu jammy/main amd64 libxml-sax-base-perl all 1.09-1.1 [19.0 kB]
Get:34 http://archive.ubuntu.com/ubuntu jammy/main amd64 libxml-sax-perl all 1.02+dfsg-3 [57.0 kB]
Get:35 http://archive.ubuntu.com/ubuntu jammy/main amd64 libxml-libxml-perl amd64 2.0207+dfsg+really+2.0134-1 [325 kB]
Get:36 http://archive.ubuntu.com/ubuntu jammy/main amd64 libxml-parser-perl amd64 2.46-3build1 [212 kB]
Get:37 http://archive.ubuntu.com/ubuntu jammy/main amd64 libxml-sax-expat-perl all 0.51-1 [10.5 kB]
Get:38 http://archive.ubuntu.com/ubuntu jammy/universe amd64 texinfo amd64 6.8-4build1 [1423 kB]
Get:39 http://archive.ubuntu.com/ubuntu jammy/main amd64 libauthen-sasl-perl all 2.1600-1.1 [43.1 kB]
Fetched 3784 kB in 7s (558 kB/s)
Extracting templates from packages: 100%
Selecting previously unselected package tex-common.
(Reading database ... 49421 files and directories currently installed.)
Preparing to unpack .../00-tex-common_6.17_all.deb ...
Unpacking tex-common (6.17) ...
Selecting previously unselected package libclone-perl.
Preparing to unpack .../01-libclone-perl_0.45-1build3_amd64.deb ...
Unpacking libclone-perl (0.45-1build3) ...
Selecting previously unselected package libdata-dump-perl.
Preparing to unpack .../02-libdata-dump-perl_1.25-1_all.deb ...
Unpacking libdata-dump-perl (1.25-1) ...
Selecting previously unselected package libencode-locale-perl.
Preparing to unpack .../03-libencode-locale-perl_1.05-1.1_all.deb ...
Unpacking libencode-locale-perl (1.05-1.1) ...
Selecting previously unselected package libtimedate-perl.
Preparing to unpack .../04-libtimedate-perl_2.3300-2_all.deb ...
Unpacking libtimedate-perl (2.3300-2) ...
Selecting previously unselected package libhttp-date-perl.
Preparing to unpack .../05-libhttp-date-perl_6.05-1_all.deb ...
Unpacking libhttp-date-perl (6.05-1) ...
Selecting previously unselected package libfile-listing-perl.
Preparing to unpack .../06-libfile-listing-perl_6.14-1_all.deb ...
Unpacking libfile-listing-perl (6.14-1) ...
Selecting previously unselected package libfont-afm-perl.
Preparing to unpack .../07-libfont-afm-perl_1.20-3_all.deb ...
Unpacking libfont-afm-perl (1.20-3) ...
Selecting previously unselected package libhtml-tagset-perl.
Preparing to unpack .../08-libhtml-tagset-perl_3.20-4_all.deb ...
Unpacking libhtml-tagset-perl (3.20-4) ...
Selecting previously unselected package liburi-perl.
Preparing to unpack .../09-liburi-perl_5.10-1_all.deb ...
Unpacking liburi-perl (5.10-1) ...
Selecting previously unselected package libhtml-parser-perl:amd64.
Preparing to unpack .../10-libhtml-parser-perl_3.76-1build2_amd64.deb ...
Unpacking libhtml-parser-perl:amd64 (3.76-1build2) ...
Selecting previously unselected package libio-html-perl.
Preparing to unpack .../11-libio-html-perl_1.004-2_all.deb ...
Unpacking libio-html-perl (1.004-2) ...
Selecting previously unselected package liblwp-mediatypes-perl.
Preparing to unpack .../12-liblwp-mediatypes-perl_6.04-1_all.deb ...
Unpacking liblwp-mediatypes-perl (6.04-1) ...
Selecting previously unselected package libhttp-message-perl.
Preparing to unpack .../13-libhttp-message-perl_6.36-1_all.deb ...
Unpacking libhttp-message-perl (6.36-1) ...
Selecting previously unselected package libhtml-form-perl.
Preparing to unpack .../14-libhtml-form-perl_6.07-1_all.deb ...
Unpacking libhtml-form-perl (6.07-1) ...
Selecting previously unselected package libhtml-tree-perl.
Preparing to unpack .../15-libhtml-tree-perl_5.07-2_all.deb ...
Unpacking libhtml-tree-perl (5.07-2) ...
Selecting previously unselected package libhtml-format-perl.
Preparing to unpack .../16-libhtml-format-perl_2.12-1.1_all.deb ...
Unpacking libhtml-format-perl (2.12-1.1) ...
Selecting previously unselected package libhttp-cookies-perl.
Preparing to unpack .../17-libhttp-cookies-perl_6.10-1_all.deb ...
Unpacking libhttp-cookies-perl (6.10-1) ...
Selecting previously unselected package libhttp-daemon-perl.
Preparing to unpack .../18-libhttp-daemon-perl_6.13-1ubuntu0.1_all.deb ...
Unpacking libhttp-daemon-perl (6.13-1ubuntu0.1) ...
Selecting previously unselected package libhttp-negotiate-perl.
Preparing to unpack .../19-libhttp-negotiate-perl_6.01-1_all.deb ...
Unpacking libhttp-negotiate-perl (6.01-1) ...
Selecting previously unselected package perl-openssl-defaults:amd64.
Preparing to unpack .../20-perl-openssl-defaults_5build2_amd64.deb ...
Unpacking perl-openssl-defaults:amd64 (5build2) ...
Selecting previously unselected package libnet-ssleay-perl:amd64.
Preparing to unpack .../21-libnet-ssleay-perl_1.92-1build2_amd64.deb ...
Unpacking libnet-ssleay-perl:amd64 (1.92-1build2) ...
Selecting previously unselected package libio-socket-ssl-perl.
Preparing to unpack .../22-libio-socket-ssl-perl_2.074-2_all.deb ...
Unpacking libio-socket-ssl-perl (2.074-2) ...
Selecting previously unselected package libnet-http-perl.
Preparing to unpack .../23-libnet-http-perl_6.22-1_all.deb ...
Unpacking libnet-http-perl (6.22-1) ...
Selecting previously unselected package libtry-tiny-perl.
Preparing to unpack .../24-libtry-tiny-perl_0.31-1_all.deb ...
Unpacking libtry-tiny-perl (0.31-1) ...
Selecting previously unselected package libwww-robotrules-perl.
Preparing to unpack .../25-libwww-robotrules-perl_6.02-1_all.deb ...
Unpacking libwww-robotrules-perl (6.02-1) ...
Selecting previously unselected package libwww-perl.
Preparing to unpack .../26-libwww-perl_6.61-1_all.deb ...
Unpacking libwww-perl (6.61-1) ...
Selecting previously unselected package liblwp-protocol-https-perl.
Preparing to unpack .../27-liblwp-protocol-https-perl_6.10-1_all.deb ...
Unpacking liblwp-protocol-https-perl (6.10-1) ...
Selecting previously unselected package libnet-smtp-ssl-perl.
Preparing to unpack .../28-libnet-smtp-ssl-perl_1.04-1_all.deb ...
Unpacking libnet-smtp-ssl-perl (1.04-1) ...
Selecting previously unselected package libmailtools-perl.
Preparing to unpack .../29-libmailtools-perl_2.21-1_all.deb ...
Unpacking libmailtools-perl (2.21-1) ...
Selecting previously unselected package libtext-unidecode-perl.
Preparing to unpack .../30-libtext-unidecode-perl_1.30-1_all.deb ...
Unpacking libtext-unidecode-perl (1.30-1) ...
Selecting previously unselected package libxml-namespacesupport-perl.
Preparing to unpack .../31-libxml-namespacesupport-perl_1.12-1.1_all.deb ...
Unpacking libxml-namespacesupport-perl (1.12-1.1) ...
Selecting previously unselected package libxml-sax-base-perl.
Preparing to unpack .../32-libxml-sax-base-perl_1.09-1.1_all.deb ...
Unpacking libxml-sax-base-perl (1.09-1.1) ...
Selecting previously unselected package libxml-sax-perl.
Preparing to unpack .../33-libxml-sax-perl_1.02+dfsg-3_all.deb ...
Unpacking libxml-sax-perl (1.02+dfsg-3) ...
Selecting previously unselected package libxml-libxml-perl.
Preparing to unpack .../34-libxml-libxml-perl_2.0207+dfsg+really+2.0134-1_amd64.deb ...
Unpacking libxml-libxml-perl (2.0207+dfsg+really+2.0134-1) ...
Selecting previously unselected package libxml-parser-perl:amd64.
Preparing to unpack .../35-libxml-parser-perl_2.46-3build1_amd64.deb ...
Unpacking libxml-parser-perl:amd64 (2.46-3build1) ...
Selecting previously unselected package libxml-sax-expat-perl.
Preparing to unpack .../36-libxml-sax-expat-perl_0.51-1_all.deb ...
Unpacking libxml-sax-expat-perl (0.51-1) ...
Selecting previously unselected package texinfo.
Preparing to unpack .../37-texinfo_6.8-4build1_amd64.deb ...
Unpacking texinfo (6.8-4build1) ...
Selecting previously unselected package libauthen-sasl-perl.
Preparing to unpack .../38-libauthen-sasl-perl_2.1600-1.1_all.deb ...
Unpacking libauthen-sasl-perl (2.1600-1.1) ...
Setting up libfont-afm-perl (1.20-3) ...
Setting up libclone-perl (0.45-1build3) ...
Setting up libhtml-tagset-perl (3.20-4) ...
Setting up libauthen-sasl-perl (2.1600-1.1) ...
Setting up liblwp-mediatypes-perl (6.04-1) ...
Setting up libtry-tiny-perl (0.31-1) ...
Setting up perl-openssl-defaults:amd64 (5build2) ...
Setting up libxml-namespacesupport-perl (1.12-1.1) ...
Setting up libencode-locale-perl (1.05-1.1) ...
Setting up tex-common (6.17) ...
update-language: texlive-base not installed and configured, doing nothing!
Setting up libxml-sax-base-perl (1.09-1.1) ...
Setting up libdata-dump-perl (1.25-1) ...
Setting up libio-html-perl (1.004-2) ...
Setting up libtimedate-perl (2.3300-2) ...
Setting up libtext-unidecode-perl (1.30-1) ...
Setting up liburi-perl (5.10-1) ...
Setting up libnet-ssleay-perl:amd64 (1.92-1build2) ...
Setting up libhttp-date-perl (6.05-1) ...
Setting up libfile-listing-perl (6.14-1) ...
Setting up libnet-http-perl (6.22-1) ...
Setting up libxml-sax-perl (1.02+dfsg-3) ...
update-perl-sax-parsers: Registering Perl SAX parser XML::SAX::PurePerl with priority 10...
update-perl-sax-parsers: Updating overall Perl SAX parser modules info file...

Creating config file /etc/perl/XML/SAX/ParserDetails.ini with new version
Setting up libxml-libxml-perl (2.0207+dfsg+really+2.0134-1) ...
update-perl-sax-parsers: Registering Perl SAX parser XML::LibXML::SAX::Parser with priority 50...
update-perl-sax-parsers: Registering Perl SAX parser XML::LibXML::SAX with priority 50...
update-perl-sax-parsers: Updating overall Perl SAX parser modules info file...
Replacing config file /etc/perl/XML/SAX/ParserDetails.ini with new version
Setting up libwww-robotrules-perl (6.02-1) ...
Setting up libhtml-parser-perl:amd64 (3.76-1build2) ...
Setting up libio-socket-ssl-perl (2.074-2) ...
Setting up libhttp-message-perl (6.36-1) ...
Setting up libhtml-form-perl (6.07-1) ...
Setting up libhttp-negotiate-perl (6.01-1) ...
Setting up libhttp-cookies-perl (6.10-1) ...
Setting up libhtml-tree-perl (5.07-2) ...
Setting up libhtml-format-perl (2.12-1.1) ...
Setting up libnet-smtp-ssl-perl (1.04-1) ...
Setting up libmailtools-perl (2.21-1) ...
Setting up texinfo (6.8-4build1) ...
Setting up libhttp-daemon-perl (6.13-1ubuntu0.1) ...
Setting up liblwp-protocol-https-perl (6.10-1) ...
Setting up libwww-perl (6.61-1) ...
Setting up libxml-parser-perl:amd64 (2.46-3build1) ...
Setting up libxml-sax-expat-perl (0.51-1) ...
update-perl-sax-parsers: Registering Perl SAX parser XML::SAX::Expat with priority 50...
update-perl-sax-parsers: Updating overall Perl SAX parser modules info file...
Replacing config file /etc/perl/XML/SAX/ParserDetails.ini with new version
Processing triggers for install-info (6.8-4build1) ...
Processing triggers for man-db (2.10.2-1) ...
Package installation complete for package texinfo
######

######
NOTE: Processing package: zlib1g-dev
NOTE: Checking to see if package is already installed...
WARNING: apt does not have a stable CLI interface. Use with caution in scripts.

INSTALLED! Skipping.
Package installation complete for package zlib1g-dev
######

######
NOTE: Processing package: gcc-multilib
NOTE: Checking to see if package is already installed...
WARNING: apt does not have a stable CLI interface. Use with caution in scripts.

NOT INSTALLED!
Starting installation of package gcc-multilib
Reading package lists... Done
Building dependency tree... Done
Reading state information... Done
The following additional packages will be installed:
  gcc-11-multilib lib32asan6 lib32atomic1 lib32gcc-11-dev lib32gcc-s1 lib32gomp1 lib32itm1 lib32quadmath0 lib32stdc++6 lib32ubsan1 libc6-dev-i386 libc6-dev-x32 libc6-i386 libc6-x32
  libx32asan6 libx32atomic1 libx32gcc-11-dev libx32gcc-s1 libx32gomp1 libx32itm1 libx32quadmath0 libx32stdc++6 libx32ubsan1
The following NEW packages will be installed:
  gcc-11-multilib gcc-multilib lib32asan6 lib32atomic1 lib32gcc-11-dev lib32gcc-s1 lib32gomp1 lib32itm1 lib32quadmath0 lib32stdc++6 lib32ubsan1 libc6-dev-i386 libc6-dev-x32 libc6-i386
  libc6-x32 libx32asan6 libx32atomic1 libx32gcc-11-dev libx32gcc-s1 libx32gomp1 libx32itm1 libx32quadmath0 libx32stdc++6 libx32ubsan1
0 upgraded, 24 newly installed, 0 to remove and 91 not upgraded.
Need to get 21.8 MB of archives.
After this operation, 82.8 MB of additional disk space will be used.
Get:1 http://archive.ubuntu.com/ubuntu jammy-updates/main amd64 libc6-i386 amd64 2.35-0ubuntu3.10 [2837 kB]
Get:2 http://archive.ubuntu.com/ubuntu jammy-updates/main amd64 libc6-dev-i386 amd64 2.35-0ubuntu3.10 [1445 kB]
Get:3 http://archive.ubuntu.com/ubuntu jammy-updates/main amd64 libc6-x32 amd64 2.35-0ubuntu3.10 [2978 kB]
Get:4 http://archive.ubuntu.com/ubuntu jammy-updates/main amd64 libc6-dev-x32 amd64 2.35-0ubuntu3.10 [1632 kB]
Get:5 http://archive.ubuntu.com/ubuntu jammy-updates/main amd64 lib32gcc-s1 amd64 12.3.0-1ubuntu1~22.04 [63.9 kB]
Get:6 http://archive.ubuntu.com/ubuntu jammy-updates/main amd64 libx32gcc-s1 amd64 12.3.0-1ubuntu1~22.04 [54.0 kB]
Get:7 http://archive.ubuntu.com/ubuntu jammy-updates/main amd64 lib32gomp1 amd64 12.3.0-1ubuntu1~22.04 [133 kB]
Get:8 http://archive.ubuntu.com/ubuntu jammy-updates/main amd64 libx32gomp1 amd64 12.3.0-1ubuntu1~22.04 [127 kB]
Get:9 http://archive.ubuntu.com/ubuntu jammy-updates/main amd64 lib32itm1 amd64 12.3.0-1ubuntu1~22.04 [32.0 kB]
Get:10 http://archive.ubuntu.com/ubuntu jammy-updates/main amd64 libx32itm1 amd64 12.3.0-1ubuntu1~22.04 [30.2 kB]
Get:11 http://archive.ubuntu.com/ubuntu jammy-updates/main amd64 lib32atomic1 amd64 12.3.0-1ubuntu1~22.04 [8500 B]
Get:12 http://archive.ubuntu.com/ubuntu jammy-updates/main amd64 libx32atomic1 amd64 12.3.0-1ubuntu1~22.04 [10.2 kB]
Get:13 http://archive.ubuntu.com/ubuntu jammy-updates/main amd64 lib32asan6 amd64 11.4.0-1ubuntu1~22.04 [2154 kB]
Get:14 http://archive.ubuntu.com/ubuntu jammy-updates/main amd64 libx32asan6 amd64 11.4.0-1ubuntu1~22.04 [2128 kB]
Get:15 http://archive.ubuntu.com/ubuntu jammy-updates/main amd64 lib32stdc++6 amd64 12.3.0-1ubuntu1~22.04 [740 kB]
Get:16 http://archive.ubuntu.com/ubuntu jammy-updates/main amd64 lib32ubsan1 amd64 12.3.0-1ubuntu1~22.04 [959 kB]
Get:17 http://archive.ubuntu.com/ubuntu jammy-updates/main amd64 libx32stdc++6 amd64 12.3.0-1ubuntu1~22.04 [682 kB]
Get:18 http://archive.ubuntu.com/ubuntu jammy-updates/main amd64 libx32ubsan1 amd64 12.3.0-1ubuntu1~22.04 [963 kB]
Get:19 http://archive.ubuntu.com/ubuntu jammy-updates/main amd64 lib32quadmath0 amd64 12.3.0-1ubuntu1~22.04 [244 kB]
Get:20 http://archive.ubuntu.com/ubuntu jammy-updates/main amd64 libx32quadmath0 amd64 12.3.0-1ubuntu1~22.04 [156 kB]
Get:21 http://archive.ubuntu.com/ubuntu jammy-updates/main amd64 lib32gcc-11-dev amd64 11.4.0-1ubuntu1~22.04 [2339 kB]
Get:22 http://archive.ubuntu.com/ubuntu jammy-updates/main amd64 libx32gcc-11-dev amd64 11.4.0-1ubuntu1~22.04 [2107 kB]
Get:23 http://archive.ubuntu.com/ubuntu jammy-updates/main amd64 gcc-11-multilib amd64 11.4.0-1ubuntu1~22.04 [876 B]
Get:24 http://archive.ubuntu.com/ubuntu jammy/main amd64 gcc-multilib amd64 4:11.2.0-1ubuntu1 [1382 B]
Fetched 21.8 MB in 18s (1231 kB/s)
Selecting previously unselected package libc6-i386.
(Reading database ... 51451 files and directories currently installed.)
Preparing to unpack .../00-libc6-i386_2.35-0ubuntu3.10_amd64.deb ...
Unpacking libc6-i386 (2.35-0ubuntu3.10) ...
Selecting previously unselected package libc6-dev-i386.
Preparing to unpack .../01-libc6-dev-i386_2.35-0ubuntu3.10_amd64.deb ...
Unpacking libc6-dev-i386 (2.35-0ubuntu3.10) ...
Selecting previously unselected package libc6-x32.
Preparing to unpack .../02-libc6-x32_2.35-0ubuntu3.10_amd64.deb ...
Unpacking libc6-x32 (2.35-0ubuntu3.10) ...
Selecting previously unselected package libc6-dev-x32.
Preparing to unpack .../03-libc6-dev-x32_2.35-0ubuntu3.10_amd64.deb ...
Unpacking libc6-dev-x32 (2.35-0ubuntu3.10) ...
Selecting previously unselected package lib32gcc-s1.
Preparing to unpack .../04-lib32gcc-s1_12.3.0-1ubuntu1~22.04_amd64.deb ...
Unpacking lib32gcc-s1 (12.3.0-1ubuntu1~22.04) ...
Selecting previously unselected package libx32gcc-s1.
Preparing to unpack .../05-libx32gcc-s1_12.3.0-1ubuntu1~22.04_amd64.deb ...
Unpacking libx32gcc-s1 (12.3.0-1ubuntu1~22.04) ...
Selecting previously unselected package lib32gomp1.
Preparing to unpack .../06-lib32gomp1_12.3.0-1ubuntu1~22.04_amd64.deb ...
Unpacking lib32gomp1 (12.3.0-1ubuntu1~22.04) ...
Selecting previously unselected package libx32gomp1.
Preparing to unpack .../07-libx32gomp1_12.3.0-1ubuntu1~22.04_amd64.deb ...
Unpacking libx32gomp1 (12.3.0-1ubuntu1~22.04) ...
Selecting previously unselected package lib32itm1.
Preparing to unpack .../08-lib32itm1_12.3.0-1ubuntu1~22.04_amd64.deb ...
Unpacking lib32itm1 (12.3.0-1ubuntu1~22.04) ...
Selecting previously unselected package libx32itm1.
Preparing to unpack .../09-libx32itm1_12.3.0-1ubuntu1~22.04_amd64.deb ...
Unpacking libx32itm1 (12.3.0-1ubuntu1~22.04) ...
Selecting previously unselected package lib32atomic1.
Preparing to unpack .../10-lib32atomic1_12.3.0-1ubuntu1~22.04_amd64.deb ...
Unpacking lib32atomic1 (12.3.0-1ubuntu1~22.04) ...
Selecting previously unselected package libx32atomic1.
Preparing to unpack .../11-libx32atomic1_12.3.0-1ubuntu1~22.04_amd64.deb ...
Unpacking libx32atomic1 (12.3.0-1ubuntu1~22.04) ...
Selecting previously unselected package lib32asan6.
Preparing to unpack .../12-lib32asan6_11.4.0-1ubuntu1~22.04_amd64.deb ...
Unpacking lib32asan6 (11.4.0-1ubuntu1~22.04) ...
Selecting previously unselected package libx32asan6.
Preparing to unpack .../13-libx32asan6_11.4.0-1ubuntu1~22.04_amd64.deb ...
Unpacking libx32asan6 (11.4.0-1ubuntu1~22.04) ...
Selecting previously unselected package lib32stdc++6.
Preparing to unpack .../14-lib32stdc++6_12.3.0-1ubuntu1~22.04_amd64.deb ...
Unpacking lib32stdc++6 (12.3.0-1ubuntu1~22.04) ...
Selecting previously unselected package lib32ubsan1.
Preparing to unpack .../15-lib32ubsan1_12.3.0-1ubuntu1~22.04_amd64.deb ...
Unpacking lib32ubsan1 (12.3.0-1ubuntu1~22.04) ...
Selecting previously unselected package libx32stdc++6.
Preparing to unpack .../16-libx32stdc++6_12.3.0-1ubuntu1~22.04_amd64.deb ...
Unpacking libx32stdc++6 (12.3.0-1ubuntu1~22.04) ...
Selecting previously unselected package libx32ubsan1.
Preparing to unpack .../17-libx32ubsan1_12.3.0-1ubuntu1~22.04_amd64.deb ...
Unpacking libx32ubsan1 (12.3.0-1ubuntu1~22.04) ...
Selecting previously unselected package lib32quadmath0.
Preparing to unpack .../18-lib32quadmath0_12.3.0-1ubuntu1~22.04_amd64.deb ...
Unpacking lib32quadmath0 (12.3.0-1ubuntu1~22.04) ...
Selecting previously unselected package libx32quadmath0.
Preparing to unpack .../19-libx32quadmath0_12.3.0-1ubuntu1~22.04_amd64.deb ...
Unpacking libx32quadmath0 (12.3.0-1ubuntu1~22.04) ...
Selecting previously unselected package lib32gcc-11-dev.
Preparing to unpack .../20-lib32gcc-11-dev_11.4.0-1ubuntu1~22.04_amd64.deb ...
Unpacking lib32gcc-11-dev (11.4.0-1ubuntu1~22.04) ...
Selecting previously unselected package libx32gcc-11-dev.
Preparing to unpack .../21-libx32gcc-11-dev_11.4.0-1ubuntu1~22.04_amd64.deb ...
Unpacking libx32gcc-11-dev (11.4.0-1ubuntu1~22.04) ...
Selecting previously unselected package gcc-11-multilib.
Preparing to unpack .../22-gcc-11-multilib_11.4.0-1ubuntu1~22.04_amd64.deb ...
Unpacking gcc-11-multilib (11.4.0-1ubuntu1~22.04) ...
Selecting previously unselected package gcc-multilib.
Preparing to unpack .../23-gcc-multilib_4%3a11.2.0-1ubuntu1_amd64.deb ...
Unpacking gcc-multilib (4:11.2.0-1ubuntu1) ...
Setting up libc6-x32 (2.35-0ubuntu3.10) ...
Setting up libx32gomp1 (12.3.0-1ubuntu1~22.04) ...
Setting up libc6-i386 (2.35-0ubuntu3.10) ...
Setting up libx32quadmath0 (12.3.0-1ubuntu1~22.04) ...
Setting up lib32atomic1 (12.3.0-1ubuntu1~22.04) ...
Setting up libx32atomic1 (12.3.0-1ubuntu1~22.04) ...
Setting up libc6-dev-i386 (2.35-0ubuntu3.10) ...
Setting up lib32itm1 (12.3.0-1ubuntu1~22.04) ...
Setting up libx32gcc-s1 (12.3.0-1ubuntu1~22.04) ...
Setting up libx32itm1 (12.3.0-1ubuntu1~22.04) ...
Setting up libc6-dev-x32 (2.35-0ubuntu3.10) ...
Setting up lib32gomp1 (12.3.0-1ubuntu1~22.04) ...
Setting up libx32asan6 (11.4.0-1ubuntu1~22.04) ...
Setting up lib32gcc-s1 (12.3.0-1ubuntu1~22.04) ...
Setting up lib32stdc++6 (12.3.0-1ubuntu1~22.04) ...
Setting up lib32asan6 (11.4.0-1ubuntu1~22.04) ...
Setting up lib32quadmath0 (12.3.0-1ubuntu1~22.04) ...
Setting up libx32stdc++6 (12.3.0-1ubuntu1~22.04) ...
Setting up libx32ubsan1 (12.3.0-1ubuntu1~22.04) ...
Setting up lib32ubsan1 (12.3.0-1ubuntu1~22.04) ...
Setting up libx32gcc-11-dev (11.4.0-1ubuntu1~22.04) ...
Setting up lib32gcc-11-dev (11.4.0-1ubuntu1~22.04) ...
Setting up gcc-11-multilib (11.4.0-1ubuntu1~22.04) ...
Setting up gcc-multilib (4:11.2.0-1ubuntu1) ...
Processing triggers for libc-bin (2.35-0ubuntu3.8) ...
Package installation complete for package gcc-multilib
######

######
NOTE: Processing package: automake
NOTE: Checking to see if package is already installed...
WARNING: apt does not have a stable CLI interface. Use with caution in scripts.

INSTALLED! Skipping.
Package installation complete for package automake
######

######
NOTE: Processing package: zlib1g:i386
NOTE: Checking to see if package is already installed...
WARNING: apt does not have a stable CLI interface. Use with caution in scripts.

NOT INSTALLED!
Starting installation of package zlib1g:i386
Reading package lists... Done
Building dependency tree... Done
Reading state information... Done
E: Unable to locate package zlib1g:i386
Package installation complete for package zlib1g:i386
######

######
NOTE: Processing package: screen
NOTE: Checking to see if package is already installed...
WARNING: apt does not have a stable CLI interface. Use with caution in scripts.

INSTALLED! Skipping.
Package installation complete for package screen
######

######
NOTE: Processing package: pax
NOTE: Checking to see if package is already installed...
WARNING: apt does not have a stable CLI interface. Use with caution in scripts.

NOT INSTALLED!
Starting installation of package pax
Reading package lists... Done
Building dependency tree... Done
Reading state information... Done
The following NEW packages will be installed:
  pax
0 upgraded, 1 newly installed, 0 to remove and 91 not upgraded.
Need to get 86.8 kB of archives.
After this operation, 178 kB of additional disk space will be used.
Get:1 http://archive.ubuntu.com/ubuntu jammy/main amd64 pax amd64 1:20201030-1build2 [86.8 kB]
Fetched 86.8 kB in 1s (161 kB/s)
Selecting previously unselected package pax.
(Reading database ... 52308 files and directories currently installed.)
Preparing to unpack .../pax_1%3a20201030-1build2_amd64.deb ...
Unpacking pax (1:20201030-1build2) ...
Setting up pax (1:20201030-1build2) ...
Processing triggers for man-db (2.10.2-1) ...
Package installation complete for package pax
######

######
NOTE: Processing package: gzip
NOTE: Checking to see if package is already installed...
WARNING: apt does not have a stable CLI interface. Use with caution in scripts.

INSTALLED! Skipping.
Package installation complete for package gzip
######

######
NOTE: Processing package: cpio
NOTE: Checking to see if package is already installed...
WARNING: apt does not have a stable CLI interface. Use with caution in scripts.

INSTALLED! Skipping.
Package installation complete for package cpio
######

######
NOTE: Processing package: python3-pip
NOTE: Checking to see if package is already installed...
WARNING: apt does not have a stable CLI interface. Use with caution in scripts.

NOT INSTALLED!
Starting installation of package python3-pip
Reading package lists... Done
Building dependency tree... Done
Reading state information... Done
The following additional packages will be installed:
  javascript-common libexpat1 libexpat1-dev libjs-jquery libjs-sphinxdoc libjs-underscore libpython3-dev libpython3.10 libpython3.10-dev libpython3.10-minimal libpython3.10-stdlib
  python3-dev python3-wheel python3.10 python3.10-dev python3.10-minimal
Suggested packages:
  apache2 | lighttpd | httpd python3.10-venv python3.10-doc binfmt-support
The following NEW packages will be installed:
  javascript-common libexpat1-dev libjs-jquery libjs-sphinxdoc libjs-underscore libpython3-dev libpython3.10-dev python3-dev python3-pip python3-wheel python3.10-dev
The following packages will be upgraded:
  libexpat1 libpython3.10 libpython3.10-minimal libpython3.10-stdlib python3.10 python3.10-minimal
6 upgraded, 11 newly installed, 0 to remove and 85 not upgraded.
Need to get 14.9 MB of archives.
After this operation, 31.1 MB of additional disk space will be used.
Get:1 http://archive.ubuntu.com/ubuntu jammy-updates/main amd64 libexpat1 amd64 2.4.7-1ubuntu0.6 [92.1 kB]
Get:2 http://archive.ubuntu.com/ubuntu jammy-updates/main amd64 libpython3.10 amd64 3.10.12-1~22.04.10 [1950 kB]
Get:3 http://archive.ubuntu.com/ubuntu jammy-updates/main amd64 python3.10 amd64 3.10.12-1~22.04.10 [508 kB]
Get:4 http://archive.ubuntu.com/ubuntu jammy-updates/main amd64 libpython3.10-stdlib amd64 3.10.12-1~22.04.10 [1850 kB]
Get:5 http://archive.ubuntu.com/ubuntu jammy-updates/main amd64 python3.10-minimal amd64 3.10.12-1~22.04.10 [2277 kB]
Get:6 http://archive.ubuntu.com/ubuntu jammy-updates/main amd64 libpython3.10-minimal amd64 3.10.12-1~22.04.10 [815 kB]
Get:7 http://archive.ubuntu.com/ubuntu jammy/main amd64 javascript-common all 11+nmu1 [5936 B]
Get:8 http://archive.ubuntu.com/ubuntu jammy-updates/main amd64 libexpat1-dev amd64 2.4.7-1ubuntu0.6 [148 kB]
Get:9 http://archive.ubuntu.com/ubuntu jammy/main amd64 libjs-jquery all 3.6.0+dfsg+~3.5.13-1 [321 kB]
Get:10 http://archive.ubuntu.com/ubuntu jammy/main amd64 libjs-underscore all 1.13.2~dfsg-2 [118 kB]
Get:11 http://archive.ubuntu.com/ubuntu jammy/main amd64 libjs-sphinxdoc all 4.3.2-1 [139 kB]
Get:12 http://archive.ubuntu.com/ubuntu jammy-updates/main amd64 libpython3.10-dev amd64 3.10.12-1~22.04.10 [4763 kB]
Get:13 http://archive.ubuntu.com/ubuntu jammy-updates/main amd64 libpython3-dev amd64 3.10.6-1~22.04.1 [7064 B]
Get:14 http://archive.ubuntu.com/ubuntu jammy-updates/main amd64 python3.10-dev amd64 3.10.12-1~22.04.10 [508 kB]
Get:15 http://archive.ubuntu.com/ubuntu jammy-updates/main amd64 python3-dev amd64 3.10.6-1~22.04.1 [26.0 kB]
Get:16 http://archive.ubuntu.com/ubuntu jammy-updates/universe amd64 python3-wheel all 0.37.1-2ubuntu0.22.04.1 [32.0 kB]
Get:17 http://archive.ubuntu.com/ubuntu jammy-updates/universe amd64 python3-pip all 22.0.2+dfsg-1ubuntu0.6 [1306 kB]
Fetched 14.9 MB in 11s (1413 kB/s)
(Reading database ... 52318 files and directories currently installed.)
Preparing to unpack .../00-libexpat1_2.4.7-1ubuntu0.6_amd64.deb ...
Unpacking libexpat1:amd64 (2.4.7-1ubuntu0.6) over (2.4.7-1ubuntu0.5) ...
Preparing to unpack .../01-libpython3.10_3.10.12-1~22.04.10_amd64.deb ...
Unpacking libpython3.10:amd64 (3.10.12-1~22.04.10) over (3.10.12-1~22.04.7) ...
Preparing to unpack .../02-python3.10_3.10.12-1~22.04.10_amd64.deb ...
Unpacking python3.10 (3.10.12-1~22.04.10) over (3.10.12-1~22.04.7) ...
Preparing to unpack .../03-libpython3.10-stdlib_3.10.12-1~22.04.10_amd64.deb ...
Unpacking libpython3.10-stdlib:amd64 (3.10.12-1~22.04.10) over (3.10.12-1~22.04.7) ...
Preparing to unpack .../04-python3.10-minimal_3.10.12-1~22.04.10_amd64.deb ...
Unpacking python3.10-minimal (3.10.12-1~22.04.10) over (3.10.12-1~22.04.7) ...
Preparing to unpack .../05-libpython3.10-minimal_3.10.12-1~22.04.10_amd64.deb ...
Unpacking libpython3.10-minimal:amd64 (3.10.12-1~22.04.10) over (3.10.12-1~22.04.7) ...
Selecting previously unselected package javascript-common.
Preparing to unpack .../06-javascript-common_11+nmu1_all.deb ...
Unpacking javascript-common (11+nmu1) ...
Selecting previously unselected package libexpat1-dev:amd64.
Preparing to unpack .../07-libexpat1-dev_2.4.7-1ubuntu0.6_amd64.deb ...
Unpacking libexpat1-dev:amd64 (2.4.7-1ubuntu0.6) ...
Selecting previously unselected package libjs-jquery.
Preparing to unpack .../08-libjs-jquery_3.6.0+dfsg+~3.5.13-1_all.deb ...
Unpacking libjs-jquery (3.6.0+dfsg+~3.5.13-1) ...
Selecting previously unselected package libjs-underscore.
Preparing to unpack .../09-libjs-underscore_1.13.2~dfsg-2_all.deb ...
Unpacking libjs-underscore (1.13.2~dfsg-2) ...
Selecting previously unselected package libjs-sphinxdoc.
Preparing to unpack .../10-libjs-sphinxdoc_4.3.2-1_all.deb ...
Unpacking libjs-sphinxdoc (4.3.2-1) ...
Selecting previously unselected package libpython3.10-dev:amd64.
Preparing to unpack .../11-libpython3.10-dev_3.10.12-1~22.04.10_amd64.deb ...
Unpacking libpython3.10-dev:amd64 (3.10.12-1~22.04.10) ...
Selecting previously unselected package libpython3-dev:amd64.
Preparing to unpack .../12-libpython3-dev_3.10.6-1~22.04.1_amd64.deb ...
Unpacking libpython3-dev:amd64 (3.10.6-1~22.04.1) ...
Selecting previously unselected package python3.10-dev.
Preparing to unpack .../13-python3.10-dev_3.10.12-1~22.04.10_amd64.deb ...
Unpacking python3.10-dev (3.10.12-1~22.04.10) ...
Selecting previously unselected package python3-dev.
Preparing to unpack .../14-python3-dev_3.10.6-1~22.04.1_amd64.deb ...
Unpacking python3-dev (3.10.6-1~22.04.1) ...
Selecting previously unselected package python3-wheel.
Preparing to unpack .../15-python3-wheel_0.37.1-2ubuntu0.22.04.1_all.deb ...
Unpacking python3-wheel (0.37.1-2ubuntu0.22.04.1) ...
Selecting previously unselected package python3-pip.
Preparing to unpack .../16-python3-pip_22.0.2+dfsg-1ubuntu0.6_all.deb ...
Unpacking python3-pip (22.0.2+dfsg-1ubuntu0.6) ...
Setting up libexpat1:amd64 (2.4.7-1ubuntu0.6) ...
Setting up javascript-common (11+nmu1) ...
Setting up python3-wheel (0.37.1-2ubuntu0.22.04.1) ...
Setting up libexpat1-dev:amd64 (2.4.7-1ubuntu0.6) ...
Setting up libpython3.10-minimal:amd64 (3.10.12-1~22.04.10) ...
Setting up python3-pip (22.0.2+dfsg-1ubuntu0.6) ...
Setting up libjs-jquery (3.6.0+dfsg+~3.5.13-1) ...
Setting up libjs-underscore (1.13.2~dfsg-2) ...
Setting up python3.10-minimal (3.10.12-1~22.04.10) ...
Setting up libpython3.10-stdlib:amd64 (3.10.12-1~22.04.10) ...
Setting up libjs-sphinxdoc (4.3.2-1) ...
Setting up libpython3.10:amd64 (3.10.12-1~22.04.10) ...
Setting up python3.10 (3.10.12-1~22.04.10) ...
Setting up libpython3.10-dev:amd64 (3.10.12-1~22.04.10) ...
Setting up python3.10-dev (3.10.12-1~22.04.10) ...
Setting up libpython3-dev:amd64 (3.10.6-1~22.04.1) ...
Setting up python3-dev (3.10.6-1~22.04.1) ...
Processing triggers for man-db (2.10.2-1) ...
Processing triggers for libc-bin (2.35-0ubuntu3.8) ...
Package installation complete for package python3-pip
######

######
NOTE: Processing package: python3-pexpect
NOTE: Checking to see if package is already installed...
WARNING: apt does not have a stable CLI interface. Use with caution in scripts.

NOT INSTALLED!
Starting installation of package python3-pexpect
Reading package lists... Done
Building dependency tree... Done
Reading state information... Done
The following additional packages will be installed:
  python3-ptyprocess
Suggested packages:
  python-pexpect-doc
The following NEW packages will be installed:
  python3-pexpect python3-ptyprocess
0 upgraded, 2 newly installed, 0 to remove and 85 not upgraded.
Need to get 62.0 kB of archives.
After this operation, 265 kB of additional disk space will be used.
Get:1 http://archive.ubuntu.com/ubuntu jammy/main amd64 python3-ptyprocess all 0.7.0-3 [15.4 kB]
Get:2 http://archive.ubuntu.com/ubuntu jammy/main amd64 python3-pexpect all 4.8.0-2ubuntu1 [46.7 kB]
Fetched 62.0 kB in 1s (61.4 kB/s)
Selecting previously unselected package python3-ptyprocess.
(Reading database ... 53341 files and directories currently installed.)
Preparing to unpack .../python3-ptyprocess_0.7.0-3_all.deb ...
Unpacking python3-ptyprocess (0.7.0-3) ...
Selecting previously unselected package python3-pexpect.
Preparing to unpack .../python3-pexpect_4.8.0-2ubuntu1_all.deb ...
Unpacking python3-pexpect (4.8.0-2ubuntu1) ...
Setting up python3-ptyprocess (0.7.0-3) ...
Setting up python3-pexpect (4.8.0-2ubuntu1) ...
Package installation complete for package python3-pexpect
######

######
NOTE: Processing package: xz-utils
NOTE: Checking to see if package is already installed...
WARNING: apt does not have a stable CLI interface. Use with caution in scripts.

INSTALLED! Skipping.
Package installation complete for package xz-utils
######

######
NOTE: Processing package: debianutils
NOTE: Checking to see if package is already installed...
WARNING: apt does not have a stable CLI interface. Use with caution in scripts.

INSTALLED! Skipping.
Package installation complete for package debianutils
######

######
NOTE: Processing package: iputils-ping
NOTE: Checking to see if package is already installed...
WARNING: apt does not have a stable CLI interface. Use with caution in scripts.

INSTALLED! Skipping.
Package installation complete for package iputils-ping
######

######
NOTE: Processing package: python3-git
NOTE: Checking to see if package is already installed...
WARNING: apt does not have a stable CLI interface. Use with caution in scripts.

NOT INSTALLED!
Starting installation of package python3-git
Reading package lists... Done
Building dependency tree... Done
Reading state information... Done
The following additional packages will be installed:
  python3-gitdb python3-smmap
Suggested packages:
  python-git-doc python3-nose
The following NEW packages will be installed:
  python3-git python3-gitdb python3-smmap
0 upgraded, 3 newly installed, 0 to remove and 85 not upgraded.
Need to get 198 kB of archives.
After this operation, 940 kB of additional disk space will be used.
Get:1 http://archive.ubuntu.com/ubuntu jammy/universe amd64 python3-smmap all 5.0.0-1 [21.0 kB]
Get:2 http://archive.ubuntu.com/ubuntu jammy/universe amd64 python3-gitdb all 4.0.9-1 [46.5 kB]
Get:3 http://archive.ubuntu.com/ubuntu jammy/universe amd64 python3-git all 3.1.24-1 [130 kB]
Fetched 198 kB in 1s (166 kB/s)
Selecting previously unselected package python3-smmap.
(Reading database ... 53375 files and directories currently installed.)
Preparing to unpack .../python3-smmap_5.0.0-1_all.deb ...
Unpacking python3-smmap (5.0.0-1) ...
Selecting previously unselected package python3-gitdb.
Preparing to unpack .../python3-gitdb_4.0.9-1_all.deb ...
Unpacking python3-gitdb (4.0.9-1) ...
Selecting previously unselected package python3-git.
Preparing to unpack .../python3-git_3.1.24-1_all.deb ...
Unpacking python3-git (3.1.24-1) ...
Setting up python3-smmap (5.0.0-1) ...
Setting up python3-gitdb (4.0.9-1) ...
Setting up python3-git (3.1.24-1) ...
Package installation complete for package python3-git
######

######
NOTE: Processing package: python3-jinja2
NOTE: Checking to see if package is already installed...
WARNING: apt does not have a stable CLI interface. Use with caution in scripts.

NOT INSTALLED!
Starting installation of package python3-jinja2
Reading package lists... Done
Building dependency tree... Done
Reading state information... Done
Suggested packages:
  python-jinja2-doc
The following packages will be upgraded:
  python3-jinja2
1 upgraded, 0 newly installed, 0 to remove and 84 not upgraded.
Need to get 108 kB of archives.
After this operation, 0 B of additional disk space will be used.
Get:1 http://archive.ubuntu.com/ubuntu jammy-updates/main amd64 python3-jinja2 all 3.0.3-1ubuntu0.4 [108 kB]
Fetched 108 kB in 1s (163 kB/s)
(Reading database ... 53487 files and directories currently installed.)
Preparing to unpack .../python3-jinja2_3.0.3-1ubuntu0.4_all.deb ...
Unpacking python3-jinja2 (3.0.3-1ubuntu0.4) over (3.0.3-1ubuntu0.2) ...
Setting up python3-jinja2 (3.0.3-1ubuntu0.4) ...
Package installation complete for package python3-jinja2
######

######
NOTE: Processing package: libegl1-mesa
NOTE: Checking to see if package is already installed...
WARNING: apt does not have a stable CLI interface. Use with caution in scripts.

NOT INSTALLED!
Starting installation of package libegl1-mesa
Reading package lists... Done
Building dependency tree... Done
Reading state information... Done
The following NEW packages will be installed:
  libegl1-mesa
0 upgraded, 1 newly installed, 0 to remove and 84 not upgraded.
Need to get 6484 B of archives.
After this operation, 74.8 kB of additional disk space will be used.
Get:1 http://archive.ubuntu.com/ubuntu jammy-updates/universe amd64 libegl1-mesa amd64 23.0.4-0ubuntu1~22.04.1 [6484 B]
Fetched 6484 B in 0s (43.9 kB/s)
Selecting previously unselected package libegl1-mesa:amd64.
(Reading database ... 53487 files and directories currently installed.)
Preparing to unpack .../libegl1-mesa_23.0.4-0ubuntu1~22.04.1_amd64.deb ...
Unpacking libegl1-mesa:amd64 (23.0.4-0ubuntu1~22.04.1) ...
Setting up libegl1-mesa:amd64 (23.0.4-0ubuntu1~22.04.1) ...
Package installation complete for package libegl1-mesa
######

######
NOTE: Processing package: libsdl1.2-dev
NOTE: Checking to see if package is already installed...
WARNING: apt does not have a stable CLI interface. Use with caution in scripts.

NOT INSTALLED!
Starting installation of package libsdl1.2-dev
Reading package lists... Done
Building dependency tree... Done
Reading state information... Done
The following additional packages will be installed:
  alsa-topology-conf alsa-ucm-conf libasound2 libasound2-data libasound2-dev libasyncns0 libblkid-dev libcaca-dev libcaca0 libffi-dev libflac8 libgl-dev libglib2.0-0 libglib2.0-bin
  libglib2.0-dev libglib2.0-dev-bin libglu1-mesa libglu1-mesa-dev libglx-dev libmount-dev libogg0 libopengl0 libopus0 libpcre16-3 libpcre2-16-0 libpcre2-32-0 libpcre2-dev
  libpcre2-posix3 libpcre3-dev libpcre32-3 libpcrecpp0v5 libpng-dev libpng-tools libpthread-stubs0-dev libpulse-dev libpulse-mainloop-glib0 libpulse0 libsdl1.2debian libselinux1-dev
  libsepol-dev libslang2-dev libsndfile1 libvorbis0a libvorbisenc2 libx11-dev libxau-dev libxcb1-dev libxdmcp-dev libxext-dev pkg-config uuid-dev x11proto-dev xorg-sgml-doctools
  xtrans-dev
Suggested packages:
  libasound2-plugins alsa-utils libasound2-doc libgirepository1.0-dev libglib2.0-doc libxml2-utils opus-tools pulseaudio libx11-doc libxcb-doc libxext-doc
The following NEW packages will be installed:
  alsa-topology-conf alsa-ucm-conf libasound2 libasound2-data libasound2-dev libasyncns0 libblkid-dev libcaca-dev libcaca0 libffi-dev libflac8 libgl-dev libglib2.0-dev
  libglib2.0-dev-bin libglu1-mesa libglu1-mesa-dev libglx-dev libmount-dev libogg0 libopengl0 libopus0 libpcre16-3 libpcre2-16-0 libpcre2-32-0 libpcre2-dev libpcre2-posix3
  libpcre3-dev libpcre32-3 libpcrecpp0v5 libpng-dev libpng-tools libpthread-stubs0-dev libpulse-dev libpulse-mainloop-glib0 libpulse0 libsdl1.2-dev libsdl1.2debian libselinux1-dev
  libsepol-dev libslang2-dev libsndfile1 libvorbis0a libvorbisenc2 libx11-dev libxau-dev libxcb1-dev libxdmcp-dev libxext-dev pkg-config uuid-dev x11proto-dev xorg-sgml-doctools
  xtrans-dev
The following packages will be upgraded:
  libglib2.0-0 libglib2.0-bin
2 upgraded, 53 newly installed, 0 to remove and 82 not upgraded.
Need to get 12.7 MB of archives.
After this operation, 49.3 MB of additional disk space will be used.
Get:1 http://archive.ubuntu.com/ubuntu jammy-updates/main amd64 libglib2.0-bin amd64 2.72.4-0ubuntu2.5 [81.2 kB]
Get:2 http://archive.ubuntu.com/ubuntu jammy-updates/main amd64 libglib2.0-0 amd64 2.72.4-0ubuntu2.5 [1466 kB]
Get:3 http://archive.ubuntu.com/ubuntu jammy/main amd64 alsa-topology-conf all 1.2.5.1-2 [15.5 kB]
Get:4 http://archive.ubuntu.com/ubuntu jammy/main amd64 libasound2-data all 1.2.6.1-1ubuntu1 [19.1 kB]
Get:5 http://archive.ubuntu.com/ubuntu jammy/main amd64 libasound2 amd64 1.2.6.1-1ubuntu1 [390 kB]
Get:6 http://archive.ubuntu.com/ubuntu jammy-updates/main amd64 alsa-ucm-conf all 1.2.6.3-1ubuntu1.12 [43.5 kB]
Get:7 http://archive.ubuntu.com/ubuntu jammy/main amd64 libasound2-dev amd64 1.2.6.1-1ubuntu1 [110 kB]
Get:8 http://archive.ubuntu.com/ubuntu jammy/main amd64 libasyncns0 amd64 0.8-6build2 [12.8 kB]
Get:9 http://archive.ubuntu.com/ubuntu jammy/main amd64 libcaca0 amd64 0.99.beta19-2.2ubuntu4 [224 kB]
Get:10 http://archive.ubuntu.com/ubuntu jammy/main amd64 libpng-dev amd64 1.6.37-3build5 [192 kB]
Get:11 http://archive.ubuntu.com/ubuntu jammy/main amd64 libslang2-dev amd64 2.3.2-5build4 [437 kB]
Get:12 http://archive.ubuntu.com/ubuntu jammy/main amd64 libcaca-dev amd64 0.99.beta19-2.2ubuntu4 [772 kB]
Get:13 http://archive.ubuntu.com/ubuntu jammy/main amd64 libogg0 amd64 1.3.5-0ubuntu3 [22.9 kB]
Get:14 http://archive.ubuntu.com/ubuntu jammy-updates/main amd64 libflac8 amd64 1.3.3-2ubuntu0.2 [111 kB]
Get:15 http://archive.ubuntu.com/ubuntu jammy/main amd64 xorg-sgml-doctools all 1:1.11-1.1 [10.9 kB]
Get:16 http://archive.ubuntu.com/ubuntu jammy/main amd64 x11proto-dev all 2021.5-1 [604 kB]
Get:17 http://archive.ubuntu.com/ubuntu jammy/main amd64 libxau-dev amd64 1:1.0.9-1build5 [9724 B]
Get:18 http://archive.ubuntu.com/ubuntu jammy/main amd64 libxdmcp-dev amd64 1:1.1.3-0ubuntu5 [26.5 kB]
Get:19 http://archive.ubuntu.com/ubuntu jammy/main amd64 xtrans-dev all 1.4.0-1 [68.9 kB]
Get:20 http://archive.ubuntu.com/ubuntu jammy/main amd64 libpthread-stubs0-dev amd64 0.4-1build2 [5516 B]
Get:21 http://archive.ubuntu.com/ubuntu jammy/main amd64 libxcb1-dev amd64 1.14-3ubuntu3 [86.5 kB]
Get:22 http://archive.ubuntu.com/ubuntu jammy-updates/main amd64 libx11-dev amd64 2:1.7.5-1ubuntu0.3 [744 kB]
Get:23 http://archive.ubuntu.com/ubuntu jammy/main amd64 libglx-dev amd64 1.4.0-1 [14.1 kB]
Get:24 http://archive.ubuntu.com/ubuntu jammy/main amd64 libgl-dev amd64 1.4.0-1 [101 kB]
Get:25 http://archive.ubuntu.com/ubuntu jammy/main amd64 libffi-dev amd64 3.4.2-4 [63.7 kB]
Get:26 http://archive.ubuntu.com/ubuntu jammy-updates/main amd64 libglib2.0-dev-bin amd64 2.72.4-0ubuntu2.5 [116 kB]
Get:27 http://archive.ubuntu.com/ubuntu jammy-updates/main amd64 uuid-dev amd64 2.37.2-4ubuntu3.4 [33.1 kB]
Get:28 http://archive.ubuntu.com/ubuntu jammy-updates/main amd64 libblkid-dev amd64 2.37.2-4ubuntu3.4 [185 kB]
Get:29 http://archive.ubuntu.com/ubuntu jammy/main amd64 libsepol-dev amd64 3.3-1build1 [378 kB]
Get:30 http://archive.ubuntu.com/ubuntu jammy-updates/main amd64 libpcre2-16-0 amd64 10.39-3ubuntu0.1 [203 kB]
Get:31 http://archive.ubuntu.com/ubuntu jammy-updates/main amd64 libpcre2-32-0 amd64 10.39-3ubuntu0.1 [194 kB]
Get:32 http://archive.ubuntu.com/ubuntu jammy-updates/main amd64 libpcre2-posix3 amd64 10.39-3ubuntu0.1 [6130 B]
Get:33 http://archive.ubuntu.com/ubuntu jammy-updates/main amd64 libpcre2-dev amd64 10.39-3ubuntu0.1 [730 kB]
Get:34 http://archive.ubuntu.com/ubuntu jammy/main amd64 libselinux1-dev amd64 3.3-1build2 [158 kB]
Get:35 http://archive.ubuntu.com/ubuntu jammy-updates/main amd64 libmount-dev amd64 2.37.2-4ubuntu3.4 [14.5 kB]
Get:36 http://archive.ubuntu.com/ubuntu jammy-updates/main amd64 libpcre16-3 amd64 2:8.39-13ubuntu0.22.04.1 [164 kB]
Get:37 http://archive.ubuntu.com/ubuntu jammy-updates/main amd64 libpcre32-3 amd64 2:8.39-13ubuntu0.22.04.1 [155 kB]
Get:38 http://archive.ubuntu.com/ubuntu jammy-updates/main amd64 libpcrecpp0v5 amd64 2:8.39-13ubuntu0.22.04.1 [16.5 kB]
Get:39 http://archive.ubuntu.com/ubuntu jammy-updates/main amd64 libpcre3-dev amd64 2:8.39-13ubuntu0.22.04.1 [579 kB]
Get:40 http://archive.ubuntu.com/ubuntu jammy/main amd64 pkg-config amd64 0.29.2-1ubuntu3 [48.2 kB]
Get:41 http://archive.ubuntu.com/ubuntu jammy-updates/main amd64 libglib2.0-dev amd64 2.72.4-0ubuntu2.5 [1743 kB]
Get:42 http://archive.ubuntu.com/ubuntu jammy/main amd64 libopengl0 amd64 1.4.0-1 [36.5 kB]
Get:43 http://archive.ubuntu.com/ubuntu jammy/main amd64 libglu1-mesa amd64 9.0.2-1 [145 kB]
Get:44 http://archive.ubuntu.com/ubuntu jammy/main amd64 libglu1-mesa-dev amd64 9.0.2-1 [231 kB]
Get:45 http://archive.ubuntu.com/ubuntu jammy/main amd64 libopus0 amd64 1.3.1-0.1build2 [203 kB]
Get:46 http://archive.ubuntu.com/ubuntu jammy/main amd64 libpng-tools amd64 1.6.37-3build5 [28.7 kB]
Get:47 http://archive.ubuntu.com/ubuntu jammy/main amd64 libvorbis0a amd64 1.3.7-1build2 [99.2 kB]
Get:48 http://archive.ubuntu.com/ubuntu jammy/main amd64 libvorbisenc2 amd64 1.3.7-1build2 [82.6 kB]
Get:49 http://archive.ubuntu.com/ubuntu jammy-updates/main amd64 libsndfile1 amd64 1.0.31-2ubuntu0.2 [196 kB]
Get:50 http://archive.ubuntu.com/ubuntu jammy-updates/main amd64 libpulse0 amd64 1:15.99.1+dfsg1-1ubuntu2.2 [298 kB]
Get:51 http://archive.ubuntu.com/ubuntu jammy-updates/main amd64 libpulse-mainloop-glib0 amd64 1:15.99.1+dfsg1-1ubuntu2.2 [12.4 kB]
Get:52 http://archive.ubuntu.com/ubuntu jammy-updates/main amd64 libpulse-dev amd64 1:15.99.1+dfsg1-1ubuntu2.2 [75.6 kB]
Get:53 http://archive.ubuntu.com/ubuntu jammy/universe amd64 libsdl1.2debian amd64 1.2.15+dfsg2-6 [177 kB]
Get:54 http://archive.ubuntu.com/ubuntu jammy/main amd64 libxext-dev amd64 2:1.3.4-1build1 [84.7 kB]
Get:55 http://archive.ubuntu.com/ubuntu jammy/universe amd64 libsdl1.2-dev amd64 1.2.15+dfsg2-6 [708 kB]
Fetched 12.7 MB in 10s (1233 kB/s)
Extracting templates from packages: 100%
(Reading database ... 53493 files and directories currently installed.)
Preparing to unpack .../00-libglib2.0-bin_2.72.4-0ubuntu2.5_amd64.deb ...
Unpacking libglib2.0-bin (2.72.4-0ubuntu2.5) over (2.72.4-0ubuntu2.4) ...
Preparing to unpack .../01-libglib2.0-0_2.72.4-0ubuntu2.5_amd64.deb ...
Unpacking libglib2.0-0:amd64 (2.72.4-0ubuntu2.5) over (2.72.4-0ubuntu2.4) ...
Selecting previously unselected package alsa-topology-conf.
Preparing to unpack .../02-alsa-topology-conf_1.2.5.1-2_all.deb ...
Unpacking alsa-topology-conf (1.2.5.1-2) ...
Selecting previously unselected package libasound2-data.
Preparing to unpack .../03-libasound2-data_1.2.6.1-1ubuntu1_all.deb ...
Unpacking libasound2-data (1.2.6.1-1ubuntu1) ...
Selecting previously unselected package libasound2:amd64.
Preparing to unpack .../04-libasound2_1.2.6.1-1ubuntu1_amd64.deb ...
Unpacking libasound2:amd64 (1.2.6.1-1ubuntu1) ...
Selecting previously unselected package alsa-ucm-conf.
Preparing to unpack .../05-alsa-ucm-conf_1.2.6.3-1ubuntu1.12_all.deb ...
Unpacking alsa-ucm-conf (1.2.6.3-1ubuntu1.12) ...
Selecting previously unselected package libasound2-dev:amd64.
Preparing to unpack .../06-libasound2-dev_1.2.6.1-1ubuntu1_amd64.deb ...
Unpacking libasound2-dev:amd64 (1.2.6.1-1ubuntu1) ...
Selecting previously unselected package libasyncns0:amd64.
Preparing to unpack .../07-libasyncns0_0.8-6build2_amd64.deb ...
Unpacking libasyncns0:amd64 (0.8-6build2) ...
Selecting previously unselected package libcaca0:amd64.
Preparing to unpack .../08-libcaca0_0.99.beta19-2.2ubuntu4_amd64.deb ...
Unpacking libcaca0:amd64 (0.99.beta19-2.2ubuntu4) ...
Selecting previously unselected package libpng-dev:amd64.
Preparing to unpack .../09-libpng-dev_1.6.37-3build5_amd64.deb ...
Unpacking libpng-dev:amd64 (1.6.37-3build5) ...
Selecting previously unselected package libslang2-dev:amd64.
Preparing to unpack .../10-libslang2-dev_2.3.2-5build4_amd64.deb ...
Unpacking libslang2-dev:amd64 (2.3.2-5build4) ...
Selecting previously unselected package libcaca-dev.
Preparing to unpack .../11-libcaca-dev_0.99.beta19-2.2ubuntu4_amd64.deb ...
Unpacking libcaca-dev (0.99.beta19-2.2ubuntu4) ...
Selecting previously unselected package libogg0:amd64.
Preparing to unpack .../12-libogg0_1.3.5-0ubuntu3_amd64.deb ...
Unpacking libogg0:amd64 (1.3.5-0ubuntu3) ...
Selecting previously unselected package libflac8:amd64.
Preparing to unpack .../13-libflac8_1.3.3-2ubuntu0.2_amd64.deb ...
Unpacking libflac8:amd64 (1.3.3-2ubuntu0.2) ...
Selecting previously unselected package xorg-sgml-doctools.
Preparing to unpack .../14-xorg-sgml-doctools_1%3a1.11-1.1_all.deb ...
Unpacking xorg-sgml-doctools (1:1.11-1.1) ...
Selecting previously unselected package x11proto-dev.
Preparing to unpack .../15-x11proto-dev_2021.5-1_all.deb ...
Unpacking x11proto-dev (2021.5-1) ...
Selecting previously unselected package libxau-dev:amd64.
Preparing to unpack .../16-libxau-dev_1%3a1.0.9-1build5_amd64.deb ...
Unpacking libxau-dev:amd64 (1:1.0.9-1build5) ...
Selecting previously unselected package libxdmcp-dev:amd64.
Preparing to unpack .../17-libxdmcp-dev_1%3a1.1.3-0ubuntu5_amd64.deb ...
Unpacking libxdmcp-dev:amd64 (1:1.1.3-0ubuntu5) ...
Selecting previously unselected package xtrans-dev.
Preparing to unpack .../18-xtrans-dev_1.4.0-1_all.deb ...
Unpacking xtrans-dev (1.4.0-1) ...
Selecting previously unselected package libpthread-stubs0-dev:amd64.
Preparing to unpack .../19-libpthread-stubs0-dev_0.4-1build2_amd64.deb ...
Unpacking libpthread-stubs0-dev:amd64 (0.4-1build2) ...
Selecting previously unselected package libxcb1-dev:amd64.
Preparing to unpack .../20-libxcb1-dev_1.14-3ubuntu3_amd64.deb ...
Unpacking libxcb1-dev:amd64 (1.14-3ubuntu3) ...
Selecting previously unselected package libx11-dev:amd64.
Preparing to unpack .../21-libx11-dev_2%3a1.7.5-1ubuntu0.3_amd64.deb ...
Unpacking libx11-dev:amd64 (2:1.7.5-1ubuntu0.3) ...
Selecting previously unselected package libglx-dev:amd64.
Preparing to unpack .../22-libglx-dev_1.4.0-1_amd64.deb ...
Unpacking libglx-dev:amd64 (1.4.0-1) ...
Selecting previously unselected package libgl-dev:amd64.
Preparing to unpack .../23-libgl-dev_1.4.0-1_amd64.deb ...
Unpacking libgl-dev:amd64 (1.4.0-1) ...
Selecting previously unselected package libffi-dev:amd64.
Preparing to unpack .../24-libffi-dev_3.4.2-4_amd64.deb ...
Unpacking libffi-dev:amd64 (3.4.2-4) ...
Selecting previously unselected package libglib2.0-dev-bin.
Preparing to unpack .../25-libglib2.0-dev-bin_2.72.4-0ubuntu2.5_amd64.deb ...
Unpacking libglib2.0-dev-bin (2.72.4-0ubuntu2.5) ...
Selecting previously unselected package uuid-dev:amd64.
Preparing to unpack .../26-uuid-dev_2.37.2-4ubuntu3.4_amd64.deb ...
Unpacking uuid-dev:amd64 (2.37.2-4ubuntu3.4) ...
Selecting previously unselected package libblkid-dev:amd64.
Preparing to unpack .../27-libblkid-dev_2.37.2-4ubuntu3.4_amd64.deb ...
Unpacking libblkid-dev:amd64 (2.37.2-4ubuntu3.4) ...
Selecting previously unselected package libsepol-dev:amd64.
Preparing to unpack .../28-libsepol-dev_3.3-1build1_amd64.deb ...
Unpacking libsepol-dev:amd64 (3.3-1build1) ...
Selecting previously unselected package libpcre2-16-0:amd64.
Preparing to unpack .../29-libpcre2-16-0_10.39-3ubuntu0.1_amd64.deb ...
Unpacking libpcre2-16-0:amd64 (10.39-3ubuntu0.1) ...
Selecting previously unselected package libpcre2-32-0:amd64.
Preparing to unpack .../30-libpcre2-32-0_10.39-3ubuntu0.1_amd64.deb ...
Unpacking libpcre2-32-0:amd64 (10.39-3ubuntu0.1) ...
Selecting previously unselected package libpcre2-posix3:amd64.
Preparing to unpack .../31-libpcre2-posix3_10.39-3ubuntu0.1_amd64.deb ...
Unpacking libpcre2-posix3:amd64 (10.39-3ubuntu0.1) ...
Selecting previously unselected package libpcre2-dev:amd64.
Preparing to unpack .../32-libpcre2-dev_10.39-3ubuntu0.1_amd64.deb ...
Unpacking libpcre2-dev:amd64 (10.39-3ubuntu0.1) ...
Selecting previously unselected package libselinux1-dev:amd64.
Preparing to unpack .../33-libselinux1-dev_3.3-1build2_amd64.deb ...
Unpacking libselinux1-dev:amd64 (3.3-1build2) ...
Selecting previously unselected package libmount-dev:amd64.
Preparing to unpack .../34-libmount-dev_2.37.2-4ubuntu3.4_amd64.deb ...
Unpacking libmount-dev:amd64 (2.37.2-4ubuntu3.4) ...
Selecting previously unselected package libpcre16-3:amd64.
Preparing to unpack .../35-libpcre16-3_2%3a8.39-13ubuntu0.22.04.1_amd64.deb ...
Unpacking libpcre16-3:amd64 (2:8.39-13ubuntu0.22.04.1) ...
Selecting previously unselected package libpcre32-3:amd64.
Preparing to unpack .../36-libpcre32-3_2%3a8.39-13ubuntu0.22.04.1_amd64.deb ...
Unpacking libpcre32-3:amd64 (2:8.39-13ubuntu0.22.04.1) ...
Selecting previously unselected package libpcrecpp0v5:amd64.
Preparing to unpack .../37-libpcrecpp0v5_2%3a8.39-13ubuntu0.22.04.1_amd64.deb ...
Unpacking libpcrecpp0v5:amd64 (2:8.39-13ubuntu0.22.04.1) ...
Selecting previously unselected package libpcre3-dev:amd64.
Preparing to unpack .../38-libpcre3-dev_2%3a8.39-13ubuntu0.22.04.1_amd64.deb ...
Unpacking libpcre3-dev:amd64 (2:8.39-13ubuntu0.22.04.1) ...
Selecting previously unselected package pkg-config.
Preparing to unpack .../39-pkg-config_0.29.2-1ubuntu3_amd64.deb ...
Unpacking pkg-config (0.29.2-1ubuntu3) ...
Selecting previously unselected package libglib2.0-dev:amd64.
Preparing to unpack .../40-libglib2.0-dev_2.72.4-0ubuntu2.5_amd64.deb ...
Unpacking libglib2.0-dev:amd64 (2.72.4-0ubuntu2.5) ...
Selecting previously unselected package libopengl0:amd64.
Preparing to unpack .../41-libopengl0_1.4.0-1_amd64.deb ...
Unpacking libopengl0:amd64 (1.4.0-1) ...
Selecting previously unselected package libglu1-mesa:amd64.
Preparing to unpack .../42-libglu1-mesa_9.0.2-1_amd64.deb ...
Unpacking libglu1-mesa:amd64 (9.0.2-1) ...
Selecting previously unselected package libglu1-mesa-dev:amd64.
Preparing to unpack .../43-libglu1-mesa-dev_9.0.2-1_amd64.deb ...
Unpacking libglu1-mesa-dev:amd64 (9.0.2-1) ...
Selecting previously unselected package libopus0:amd64.
Preparing to unpack .../44-libopus0_1.3.1-0.1build2_amd64.deb ...
Unpacking libopus0:amd64 (1.3.1-0.1build2) ...
Selecting previously unselected package libpng-tools.
Preparing to unpack .../45-libpng-tools_1.6.37-3build5_amd64.deb ...
Unpacking libpng-tools (1.6.37-3build5) ...
Selecting previously unselected package libvorbis0a:amd64.
Preparing to unpack .../46-libvorbis0a_1.3.7-1build2_amd64.deb ...
Unpacking libvorbis0a:amd64 (1.3.7-1build2) ...
Selecting previously unselected package libvorbisenc2:amd64.
Preparing to unpack .../47-libvorbisenc2_1.3.7-1build2_amd64.deb ...
Unpacking libvorbisenc2:amd64 (1.3.7-1build2) ...
Selecting previously unselected package libsndfile1:amd64.
Preparing to unpack .../48-libsndfile1_1.0.31-2ubuntu0.2_amd64.deb ...
Unpacking libsndfile1:amd64 (1.0.31-2ubuntu0.2) ...
Selecting previously unselected package libpulse0:amd64.
Preparing to unpack .../49-libpulse0_1%3a15.99.1+dfsg1-1ubuntu2.2_amd64.deb ...
Unpacking libpulse0:amd64 (1:15.99.1+dfsg1-1ubuntu2.2) ...
Selecting previously unselected package libpulse-mainloop-glib0:amd64.
Preparing to unpack .../50-libpulse-mainloop-glib0_1%3a15.99.1+dfsg1-1ubuntu2.2_amd64.deb ...
Unpacking libpulse-mainloop-glib0:amd64 (1:15.99.1+dfsg1-1ubuntu2.2) ...
Selecting previously unselected package libpulse-dev:amd64.
Preparing to unpack .../51-libpulse-dev_1%3a15.99.1+dfsg1-1ubuntu2.2_amd64.deb ...
Unpacking libpulse-dev:amd64 (1:15.99.1+dfsg1-1ubuntu2.2) ...
Selecting previously unselected package libsdl1.2debian:amd64.
Preparing to unpack .../52-libsdl1.2debian_1.2.15+dfsg2-6_amd64.deb ...
Unpacking libsdl1.2debian:amd64 (1.2.15+dfsg2-6) ...
Selecting previously unselected package libxext-dev:amd64.
Preparing to unpack .../53-libxext-dev_2%3a1.3.4-1build1_amd64.deb ...
Unpacking libxext-dev:amd64 (2:1.3.4-1build1) ...
Selecting previously unselected package libsdl1.2-dev.
Preparing to unpack .../54-libsdl1.2-dev_1.2.15+dfsg2-6_amd64.deb ...
Unpacking libsdl1.2-dev (1.2.15+dfsg2-6) ...
Setting up libpcrecpp0v5:amd64 (2:8.39-13ubuntu0.22.04.1) ...
Setting up libogg0:amd64 (1.3.5-0ubuntu3) ...
Setting up libcaca0:amd64 (0.99.beta19-2.2ubuntu4) ...
Setting up libpcre16-3:amd64 (2:8.39-13ubuntu0.22.04.1) ...
Setting up libpng-tools (1.6.37-3build5) ...
Setting up libglib2.0-0:amd64 (2.72.4-0ubuntu2.5) ...
Setting up libpng-dev:amd64 (1.6.37-3build5) ...
Setting up libglib2.0-bin (2.72.4-0ubuntu2.5) ...
Setting up libffi-dev:amd64 (3.4.2-4) ...
Setting up libpthread-stubs0-dev:amd64 (0.4-1build2) ...
Setting up libpcre2-16-0:amd64 (10.39-3ubuntu0.1) ...
Setting up libopengl0:amd64 (1.4.0-1) ...
Setting up libflac8:amd64 (1.3.3-2ubuntu0.2) ...
Setting up libasound2-data (1.2.6.1-1ubuntu1) ...
Setting up xtrans-dev (1.4.0-1) ...
Setting up libpcre2-32-0:amd64 (10.39-3ubuntu0.1) ...
Setting up uuid-dev:amd64 (2.37.2-4ubuntu3.4) ...
Setting up libopus0:amd64 (1.3.1-0.1build2) ...
Setting up libpcre32-3:amd64 (2:8.39-13ubuntu0.22.04.1) ...
Setting up libvorbis0a:amd64 (1.3.7-1build2) ...
Setting up pkg-config (0.29.2-1ubuntu3) ...
Setting up libsepol-dev:amd64 (3.3-1build1) ...
Setting up libpcre2-posix3:amd64 (10.39-3ubuntu0.1) ...
Setting up alsa-topology-conf (1.2.5.1-2) ...
Setting up libasyncns0:amd64 (0.8-6build2) ...
Setting up libasound2:amd64 (1.2.6.1-1ubuntu1) ...
Setting up xorg-sgml-doctools (1:1.11-1.1) ...
Setting up libglu1-mesa:amd64 (9.0.2-1) ...
Setting up libasound2-dev:amd64 (1.2.6.1-1ubuntu1) ...
Setting up libvorbisenc2:amd64 (1.3.7-1build2) ...
Setting up x11proto-dev (2021.5-1) ...
Setting up libslang2-dev:amd64 (2.3.2-5build4) ...
Setting up libglib2.0-dev-bin (2.72.4-0ubuntu2.5) ...
Setting up libblkid-dev:amd64 (2.37.2-4ubuntu3.4) ...
Setting up libxau-dev:amd64 (1:1.0.9-1build5) ...
Setting up libpcre2-dev:amd64 (10.39-3ubuntu0.1) ...
Setting up alsa-ucm-conf (1.2.6.3-1ubuntu1.12) ...
Setting up libselinux1-dev:amd64 (3.3-1build2) ...
Setting up libpcre3-dev:amd64 (2:8.39-13ubuntu0.22.04.1) ...
Setting up libxdmcp-dev:amd64 (1:1.1.3-0ubuntu5) ...
Setting up libsndfile1:amd64 (1.0.31-2ubuntu0.2) ...
Setting up libcaca-dev (0.99.beta19-2.2ubuntu4) ...
Setting up libmount-dev:amd64 (2.37.2-4ubuntu3.4) ...
Setting up libxcb1-dev:amd64 (1.14-3ubuntu3) ...
Setting up libpulse0:amd64 (1:15.99.1+dfsg1-1ubuntu2.2) ...
Setting up libx11-dev:amd64 (2:1.7.5-1ubuntu0.3) ...
Setting up libglib2.0-dev:amd64 (2.72.4-0ubuntu2.5) ...
Setting up libpulse-mainloop-glib0:amd64 (1:15.99.1+dfsg1-1ubuntu2.2) ...
Setting up libsdl1.2debian:amd64 (1.2.15+dfsg2-6) ...
Setting up libpulse-dev:amd64 (1:15.99.1+dfsg1-1ubuntu2.2) ...
Setting up libxext-dev:amd64 (2:1.3.4-1build1) ...
Setting up libglx-dev:amd64 (1.4.0-1) ...
Setting up libgl-dev:amd64 (1.4.0-1) ...
Setting up libglu1-mesa-dev:amd64 (9.0.2-1) ...
Setting up libsdl1.2-dev (1.2.15+dfsg2-6) ...
Processing triggers for install-info (6.8-4build1) ...
Processing triggers for libc-bin (2.35-0ubuntu3.8) ...
Processing triggers for man-db (2.10.2-1) ...
Package installation complete for package libsdl1.2-dev
######

######
NOTE: Processing package: pylint3
NOTE: Checking to see if package is already installed...
WARNING: apt does not have a stable CLI interface. Use with caution in scripts.

NOT INSTALLED!
Starting installation of package pylint3
Reading package lists... Done
Building dependency tree... Done
Reading state information... Done
E: Unable to locate package pylint3
Package installation complete for package pylint3
######

INFO: Environment setup complete!
nahid@Nice2behere:~/petalinux$ ls
petalinux-v2024.2-11062026-installer.run  petalinux-v2024.2-11062026-installer.run:Zone.Identifier  plnx-env-setup.sh  plnx-env-setup.sh:Zone.Identifier
nahid@Nice2behere:~/petalinux$ sudo ./petalinux-v2024.2-11062026-installer.run
./petalinux-v2024.2-11062026-installer.run: line 3: warning: setlocale: LC_ALL: cannot change locale (en_US.UTF-8): No such file or directory
PetaLinux CMD tools installer version 2024.2
============================================
/bin/bash: warning: setlocale: LC_ALL: cannot change locale (en_US.UTF-8)
[WARNING] This is not a supported OS
[INFO] Checking free disk space
[INFO] Checking installed tools
[INFO] Checking installed development libraries
[INFO] Checking network and other services
/bin/sh: warning: setlocale: LC_ALL: cannot change locale (en_US.UTF-8)
[WARNING] No tftp server found - please refer to "UG1144  PetaLinux Tools Documentation Reference Guide" for its impact and solution

LICENSE AGREEMENTS

PetaLinux SDK contains software from a number of sources.  Please review
the following licenses and indicate your acceptance of each to continue.

You do not have to accept the licenses, however if you do not then you may
not use PetaLinux SDK.

Use PgUp/PgDn to navigate the license viewer, and press 'q' to close

Press Enter to display the license agreements
Do you accept Xilinx End User License Agreement? [y/N] > y
Do you accept Third Party End User License Agreement? [y/N] > y
Enter target directory for SDK (default: /home/nahid/petalinux):
[WARNING] PetaLinux installation directory: /home/nahid/petalinux is not empty!
[WARNING] If you continue, existing files will be overwritten! Proceed [y/N]? N
ERROR: Installation aborted!
nahid@Nice2behere:~/petalinux$ cd
nahid@Nice2behere:~$ cd /opt/
nahid@Nice2behere:/opt$ mkdir petalinuxUser
mkdir: cannot create directory ‘petalinuxUser’: Permission denied
nahid@Nice2behere:/opt$ sudo mkdir petalinuxUser
nahid@Nice2behere:/opt$ ls
petalinuxUser
nahid@Nice2behere:/opt$ ls -l
total 4
drwxr-xr-x 2 root root 4096 Jul 19 10:31 petalinuxUser
nahid@Nice2behere:/opt$ cd
nahid@Nice2behere:~$ ls -l
total 4
drwxr-xr-x 2 nahid nahid 4096 Jul 19 10:23 petalinux
nahid@Nice2behere:~$ cd
nahid@Nice2behere:~$ pwd
/home/nahid
nahid@Nice2behere:~$ cd ..
nahid@Nice2behere:/home$ cd ..
nahid@Nice2behere:/$ ls
bin  boot  dev  etc  home  init  lib  lib32  lib64  libx32  lost+found  media  mnt  opt  proc  root  run  sbin  snap  srv  sys  tmp  usr  var
nahid@Nice2behere:/$ ls -l opt/petalinuxUser/
total 0
nahid@Nice2behere:/$ ls -l opt/petalinuxUser
total 0
nahid@Nice2behere:/$ cd opt/
nahid@Nice2behere:/opt$ ls -l
total 4
drwxr-xr-x 2 root root 4096 Jul 19 10:31 petalinuxUser
nahid@Nice2behere:/opt$ cd ..
nahid@Nice2behere:/$ ls -l
total 2728
lrwxrwxrwx   1 root root       7 Jan  6  2025 bin -> usr/bin
drwxr-xr-x   2 root root    4096 Apr 18  2022 boot
drwxr-xr-x  15 root root    3900 Jul 19 10:09 dev
drwxr-xr-x  87 root root    4096 Jul 19 10:22 etc
drwxr-xr-x   3 root root    4096 Jul 19 10:09 home
-rwxrwxrwx   1 root root 2724480 Jun  9 14:32 init
lrwxrwxrwx   1 root root       7 Jan  6  2025 lib -> usr/lib
lrwxrwxrwx   1 root root       9 Jan  6  2025 lib32 -> usr/lib32
lrwxrwxrwx   1 root root       9 Jan  6  2025 lib64 -> usr/lib64
lrwxrwxrwx   1 root root      10 Jan  6  2025 libx32 -> usr/libx32
drwx------   2 root root   16384 Jul 19 10:08 lost+found
drwxr-xr-x   2 root root    4096 Jan  6  2025 media
drwxr-xr-x   5 root root    4096 Jul 19 10:08 mnt
drwxr-xr-x   3 root root    4096 Jul 19 10:31 opt
dr-xr-xr-x 313 root root       0 Jul 19 10:09 proc
drwx------   3 root root    4096 Jul 19 10:24 root
drwxr-xr-x  20 root root     600 Jul 19 10:20 run
lrwxrwxrwx   1 root root       8 Jan  6  2025 sbin -> usr/sbin
drwxr-xr-x   2 root root    4096 Jul 19 10:08 snap
drwxr-xr-x   2 root root    4096 Jan  6  2025 srv
dr-xr-xr-x  13 root root       0 Jul 19 10:08 sys
drwxrwxrwt   7 root root    4096 Jul 19 10:24 tmp
drwxr-xr-x  14 root root    4096 Jan  6  2025 usr
drwxr-xr-x  13 root root    4096 Jan  6  2025 var
nahid@Nice2behere:/$ cd opt/
nahid@Nice2behere:/opt$ ls -l
total 4
drwxr-xr-x 2 root root 4096 Jul 19 10:31 petalinuxUser
nahid@Nice2behere:/opt$ sudo chowm petalinuxUser/
sudo: chowm: command not found
nahid@Nice2behere:/opt$ sudo chown nahid:nahid petalinuxUser/
nahid@Nice2behere:/opt$ ls
petalinuxUser
nahid@Nice2behere:/opt$ ls -l
total 4
drwxr-xr-x 2 nahid nahid 4096 Jul 19 10:31 petalinuxUser
nahid@Nice2behere:/opt$ cd
nahid@Nice2behere:~$ ls
petalinux
nahid@Nice2behere:~$ cd ..
nahid@Nice2behere:/home$ ls
nahid
nahid@Nice2behere:/home$ cd nahid/
nahid@Nice2behere:~$ ls
petalinux
nahid@Nice2behere:~$ cd petalinux/
nahid@Nice2behere:~/petalinux$ ls
petalinux-v2024.2-11062026-installer.run                  petalinux_installation.log  plnx-env-setup.sh:Zone.Identifier
petalinux-v2024.2-11062026-installer.run:Zone.Identifier  plnx-env-setup.sh
nahid@Nice2behere:~/petalinux$ ./petalinux-v2024.2-11062026-installer.run
./petalinux-v2024.2-11062026-installer.run: line 3: warning: setlocale: LC_ALL: cannot change locale (en_US.UTF-8): No such file or directory
./petalinux-v2024.2-11062026-installer.run: line 151: /home/nahid/petalinux/petalinux_installation.log: Permission denied
tee: /home/nahid/petalinux/petalinux_installation.log: Permission denied
PetaLinux CMD tools installer version 2024.2
tee: /home/nahid/petalinux/petalinux_installation.log: Permission denied
============================================
tee: /home/nahid/petalinux/petalinux_installation.log: Permission denied
/bin/bash: warning: setlocale: LC_ALL: cannot change locale (en_US.UTF-8)
[WARNING] This is not a supported OS
[INFO] Checking free disk space
[INFO] Checking installed tools
[INFO] Checking installed development libraries
[INFO] Checking network and other services
/bin/sh: warning: setlocale: LC_ALL: cannot change locale (en_US.UTF-8)
[WARNING] No tftp server found - please refer to "UG1144  PetaLinux Tools Documentation Reference Guide" for its impact and solution

LICENSE AGREEMENTS

PetaLinux SDK contains software from a number of sources.  Please review
the following licenses and indicate your acceptance of each to continue.

You do not have to accept the licenses, however if you do not then you may
not use PetaLinux SDK.

Use PgUp/PgDn to navigate the license viewer, and press 'q' to close

Press Enter to display the license agreements
sh: warning: setlocale: LC_ALL: cannot change locale (en_US.UTF-8)
/bin/bash: warning: setlocale: LC_ALL: cannot change locale (en_US.UTF-8)
/bin/sh: warning: setlocale: LC_ALL: cannot change locale (en_US.UTF-8)
Do you accept Xilinx End User License Agreement? [y/N] > y
sh: warning: setlocale: LC_ALL: cannot change locale (en_US.UTF-8)
/bin/bash: warning: setlocale: LC_ALL: cannot change locale (en_US.UTF-8)
/bin/sh: warning: setlocale: LC_ALL: cannot change locale (en_US.UTF-8)
Do you accept Third Party End User License Agreement? [y/N] > y
Enter target directory for SDK (default: /home/nahid/petalinux): /opt/petalinuxUser
./petalinux-v2024.2-11062026-installer.run: line 159: /home/nahid/petalinux/petalinux_installation.log: Permission denied
tee: /home/nahid/petalinux/petalinux_installation.log: Permission denied
[INFO] Installing PetaLinux SDK...tee: /home/nahid/petalinux/petalinux_installation.log: Permission denied
tee: /home/nahid/petalinux/petalinux_installation.log: Permission denied
done
./petalinux-v2024.2-11062026-installer.run: line 159: /home/nahid/petalinux/petalinux_installation.log: Permission denied
tee: /home/nahid/petalinux/petalinux_installation.log: Permission denied
[INFO] Setting it up.../bin/sh: warning: setlocale: LC_ALL: cannot change locale (en_US.UTF-8)
done
./petalinux-v2024.2-11062026-installer.run: line 159: /home/nahid/petalinux/petalinux_installation.log: Permission denied
tee: /home/nahid/petalinux/petalinux_installation.log: Permission denied
[INFO] Extracting xsct tarball...tee: /home/nahid/petalinux/petalinux_installation.log: Permission denied
tee: /home/nahid/petalinux/petalinux_installation.log: Permission denied
done
./petalinux-v2024.2-11062026-installer.run: line 154: /home/nahid/petalinux/petalinux_installation.log: Permission denied
tee: /home/nahid/petalinux/petalinux_installation.log: Permission denied
[INFO] PetaLinux SDK has been successfully set up and is ready to be used.
nahid@Nice2behere:~/petalinux$ cd
nahid@Nice2behere:~$ cd
nahid@Nice2behere:~$ ls
petalinux
nahid@Nice2behere:~$ cd ..
nahid@Nice2behere:/home$ ls
nahid
nahid@Nice2behere:/home$ cd ..
nahid@Nice2behere:/$ ls
bin  boot  dev  etc  home  init  lib  lib32  lib64  libx32  lost+found  media  mnt  opt  proc  root  run  sbin  snap  srv  sys  tmp  usr  var
nahid@Nice2behere:/$ cd opt/
nahid@Nice2behere:/opt$ source /opt/petalinuxUser/settings.sh
*************************************************************************************************************************************************
The PetaLinux source code and images provided/generated are for demonstration purposes only.
Please refer to https://xilinx-wiki.atlassian.net/wiki/spaces/A/pages/2741928025/Moving+from+PetaLinux+to+Production+Deployment
 for more details
*************************************************************************************************************************************************
PetaLinux environment set to '/opt/petalinuxUser'
[WARNING] This is not a supported OS
[INFO] Checking free disk space
[INFO] Checking installed tools
[INFO] Checking installed development libraries
[INFO] Checking network and other services
[WARNING] No tftp server found - please refer to "UG1144 2024.2 PetaLinux Tools Documentation Reference Guide" for its impact and solution
nahid@Nice2behere:/opt$ petalinux-
petalinux-boot     petalinux-build    petalinux-config   petalinux-create   petalinux-devtool  petalinux-package  petalinux-upgrade  petalinux-util
nahid@Nice2behere:/opt$ petalinux-
petalinux-boot     petalinux-build    petalinux-config   petalinux-create   petalinux-devtool  petalinux-package  petalinux-upgrade  petalinux-util
nahid@Nice2behere:/opt$ ls
petalinuxUser
nahid@Nice2behere:/opt$ cd petalinuxUser/
nahid@Nice2behere:/opt/petalinuxUser$ ls
components  licenses  scripts  settings.sh  sysroots  templates
nahid@Nice2behere:/opt/petalinuxUser$ cd ..
nahid@Nice2behere:/opt$ mkdir zedXSA
mkdir: cannot create directory ‘zedXSA’: Permission denied
nahid@Nice2behere:/opt$ ls
petalinuxUser
nahid@Nice2behere:/opt$ ls -l
total 4
drwxr-xr-x 7 nahid nahid 4096 Jul 19 10:36 petalinuxUser
nahid@Nice2behere:/opt$ cd petalinuxUser/
nahid@Nice2behere:/opt/petalinuxUser$ ls
components  licenses  scripts  settings.sh  sysroots  templates
nahid@Nice2behere:/opt/petalinuxUser$ ls -l
total 24
drwxr-xr-x 4 nahid nahid 4096 Jul 19 10:36 components
drwxr-xr-x 2 nahid nahid 4096 Jul 19 10:34 licenses
drwxr-xr-x 4 nahid nahid 4096 Jul 19 10:34 scripts
-rw-r--r-- 1 nahid nahid 3542 Jul 19 10:35 settings.sh
drwxr-xr-x 4 nahid nahid 4096 Jul 19 10:34 sysroots
drwxr-xr-x 5 nahid nahid 4096 Jul 19 10:34 templates
nahid@Nice2behere:/opt/petalinuxUser$ cd ..
nahid@Nice2behere:/opt$ ls
petalinuxUser
nahid@Nice2behere:/opt$ ls -l
total 4
drwxr-xr-x 7 nahid nahid 4096 Jul 19 10:36 petalinuxUser
nahid@Nice2behere:/opt$ cd petalinuxUser/
nahid@Nice2behere:/opt/petalinuxUser$ ls
components  licenses  scripts  settings.sh  sysroots  templates
nahid@Nice2behere:/opt/petalinuxUser$ c d..
c: command not found
nahid@Nice2behere:/opt/petalinuxUser$ cd ..
nahid@Nice2behere:/opt$ ls
petalinuxUser
nahid@Nice2behere:/opt$ sudo mkdir petalinuxZed
nahid@Nice2behere:/opt$ ls
petalinuxUser  petalinuxZed
nahid@Nice2behere:/opt$ ls -l
total 8
drwxr-xr-x 7 nahid nahid 4096 Jul 19 10:36 petalinuxUser
drwxr-xr-x 2 root  root  4096 Jul 19 10:43 petalinuxZed
nahid@Nice2behere:/opt$ sudo chown nahid:nahid petalinuxZed/
nahid@Nice2behere:/opt$ ls -l
total 8
drwxr-xr-x 7 nahid nahid 4096 Jul 19 10:36 petalinuxUser
drwxr-xr-x 2 nahid nahid 4096 Jul 19 10:43 petalinuxZed
nahid@Nice2behere:/opt$ cd petalinuxZed/
nahid@Nice2behere:/opt/petalinuxZed$ ls
nahid@Nice2behere:/opt/petalinuxZed$ ls
nahid@Nice2behere:/opt/petalinuxZed$ petalinux-create --type project --template zynq --name BillLabProject
[NOTE] Argument: "--type project" has been deprecated. It is recommended to start using new python command line Argument.
[NOTE] Use: petalinux-create project [OPTIONS]
[INFO] Create project: BillLabProject
[INFO] New project successfully created in /opt/petalinuxZed/BillLabProject
nahid@Nice2behere:/opt/petalinuxZed$ ls
BillLabProject
nahid@Nice2behere:/opt/petalinuxZed$ cd BillLabProject/
nahid@Nice2behere:/opt/petalinuxZed/BillLabProject$ ls
project-spec
nahid@Nice2behere:/opt/petalinuxZed/BillLabProject$ ls -l
total 4
drwxr-xr-x 5 nahid nahid 4096 Jul 19 10:34 project-spec
nahid@Nice2behere:/opt/petalinuxZed/BillLabProject$ ls -l
total 456
drwxr-xr-x 5 nahid nahid   4096 Jul 19 10:34 project-spec
-rw-r--r-- 1 nahid nahid 457430 Jul 17 16:57 system.xsa
-rw-r--r-- 1 nahid nahid    101 Jul 17 16:57 system.xsa:Zone.Identifier
nahid@Nice2behere:/opt/petalinuxZed/BillLabProject$
nahid@Nice2behere:/opt/petalinuxZed/BillLabProject$ petalinux-config --help
usage: Use petalinux-config [options] {--component <COMPONENT> |--get-hw-description[=SRC]}

Configures the project or the specified component with menuconfig

options:
  -h, --help            show this help message and exit
  -D, --debug           Display the Debug prints
  -p PROJECT_DIR, --project PROJECT_DIR
                        Specify full path to a PetaLinux project.
                        Default is the working project.
  -c RECIPE_NAME, --component RECIPE_NAME
                        Specify the component If no component is specified,
                        it will do top level project configuration.
                        If you specify a component, it will configure it
                        with menuconfig and saves user's config fragments in meta-user.
                        E.g. -c rootfs, -c busybox
  --silentconfig        Takes the default configuration and skips the GUI.
  --get-hw-description HW_FILE
                        Get hardware description file/path.

Examples:
    Sync hardware description from Vivado export to PetaLinux BSP project:
    $ petalinux-config --get-hw-description <Vivado_Export_to_SDK_Directory>
    It will sync up the XSA file from <Vivado_Export_to_SDK_Directory> to project-spec/hw-description/ directory.

    If more than one XSA files in <Vivado_Export_to_SDK_Directory> specify the exact file path using
    $ petalinux-config --get-hw-description <Vivado_Export_to_SDK_Directory>/system.xsa

    Configure PetaLinux project:
    $ petalinux-config

    Configure kernel:
    $ petalinux-config -c kernel

    Configure rootfs:
    $ petalinux-config -c rootfs
nahid@Nice2behere:/opt/petalinuxZed/BillLabProject$ petalinux-config
[ERROR] No XSA/DTS found in /opt/petalinuxZed/BillLabProject/project-spec/hw-description
nahid@Nice2behere:/opt/petalinuxZed/BillLabProject$ ls
build  components  project-spec  system.xsa  system.xsa:Zone.Identifier
nahid@Nice2behere:/opt/petalinuxZed/BillLabProject$ ls -l
total 464
drwxr-xr-x 2 nahid nahid   4096 Jul 19 10:48 build
drwxr-xr-x 3 nahid nahid   4096 Jul 19 10:48 components
drwxr-xr-x 5 nahid nahid   4096 Jul 19 10:34 project-spec
-rw-r--r-- 1 nahid nahid 457430 Jul 17 16:57 system.xsa
-rw-r--r-- 1 nahid nahid    101 Jul 17 16:57 system.xsa:Zone.Identifier
nahid@Nice2behere:/opt/petalinuxZed/BillLabProject$ petalinux-config system.xsa
usage: Use petalinux-config [options] {--component <COMPONENT> |--get-hw-description[=SRC]}
petalinux-config: error: unrecognized arguments: system.xsa
nahid@Nice2behere:/opt/petalinuxZed/BillLabProject$ petalinux-config --get-hw-description=/opt/petalinuxZed/BillLabProject/
[INFO] Getting hardware description
[INFO] Extracting yocto SDK to components/yocto. This may take time!
[INFO] Bitbake is not available, some functionality may be reduced.
[INFO] Using HW file: /opt/petalinuxZed/BillLabProject/project-spec/hw-description/system.xsa
[INFO] Getting Platform info from HW file
[INFO] Generating Kconfig for project
[ERROR]

/opt/petalinuxUser/components/xsct/bin/rdiArgs.sh: line 37: warning: setlocale: LC_ALL: cannot change locale (en_US.UTF-8): No such file or directory
/bin/bash: warning: setlocale: LC_ALL: cannot change locale (en_US.UTF-8)
terminate called after throwing an instance of 'std::runtime_error'
  what():  locale::facet::_S_create_c_locale name not valid
/opt/petalinuxUser/components/xsct/bin/rdiArgs.sh: line 390: 61215 Aborted                 (core dumped) "$RDI_PROG" "$@"


[ERROR] Command gen-machineconf --soc-family zynq --hw-description /opt/petalinuxZed/BillLabProject/project-spec/hw-description/system.xsa --xsct-tool /opt/petalinuxUser/components/xsct --output /opt/petalinuxZed/BillLabProject/project-spec/configs             --add-rootfsconfig /opt/petalinuxZed/BillLabProject/project-spec/meta-user/conf/user-rootfsconfig --petalinux --menuconfig project failed
nahid@Nice2behere:/opt/petalinuxZed/BillLabProject$ sudo apt install locale
Reading package lists... Done
Building dependency tree... Done
Reading state information... Done
E: Unable to locate package locale
nahid@Nice2behere:/opt/petalinuxZed/BillLabProject$ sudo locale-gen en_US.UTF-8
Generating locales (this might take a while)...
  en_US.UTF-8... done
Generation complete.
nahid@Nice2behere:/opt/petalinuxZed/BillLabProject$ sudo dpkg-reconfigure locales
Generating locales (this might take a while)...
  en_US.UTF-8... done
Generation complete.
nahid@Nice2behere:/opt/petalinuxZed/BillLabProject$
nahid@Nice2behere:/opt/petalinuxZed/BillLabProject$
nahid@Nice2behere:/opt/petalinuxZed/BillLabProject$
nahid@Nice2behere:/opt/petalinuxZed/BillLabProject$ petalinux-config --get-hw-description=/opt/petalinuxZed/BillLabProject/
[INFO] Getting hardware description
[INFO] Bitbake is not available, some functionality may be reduced.
[INFO] Using HW file: /opt/petalinuxZed/BillLabProject/project-spec/hw-description/system.xsa
[INFO] Getting Platform info from HW file
[INFO] Generating Kconfig for project
[ERROR]

****** Software Commandline Tool (XSCT) v2024.2.0
  **** SW Build 5233591 on Sat Nov 02 20:05:54 MDT 2024
    ** Copyright 1986-2022 Xilinx, Inc. All Rights Reserved.
    ** Copyright 2022-2024 Advanced Micro Devices, Inc. All Rights Reserved.


Warning: XSCT is deprecated and will be removed in future releases.
We recommend using the new Python command-line tool for project management and debugging:
- Run "vitis -i" for interactive mode.
- Run "vitis -s <script>" for script mode.

package require xsdb FAILED:
error loading hsi package: couldn't load file "libxv_commontasks.so": libtinfo.so.5: cannot open shared object file: No such file or directory
    while executing
"error "error loading hsi package: $msg""
    (file "/opt/petalinuxUser/components/xsct/scripts/xsct/xsdb/xsdb.tcl" line 11)
    invoked from within
"source /opt/petalinuxUser/components/xsct/scripts/xsct/xsdb/xsdb.tcl"
    ("package ifneeded xsdb 0.1" script)

[ERROR] Command gen-machineconf --soc-family zynq --hw-description /opt/petalinuxZed/BillLabProject/project-spec/hw-description/system.xsa --xsct-tool /opt/petalinuxUser/components/xsct --output /opt/petalinuxZed/BillLabProject/project-spec/configs             --add-rootfsconfig /opt/petalinuxZed/BillLabProject/project-spec/meta-user/conf/user-rootfsconfig --petalinux --menuconfig project failed
nahid@Nice2behere:/opt/petalinuxZed/BillLabProject$ sudo apt update
Hit:1 http://archive.ubuntu.com/ubuntu jammy InRelease
Get:2 http://archive.ubuntu.com/ubuntu jammy-updates InRelease [128 kB]
Get:3 http://security.ubuntu.com/ubuntu jammy-security InRelease [129 kB]
Get:4 http://archive.ubuntu.com/ubuntu jammy-backports InRelease [127 kB]
Fetched 384 kB in 1s (339 kB/s)
Reading package lists... Done
Building dependency tree... Done
Reading state information... Done
82 packages can be upgraded. Run 'apt list --upgradable' to see them.
nahid@Nice2behere:/opt/petalinuxZed/BillLabProject$ wget http://security.ubuntu.com/ubuntu/pool/universe/n/ncurses/libtinfo5_6.3-2ubuntu0.1_amd64.deb
--2025-07-19 15:06:33--  http://security.ubuntu.com/ubuntu/pool/universe/n/ncurses/libtinfo5_6.3-2ubuntu0.1_amd64.deb
Resolving security.ubuntu.com... 185.125.190.81, 185.125.190.82, 91.189.91.81, ...
Connecting to security.ubuntu.com|185.125.190.81|:80... connected.
HTTP request sent, awaiting response... 200 OK
Length: 100086 (98K) [application/vnd.debian.binary-package]
Saving to: ‘libtinfo5_6.3-2ubuntu0.1_amd64.deb’

libtinfo5_6.3-2ubuntu0.1_amd64.deb                         100%[======================================================================================================================================>]  97.74K   268KB/s    in 0.4s

2025-07-19 15:06:34 (268 KB/s) - ‘libtinfo5_6.3-2ubuntu0.1_amd64.deb’ saved [100086/100086]

nahid@Nice2behere:/opt/petalinuxZed/BillLabProject$ sudo apt install ./libtinfo5_6.3-2ubuntu0.1_amd64.deb
Reading package lists... Done
Building dependency tree... Done
Reading state information... Done
Note, selecting 'libtinfo5' instead of './libtinfo5_6.3-2ubuntu0.1_amd64.deb'
The following NEW packages will be installed:
  libtinfo5
0 upgraded, 1 newly installed, 0 to remove and 82 not upgraded.
Need to get 100 kB of archives.
After this operation, 557 kB of additional disk space will be used.
Get:1 http://archive.ubuntu.com/ubuntu jammy-updates/universe amd64 libtinfo5 amd64 6.3-2ubuntu0.1 [100 kB]
Fetched 100 kB in 1s (155 kB/s)
Selecting previously unselected package libtinfo5:amd64.
(Reading database ... 56611 files and directories currently installed.)
Preparing to unpack .../libtinfo5_6.3-2ubuntu0.1_amd64.deb ...
Unpacking libtinfo5:amd64 (6.3-2ubuntu0.1) ...
Setting up libtinfo5:amd64 (6.3-2ubuntu0.1) ...
Processing triggers for libc-bin (2.35-0ubuntu3.8) ...
nahid@Nice2behere:/opt/petalinuxZed/BillLabProject$
nahid@Nice2behere:/opt/petalinuxZed/BillLabProject$
nahid@Nice2behere:/opt/petalinuxZed/BillLabProject$
nahid@Nice2behere:/opt/petalinuxZed/BillLabProject$
nahid@Nice2behere:/opt/petalinuxZed/BillLabProject$ petalinux-config --get-hw-description=/opt/petalinuxZed/BillLabProject/
[INFO] Getting hardware description
[INFO] Bitbake is not available, some functionality may be reduced.
[INFO] Using HW file: /opt/petalinuxZed/BillLabProject/project-spec/hw-description/system.xsa
[INFO] Getting Platform info from HW file
[INFO] Generating Kconfig for project
[INFO] Menuconfig project
[INFO] Generating kconfig for rootfs
[INFO] Silentconfig rootfs
[INFO] Generating configuration files
[INFO] Adding user layers
[INFO] Generating machine conf file
[INFO] Generating plnxtool conf file
[INFO] Generating workspace directory
NOTE: Starting bitbake server...
NOTE: Started PRServer with DBfile: /opt/petalinuxZed/BillLabProject/build/cache/prserv.sqlite3, Address: 127.0.0.1:40757, PID: 62684
INFO: Specified workspace already set up, leaving as-is
INFO: Enabling workspace layer in bblayers.conf
[INFO] Successfully configured project
nahid@Nice2behere:/opt/petalinuxZed/BillLabProject$ petalinux-build
[INFO] Building project
[INFO] Bitbake is not available, some functionality may be reduced.
[INFO] Using HW file: /opt/petalinuxZed/BillLabProject/project-spec/hw-description/system.xsa
[INFO] Getting Platform info from HW file
[INFO] Silentconfig project
[INFO] Silentconfig rootfs
[INFO] Generating configuration files
[INFO] Generating workspace directory
NOTE: Starting bitbake server...
NOTE: Started PRServer with DBfile: /opt/petalinuxZed/BillLabProject/build/cache/prserv.sqlite3, Address: 127.0.0.1:44637, PID: 62827
INFO: Specified workspace already set up, leaving as-is
[INFO] bitbake petalinux-image-minimal
NOTE: Started PRServer with DBfile: /opt/petalinuxZed/BillLabProject/build/cache/prserv.sqlite3, Address: 127.0.0.1:39223, PID: 62886
WARNING: XSCT has been deprecated. It will still be available for several releases. In the future, it's recommended to start new projects with SDT workflow.
WARNING: You are running bitbake under WSLv2, this works properly but you should optimize your VHDX file eventually to avoid running out of storage space
Loading cache: 100% |                                                                                                                                                                                                     | ETA:  --:--:--
Loaded 0 entries from dependency cache.
Parsing recipes: 100% |#########################################################################################################################################################################################| Time: 0:01:20
Parsing of 5800 .bb files complete (0 cached, 5800 parsed). 8454 targets, 1106 skipped, 27 masked, 0 errors.
NOTE: Resolving any missing task queue dependencies
NOTE: Fetching uninative binary shim file:///opt/petalinuxZed/BillLabProject/components/yocto/downloads/uninative/6bf00154c5a7bc48adbf63fd17684bb87eb07f4814fbb482a3fbd817c1ccf4c5/x86_64-nativesdk-libc-4.6.tar.xz;sha256sum=6bf00154c5a7bc48adbf63fd17684bb87eb07f4814fbb482a3fbd817c1ccf4c5 (will check PREMIRRORS first)
Checking sstate mirror object availability: 100% |##############################################################################################################################################################| Time: 0:01:07
Sstate summary: Wanted 2724 Local 0 Mirrors 2516 Missed 208 Current 0 (92% match, 0% complete)
NOTE: Executing Tasks
NOTE: Tasks Summary: Attempted 6008 tasks of which 5251 didn't need to be rerun and all succeeded.

Summary: There were 2 WARNING messages.
[INFO] Failed to copy built images to tftp dir: /tftpboot
[INFO] Successfully built project
nahid@Nice2behere:/opt/petalinuxZed/BillLabProject$
nahid@Nice2behere:/opt/petalinuxZed/BillLabProject$
nahid@Nice2behere:/opt/petalinuxZed/BillLabProject$
nahid@Nice2behere:/opt/petalinuxZed/BillLabProject$
nahid@Nice2behere:/opt/petalinuxZed/BillLabProject$ petalinux-boot --qemu --kernel
[NOTE] Argument: "--qemu" has been deprecated. It is recommended to start using new python command line Argument.
[NOTE] Use: petalinux-boot qemu [OPTIONS]
[INFO] Set QEMU tftp to "/tftpboot"
[INFO] qemu-system-aarch64 -M arm-generic-fdt-7series -machine linux=on  -serial /dev/null -serial mon:stdio -display none  -dtb /opt/petalinuxZed/BillLabProject/images/linux/system.dtb -kernel /opt/petalinuxZed/BillLabProject/images/linux/zImage -initrd /opt/petalinuxZed/BillLabProject/images/linux/rootfs.cpio.gz.u-boot -gdb tcp:localhost:9000  -net nic,netdev=eth0 -netdev user,id=eth0,tftp=/tftpboot -device loader,addr=0xf8000008,data=0xDF0D,data-len=4 -device loader,addr=0xf8000140,data=0x00500801,data-len=4 -device loader,addr=0xf800012c,data=0x1ed044d,data-len=4 -device loader,addr=0xf8000108,data=0x0001e008,data-len=4 -device loader,addr=0xF8000910,data=0xF,data-len=0x4
qemu-system-aarch64: warning: nic ethernet@e000c000 has no peer
Booting Linux on physical CPU 0x0
Linux version 6.6.40-xilinx-g2b7f6f70a62a (oe-user@oe-host) (arm-xilinx-linux-gnueabi-gcc (GCC) 13.3.0, GNU ld (GNU Binutils) 2.42.0.20240716) #1 SMP PREEMPT Tue Oct 29 11:52:30 UTC 2024
CPU: ARMv7 Processor [413fc090] revision 0 (ARMv7), cr=10c5387d
CPU: PIPT / VIPT nonaliasing data cache, VIPT nonaliasing instruction cache
OF: fdt: Machine model: xlnx,zynq-7000
earlycon: cdns0 at MMIO 0xe0001000 (options '115200n8')
printk: bootconsole [cdns0] enabled
Memory policy: Data cache writealloc
cma: Reserved 16 MiB at 0x1f000000 on node -1
Zone ranges:
  Normal   [mem 0x0000000000000000-0x000000001fffffff]
  HighMem  empty
Movable zone start for each node
Early memory node ranges
  node   0: [mem 0x0000000000000000-0x000000001fffffff]
Initmem setup node 0 [mem 0x0000000000000000-0x000000001fffffff]
percpu: Embedded 12 pages/cpu s17940 r8192 d23020 u49152
Kernel command line: console=ttyPS0,115200 earlycon root=/dev/ram0 rw
Dentry cache hash table entries: 65536 (order: 6, 262144 bytes, linear)
Inode-cache hash table entries: 32768 (order: 5, 131072 bytes, linear)
Built 1 zonelists, mobility grouping on.  Total pages: 130048
mem auto-init: stack:all(zero), heap alloc:off, heap free:off
Memory: 465728K/524288K available (7168K kernel code, 251K rwdata, 2128K rodata, 1024K init, 146K bss, 42176K reserved, 16384K cma-reserved, 0K highmem)
SLUB: HWalign=64, Order=0-3, MinObjects=0, CPUs=2, Nodes=1
rcu: Preemptible hierarchical RCU implementation.
rcu:    RCU event tracing is enabled.
rcu:    RCU restricting CPUs from NR_CPUS=4 to nr_cpu_ids=2.
rcu: RCU calculated value of scheduler-enlistment delay is 10 jiffies.
rcu: Adjusting geometry for rcu_fanout_leaf=16, nr_cpu_ids=2
NR_IRQS: 16, nr_irqs: 16, preallocated irqs: 16
efuse mapped to (ptrval)
slcr mapped to (ptrval)
GIC physical location is 0xf8f01000
L2C: platform modifies aux control register: 0x00000000 -> 0x00400000
L2C: DT/platform modifies aux control register: 0x00000000 -> 0x00400000
L2C-310 errata 588369 769419 enabled
L2C-310 full line of zeros enabled for Cortex-A9
L2C-310 cache controller enabled, 8 ways, 64 kB
L2C-310: CACHE_ID 0x00000000, AUX_CTRL 0x00000000
rcu: srcu_init: Setting srcu_struct sizes based on contention.
zynq_clock_init: clkc starts at (ptrval)
Zynq clock init
sched_clock: 64 bits at 108MHz, resolution 9ns, wraps every 4398046511099ns
clocksource: arm_global_timer: mask: 0xffffffffffffffff max_cycles: 0x18fc27f592, max_idle_ns: 440795203333 ns
Switching to timer-based delay loop, resolution 9ns
Console: colour dummy device 80x30
Calibrating delay loop (skipped), value calculated using timer frequency.. 216.66 BogoMIPS (lpj=1083333)
CPU: Testing write buffer coherency: ok
CPU0: Spectre v2: using BPIALL workaround
pid_max: default: 32768 minimum: 301
Mount-cache hash table entries: 1024 (order: 0, 4096 bytes, linear)
Mountpoint-cache hash table entries: 1024 (order: 0, 4096 bytes, linear)
CPU0: thread -1, cpu 0, socket 0, mpidr 80000000
Setting up static identity map for 0x100000 - 0x100060
rcu: Hierarchical SRCU implementation.
rcu:    Max phase no-delay instances is 1000.
smp: Bringing up secondary CPUs ...
CPU1: thread -1, cpu 1, socket 0, mpidr 80000001
CPU1: Spectre v2: using BPIALL workaround
smp: Brought up 1 node, 2 CPUs
SMP: Total of 2 processors activated (433.33 BogoMIPS).
CPU: All CPU(s) started in SVC mode.
devtmpfs: initialized
VFP support v0.3: implementor 41 architecture 3 part 30 variant 9 rev 0
clocksource: jiffies: mask: 0xffffffff max_cycles: 0xffffffff, max_idle_ns: 19112604462750000 ns
futex hash table entries: 512 (order: 3, 32768 bytes, linear)
pinctrl core: initialized pinctrl subsystem
NET: Registered PF_NETLINK/PF_ROUTE protocol family
DMA: preallocated 256 KiB pool for atomic coherent allocations
thermal_sys: Registered thermal governor 'step_wise'
cpuidle: using governor menu
platform axi: Fixed dependency cycle(s) with /axi/interrupt-controller@f8f01000
platform replicator: Fixed dependency cycle(s) with /axi/etb@f8801000
amba f8801000.etb: Fixed dependency cycle(s) with /replicator
platform replicator: Fixed dependency cycle(s) with /axi/tpiu@f8803000
amba f8803000.tpiu: Fixed dependency cycle(s) with /replicator
platform replicator: Fixed dependency cycle(s) with /axi/funnel@f8804000
amba f8804000.funnel: Fixed dependency cycle(s) with /axi/ptm@f889d000
amba f8804000.funnel: Fixed dependency cycle(s) with /axi/ptm@f889c000
amba f8804000.funnel: Fixed dependency cycle(s) with /replicator
amba f8804000.funnel: Fixed dependency cycle(s) with /axi/ptm@f889c000
amba f889c000.ptm: Fixed dependency cycle(s) with /axi/funnel@f8804000
amba f8804000.funnel: Fixed dependency cycle(s) with /axi/ptm@f889d000
amba f889d000.ptm: Fixed dependency cycle(s) with /axi/funnel@f8804000
hw-breakpoint: debug architecture 0x4 unsupported.
e0001000.serial: ttyPS0 at MMIO 0xe0001000 (irq = 26, base_baud = 992063) is a xuartps
printk: console [ttyPS0] enabled
printk: console [ttyPS0] enabled
printk: bootconsole [cdns0] disabled
printk: bootconsole [cdns0] disabled
SCSI subsystem initialized
usbcore: registered new interface driver usbfs
usbcore: registered new interface driver hub
usbcore: registered new device driver usb
mc: Linux media interface: v0.10
videodev: Linux video capture interface: v2.00
pps_core: LinuxPPS API ver. 1 registered
pps_core: Software ver. 5.3.6 - Copyright 2005-2007 Rodolfo Giometti <giometti@linux.it>
PTP clock support registered
EDAC MC: Ver: 3.0.0
FPGA manager framework
Advanced Linux Sound Architecture Driver Initialized.
vgaarb: loaded
clocksource: Switched to clocksource arm_global_timer
NET: Registered PF_INET protocol family
IP idents hash table entries: 8192 (order: 4, 65536 bytes, linear)
tcp_listen_portaddr_hash hash table entries: 512 (order: 0, 4096 bytes, linear)
Table-perturb hash table entries: 65536 (order: 6, 262144 bytes, linear)
TCP established hash table entries: 4096 (order: 2, 16384 bytes, linear)
TCP bind hash table entries: 4096 (order: 4, 65536 bytes, linear)
TCP: Hash tables configured (established 4096 bind 4096)
UDP hash table entries: 256 (order: 1, 8192 bytes, linear)
UDP-Lite hash table entries: 256 (order: 1, 8192 bytes, linear)
NET: Registered PF_UNIX/PF_LOCAL protocol family
RPC: Registered named UNIX socket transport module.
RPC: Registered udp transport module.
RPC: Registered tcp transport module.
RPC: Registered tcp-with-tls transport module.
RPC: Registered tcp NFSv4.1 backchannel transport module.
PCI: CLS 0 bytes, default 64
armv7-pmu f8891000.pmu: hw perfevents: no interrupt-affinity property, guessing.
hw perfevents: enabled with armv7_cortex_a9 PMU driver, 7 counters available
Trying to unpack rootfs image as initramfs...
workingset: timestamp_bits=30 max_order=17 bucket_order=0
jffs2: version 2.2. (NAND) (SUMMARY)  © 2001-2006 Red Hat, Inc.
io scheduler mq-deadline registered
io scheduler kyber registered
io scheduler bfq registered
zynq-pinctrl 700.pinctrl: zynq pinctrl initialized
dma-pl330 f8003000.dma-controller: Loaded driver for PL330 DMAC-241330
dma-pl330 f8003000.dma-controller:      DBUFF-256x8bytes Num_Chans-8 Num_Peri-4 Num_Events-16
brd: module loaded
loop: module loaded
spi_master spi0: cannot find modalias for /axi/spi@e000d000/flash@0
spi_master spi0: Failed to create SPI device for /axi/spi@e000d000/flash@0
CAN device driver interface
Freeing initrd memory: 25256K
macb e000b000.ethernet eth0: Cadence GEM rev 0x00020118 at 0xe000b000 irq 40 (00:0a:35:00:1e:53)
e1000e: Intel(R) PRO/1000 Network Driver
e1000e: Copyright(c) 1999 - 2015 Intel Corporation.
usbcore: registered new interface driver usb-storage
i2c_dev: i2c /dev entries driver
cdns-wdt f8005000.watchdog: Xilinx Watchdog Timer with timeout 10s
EDAC MC: ECC not enabled
Xilinx Zynq CpuIdle Driver started
sdhci: Secure Digital Host Controller Interface driver
sdhci: Copyright(c) Pierre Ossman
sdhci-pltfm: SDHCI platform and OF driver helper
ledtrig-cpu: registered to indicate activity on CPUs
clocksource: ttc_clocksource: mask: 0xffff max_cycles: 0xffff, max_idle_ns: 826992825 ns
timer #0 at (ptrval), irq=43
usbcore: registered new interface driver usbhid
usbhid: USB HID core driver
fpga_manager fpga0: Xilinx Zynq FPGA Manager registered
NET: Registered PF_INET6 protocol family
Segment Routing with IPv6
In-situ OAM (IOAM) with IPv6
sit: IPv6, IPv4 and MPLS over IPv4 tunneling driver
NET: Registered PF_PACKET protocol family
can: controller area network core
NET: Registered PF_CAN protocol family
can: raw protocol
can: broadcast manager protocol
can: netlink gateway - max_hops=1
Registering SWP/SWPB emulation handler
of-fpga-region fpga-region: FPGA Region probed
of_cfs_init
of_cfs_init: OK
clk: Disabling unused clocks
ALSA device list:
  No soundcards found.
mmc0: SDHCI controller on e0100000.mmc [e0100000.mmc] using ADMA 64-bit
Freeing unused kernel image (initmem) memory: 1024K
Run /init as init process
INIT: version 3.04 booting
Starting udev
udevd[75]: starting version 3.2.14
random: crng init done
udevd[76]: starting eudev-3.2.14
macb e000b000.ethernet enx000a35001e53: renamed from eth0
hwclock: can't open '/dev/misc/rtc': No such file or directory
Fri Mar  9 12:34:56 UTC 2018
hwclock: can't open '/dev/misc/rtc': No such file or directory
hwclock: can't open '/dev/misc/rtc': No such file or directory
INIT: Entering runlevel: 5
Configuring network interfaces... udhcpc: SIOCGIFINDEX: No such device
ifup: failed to bring up eth0
udhcpc: started, v1.36.1
macb e000b000.ethernet enx000a35001e53: PHY [e000b000.ethernet-ffffffff:00] driver [Marvell 88E1111] (irq=POLL)
macb e000b000.ethernet enx000a35001e53: configuring for phy/rgmii-id link mode
Marvell 88E1111 e000b000.ethernet-ffffffff:00: Downshift occurred from negotiated speed 1Gbps to actual speed 100Mbps, check cabling!
macb e000b000.ethernet enx000a35001e53: Link is Up - 100Mbps/Full - flow control tx
udhcpc: broadcasting discover
udhcpc: broadcasting select for 10.0.2.15, server 10.0.2.2
udhcpc: lease of 10.0.2.15 obtained from 10.0.2.2, lease time 86400
/etc/udhcpc.d/50default: Adding DNS 10.0.2.3
Starting OpenBSD Secure Shell server: sshd
  generating ssh RSA host key...
  generating ssh ECDSA host key...
  generating ssh ED25519 host key...
done.
Starting rpcbind daemon...done.
starting statd: done
Starting internet superserver: inetd.
NFS daemon support not enabled in kernel
Starting syslogd/klogd: done
Starting tcf-agent: OK

********************************************************************************************
The PetaLinux source code and images provided/generated are for demonstration purposes only.
Please refer to https://xilinx-wiki.atlassian.net/wiki/spaces/A/pages/2741928025/Moving+from+PetaLinux+to+Production+Deployment
for more details.
********************************************************************************************
PetaLinux 2024.2+release-S11061705 BillLabProject ttyPS0

BillLabProject login: petalinuxamba f8801000.etb: deferred probe pending
amba f8803000.tpiu: deferred probe pending
amba f8804000.funnel: deferred probe pending
amba f889c000.ptm: deferred probe pending
amba f889d000.ptm: deferred probe pending

You are required to change your password immediately (administrator enforced).
New password:iloveyou
Retype new password:iloveyou
BillLabProject:~$ ls
BillLabProject:~$ ifconfig
enx000a35001e53 Link encap:Ethernet  HWaddr 00:0A:35:00:1E:53
          inet addr:10.0.2.15  Bcast:10.0.2.255  Mask:255.255.255.0
          inet6 addr: fec0::20a:35ff:fe00:1e53/64 Scope:Site
          inet6 addr: fe80::20a:35ff:fe00:1e53/64 Scope:Link
          UP BROADCAST RUNNING MULTICAST  MTU:1500  Metric:1
          RX packets:3 errors:0 dropped:0 overruns:0 frame:0
          TX packets:14 errors:0 dropped:0 overruns:0 carrier:0
          collisions:0 txqueuelen:1000
          RX bytes:1248 (1.2 KiB)  TX bytes:2132 (2.0 KiB)
          Interrupt:40 Base address:0xb000

lo        Link encap:Local Loopback
          inet addr:127.0.0.1  Mask:255.0.0.0
          inet6 addr: ::1/128 Scope:Host
          UP LOOPBACK RUNNING  MTU:65536  Metric:1
          RX packets:2 errors:0 dropped:0 overruns:0 frame:0
          TX packets:2 errors:0 dropped:0 overruns:0 carrier:0
          collisions:0 txqueuelen:1000
          RX bytes:140 (140.0 B)  TX bytes:140 (140.0 B)

BillLabProject:~$